D:\4DS4\MCUXpressoIDE_11.5.0_7232\workspace\frdmk66f_hello_world_lab1_exp2\CMSIS/core_cm4.h:1679:22:__NVIC_EnableIRQ	16	static
D:\4DS4\MCUXpressoIDE_11.5.0_7232\workspace\frdmk66f_hello_world_lab1_exp2\drivers/fsl_common_arm.h:499:24:EnableIRQ	24	static
D:\4DS4\MCUXpressoIDE_11.5.0_7232\workspace\frdmk66f_hello_world_lab1_exp2\drivers/fsl_uart.h:667:23:UART_ReadByte	16	static
D:\4DS4\MCUXpressoIDE_11.5.0_7232\workspace\frdmk66f_hello_world_lab1_exp2\drivers/fsl_ftm.h:731:20:FTM_StartTimer	24	static
D:\4DS4\MCUXpressoIDE_11.5.0_7232\workspace\frdmk66f_hello_world_lab1_exp2\drivers/fsl_ftm.h:1027:20:FTM_SetSoftwareTrigger	16	static
../source/hello_world.c:263:6:UART4_RX_TX_IRQHandler	8	static
../source/hello_world.c:269:6:setupUART	24	static
../source/hello_world.c:288:6:setupPWM	64	static
../source/hello_world.c:323:6:updatePWM_dutyCycle	32	static
../source/hello_world.c:412:5:main	64	static
