Archive member included to satisfy reference by file (symbol)

d:/mcuxpressoide_11.5.0_7232/ide/plugins/com.nxp.mcuxpresso.tools.win32_11.5.0.202107051138/tools/bin/../lib/gcc/arm-none-eabi/10.3.1/../../../../arm-none-eabi/lib/thumb/v7e-m+fp/hard\libcr_semihost_nf.a(_cr__main.o)
                              ./startup/startup_mk66f18.o (__main)
d:/mcuxpressoide_11.5.0_7232/ide/plugins/com.nxp.mcuxpresso.tools.win32_11.5.0.202107051138/tools/bin/../lib/gcc/arm-none-eabi/10.3.1/../../../../arm-none-eabi/lib/thumb/v7e-m+fp/hard\libcr_c.a(memcpy.o)
                              ./drivers/fsl_ftfx_cache.o (memcpy)
d:/mcuxpressoide_11.5.0_7232/ide/plugins/com.nxp.mcuxpresso.tools.win32_11.5.0.202107051138/tools/bin/../lib/gcc/arm-none-eabi/10.3.1/../../../../arm-none-eabi/lib/thumb/v7e-m+fp/hard\libcr_c.a(memset.o)
                              ./drivers/fsl_ftfx_cache.o (memset)
d:/mcuxpressoide_11.5.0_7232/ide/plugins/com.nxp.mcuxpresso.tools.win32_11.5.0.202107051138/tools/bin/../lib/gcc/arm-none-eabi/10.3.1/../../../../arm-none-eabi/lib/thumb/v7e-m+fp/hard\libcr_c.a(alloc.o)
                              ./drivers/fsl_common.o (malloc)
d:/mcuxpressoide_11.5.0_7232/ide/plugins/com.nxp.mcuxpresso.tools.win32_11.5.0.202107051138/tools/bin/../lib/gcc/arm-none-eabi/10.3.1/../../../../arm-none-eabi/lib/thumb/v7e-m+fp/hard\libcr_c.a(initio.o)
                              d:/mcuxpressoide_11.5.0_7232/ide/plugins/com.nxp.mcuxpresso.tools.win32_11.5.0.202107051138/tools/bin/../lib/gcc/arm-none-eabi/10.3.1/../../../../arm-none-eabi/lib/thumb/v7e-m+fp/hard\libcr_semihost_nf.a(_cr__main.o) (_initio)
d:/mcuxpressoide_11.5.0_7232/ide/plugins/com.nxp.mcuxpresso.tools.win32_11.5.0.202107051138/tools/bin/../lib/gcc/arm-none-eabi/10.3.1/../../../../arm-none-eabi/lib/thumb/v7e-m+fp/hard\libcr_c.a(printf.o)
                              ./utilities/fsl_assert.o (_printf)
d:/mcuxpressoide_11.5.0_7232/ide/plugins/com.nxp.mcuxpresso.tools.win32_11.5.0.202107051138/tools/bin/../lib/gcc/arm-none-eabi/10.3.1/../../../../arm-none-eabi/lib/thumb/v7e-m+fp/hard\libcr_c.a(scanf.o)
                              ./source/hello_world.o (scanf)
d:/mcuxpressoide_11.5.0_7232/ide/plugins/com.nxp.mcuxpresso.tools.win32_11.5.0.202107051138/tools/bin/../lib/gcc/arm-none-eabi/10.3.1/../../../../arm-none-eabi/lib/thumb/v7e-m+fp/hard\libcr_c.a(setvbuf.o)
                              d:/mcuxpressoide_11.5.0_7232/ide/plugins/com.nxp.mcuxpresso.tools.win32_11.5.0.202107051138/tools/bin/../lib/gcc/arm-none-eabi/10.3.1/../../../../arm-none-eabi/lib/thumb/v7e-m+fp/hard\libcr_c.a(initio.o) (setvbuf)
d:/mcuxpressoide_11.5.0_7232/ide/plugins/com.nxp.mcuxpresso.tools.win32_11.5.0.202107051138/tools/bin/../lib/gcc/arm-none-eabi/10.3.1/../../../../arm-none-eabi/lib/thumb/v7e-m+fp/hard\libcr_c.a(strlen.o)
                              d:/mcuxpressoide_11.5.0_7232/ide/plugins/com.nxp.mcuxpresso.tools.win32_11.5.0.202107051138/tools/bin/../lib/gcc/arm-none-eabi/10.3.1/../../../../arm-none-eabi/lib/thumb/v7e-m+fp/hard\libcr_c.a(printf.o) (strlen)
d:/mcuxpressoide_11.5.0_7232/ide/plugins/com.nxp.mcuxpresso.tools.win32_11.5.0.202107051138/tools/bin/../lib/gcc/arm-none-eabi/10.3.1/../../../../arm-none-eabi/lib/thumb/v7e-m+fp/hard\libcr_c.a(ungetc.o)
                              d:/mcuxpressoide_11.5.0_7232/ide/plugins/com.nxp.mcuxpresso.tools.win32_11.5.0.202107051138/tools/bin/../lib/gcc/arm-none-eabi/10.3.1/../../../../arm-none-eabi/lib/thumb/v7e-m+fp/hard\libcr_c.a(scanf.o) (ungetc)
d:/mcuxpressoide_11.5.0_7232/ide/plugins/com.nxp.mcuxpresso.tools.win32_11.5.0.202107051138/tools/bin/../lib/gcc/arm-none-eabi/10.3.1/../../../../arm-none-eabi/lib/thumb/v7e-m+fp/hard\libcr_c.a(__fillbuf.o)
                              d:/mcuxpressoide_11.5.0_7232/ide/plugins/com.nxp.mcuxpresso.tools.win32_11.5.0.202107051138/tools/bin/../lib/gcc/arm-none-eabi/10.3.1/../../../../arm-none-eabi/lib/thumb/v7e-m+fp/hard\libcr_c.a(scanf.o) (__filbuf)
d:/mcuxpressoide_11.5.0_7232/ide/plugins/com.nxp.mcuxpresso.tools.win32_11.5.0.202107051138/tools/bin/../lib/gcc/arm-none-eabi/10.3.1/../../../../arm-none-eabi/lib/thumb/v7e-m+fp/hard\libcr_c.a(__init_alloc.o)
                              d:/mcuxpressoide_11.5.0_7232/ide/plugins/com.nxp.mcuxpresso.tools.win32_11.5.0.202107051138/tools/bin/../lib/gcc/arm-none-eabi/10.3.1/../../../../arm-none-eabi/lib/thumb/v7e-m+fp/hard\libcr_c.a(alloc.o) (__heaps)
d:/mcuxpressoide_11.5.0_7232/ide/plugins/com.nxp.mcuxpresso.tools.win32_11.5.0.202107051138/tools/bin/../lib/gcc/arm-none-eabi/10.3.1/../../../../arm-none-eabi/lib/thumb/v7e-m+fp/hard\libcr_c.a(_cr_sbrk.o)
                              d:/mcuxpressoide_11.5.0_7232/ide/plugins/com.nxp.mcuxpresso.tools.win32_11.5.0.202107051138/tools/bin/../lib/gcc/arm-none-eabi/10.3.1/../../../../arm-none-eabi/lib/thumb/v7e-m+fp/hard\libcr_c.a(alloc.o) (_sbrk)
[...]
Memory Configuration

Name             Origin             Length             Attributes
PROGRAM_FLASH    0x00000000         0x00200000         xr
SRAM_UPPER       0x20000000         0x00030000         xrw
SRAM_LOWER       0x1fff0000         0x00010000         xrw
FLEX_RAM         0x14000000         0x00001000         xrw
*default*        0x00000000         0xffffffff

Linker script and memory map

LOAD ./utilities/fsl_assert.o
LOAD ./utilities/fsl_debug_console.o
LOAD ./startup/startup_mk66f18.o
LOAD ./source/hello_world.o
LOAD ./source/semihost_hardfault.o
LOAD ./drivers/fsl_clock.o
LOAD ./drivers/fsl_common.o
LOAD ./drivers/fsl_common_arm.o
LOAD ./drivers/fsl_ftfx_cache.o
LOAD ./drivers/fsl_ftfx_controller.o
LOAD ./drivers/fsl_ftfx_flash.o
LOAD ./drivers/fsl_ftfx_flexnvm.o
LOAD ./drivers/fsl_ftm.o
LOAD ./drivers/fsl_gpio.o
LOAD ./drivers/fsl_lpuart.o
LOAD ./drivers/fsl_smc.o
LOAD ./drivers/fsl_uart.o
LOAD ./device/system_MK66F18.o
LOAD ./component/uart/fsl_adapter_uart.o
LOAD ./component/lists/fsl_component_generic_list.o
LOAD ./board/board.o
LOAD ./board/clock_config.o
LOAD ./board/pin_mux.o
START GROUP
LOAD d:/mcuxpressoide_11.5.0_7232/ide/plugins/com.nxp.mcuxpresso.tools.win32_11.5.0.202107051138/tools/bin/../lib/gcc/arm-none-eabi/10.3.1/../../../../arm-none-eabi/lib/thumb/v7e-m+fp/hard\libcr_semihost_nf.a
LOAD d:/mcuxpressoide_11.5.0_7232/ide/plugins/com.nxp.mcuxpresso.tools.win32_11.5.0.202107051138/tools/bin/../lib/gcc/arm-none-eabi/10.3.1/../../../../arm-none-eabi/lib/thumb/v7e-m+fp/hard\libcr_c.a
LOAD d:/mcuxpressoide_11.5.0_7232/ide/plugins/com.nxp.mcuxpresso.tools.win32_11.5.0.202107051138/tools/bin/../lib/gcc/arm-none-eabi/10.3.1/thumb/v7e-m+fp/hard\libcr_eabihelpers.a
LOAD d:/mcuxpressoide_11.5.0_7232/ide/plugins/com.nxp.mcuxpresso.tools.win32_11.5.0.202107051138/tools/bin/../lib/gcc/arm-none-eabi/10.3.1/thumb/v7e-m+fp/hard\libgcc.a
END GROUP
                0x00000000                __base_PROGRAM_FLASH = 0x0
                0x00000000                __base_Flash = 0x0
                0x00200000                __top_PROGRAM_FLASH = 0x200000
                0x00200000                __top_Flash = 0x200000
                0x20000000                __base_SRAM_UPPER = 0x20000000
                0x20000000                __base_RAM = 0x20000000
                0x20030000                __top_SRAM_UPPER = 0x20030000
                0x20030000                __top_RAM = 0x20030000
                0x1fff0000                __base_SRAM_LOWER = 0x1fff0000
                0x1fff0000                __base_RAM2 = 0x1fff0000
                0x20000000                __top_SRAM_LOWER = 0x20000000
                0x20000000                __top_RAM2 = 0x20000000
                0x14000000                __base_FLEX_RAM = 0x14000000
                0x14000000                __base_RAM3 = 0x14000000
                0x14001000                __top_FLEX_RAM = 0x14001000
                0x14001000                __top_RAM3 = 0x14001000

.text           0x00000000     0x4b60
 FILL mask 0xff
                0x00000000                __vectors_start__ = ABSOLUTE (.)
 *(SORT_BY_ALIGNMENT(.isr_vector))
 .isr_vector    0x00000000      0x1d0 ./startup/startup_mk66f18.o
                0x00000000                g_pfnVectors
                0x00000000                __Vectors
                0x000001d0                . = ALIGN (0x4)
                0x000001d0                __section_table_start = .
                0x000001d0                __data_section_table = .
                0x000001d0        0x4 LONG 0x4b60 LOADADDR (.data)
                0x000001d4        0x4 LONG 0x20000000 ADDR (.data)
                0x000001d8        0x4 LONG 0x18 SIZEOF (.data)
                0x000001dc        0x4 LONG 0x4b60 LOADADDR (.data_RAM2)
                0x000001e0        0x4 LONG 0x1fff0000 ADDR (.data_RAM2)
                0x000001e4        0x4 LONG 0x0 SIZEOF (.data_RAM2)
                0x000001e8        0x4 LONG 0x4b60 LOADADDR (.data_RAM3)
                0x000001ec        0x4 LONG 0x14000000 ADDR (.data_RAM3)
                0x000001f0        0x4 LONG 0x0 SIZEOF (.data_RAM3)
                0x000001f4                __data_section_table_end = .
                0x000001f4                __bss_section_table = .
                0x000001f4        0x4 LONG 0x20000018 ADDR (.bss)
                0x000001f8        0x4 LONG 0xf0 SIZEOF (.bss)
                0x000001fc        0x4 LONG 0x1fff0000 ADDR (.bss_RAM2)
                0x00000200        0x4 LONG 0x0 SIZEOF (.bss_RAM2)
                0x00000204        0x4 LONG 0x14000000 ADDR (.bss_RAM3)
                0x00000208        0x4 LONG 0x0 SIZEOF (.bss_RAM3)
                0x0000020c                __bss_section_table_end = .
                0x0000020c                __section_table_end = .
 *(SORT_BY_ALIGNMENT(.after_vectors*))
 .after_vectors.reset
                0x0000020c       0x4c ./startup/startup_mk66f18.o
                0x0000020c                ResetISR
 .after_vectors.init_data
                0x00000258       0x1e ./startup/startup_mk66f18.o
                0x00000258                data_init
 .after_vectors.init_bss
                0x00000276       0x12 ./startup/startup_mk66f18.o
                0x00000276                bss_init
 .after_vectors
                0x00000288       0x14 ./startup/startup_mk66f18.o
                0x00000288                NMI_Handler
                0x0000028c                MemManage_Handler
                0x0000028e                BusFault_Handler
                0x00000290                UsageFault_Handler
                0x00000292                SVC_Handler
                0x00000294                DebugMon_Handler
                0x00000296                PendSV_Handler
                0x00000298                SysTick_Handler
                0x0000029a                DMA_Error_DriverIRQHandler
                0x0000029a                FTM1_DriverIRQHandler
                0x0000029a                FTM2_DriverIRQHandler
                0x0000029a                PIT2_DriverIRQHandler
                0x0000029a                TPM2_DriverIRQHandler
                0x0000029a                SDHC_DriverIRQHandler
                0x0000029a                DMA7_DMA23_DriverIRQHandler
                0x0000029a                I2C3_DriverIRQHandler
                0x0000029a                I2S0_Tx_DriverIRQHandler
                0x0000029a                TSI0_DriverIRQHandler
                0x0000029a                RTC_Seconds_DriverIRQHandler
                0x0000029a                CMP3_DriverIRQHandler
                0x0000029a                LLWU_DriverIRQHandler
                0x0000029a                MCM_DriverIRQHandler
                0x0000029a                DMA14_DMA30_DriverIRQHandler
                0x0000029a                MCG_DriverIRQHandler
                0x0000029a                ENET_1588_Timer_DriverIRQHandler
                0x0000029a                I2C2_DriverIRQHandler
                0x0000029a                DAC1_DriverIRQHandler
                0x0000029a                LPTMR0_DriverIRQHandler
                0x0000029a                CMP1_DriverIRQHandler
                0x0000029a                USBHSDCD_DriverIRQHandler
                0x0000029a                DMA0_DMA16_DriverIRQHandler
                0x0000029a                FTM0_DriverIRQHandler
                0x0000029a                IntDefaultHandler
                0x0000029a                USB0_DriverIRQHandler
                0x0000029a                PORTC_DriverIRQHandler
                0x0000029a                DMA2_DMA18_DriverIRQHandler
                0x0000029a                DAC0_DriverIRQHandler
                0x0000029a                CMP2_DriverIRQHandler
                0x0000029a                UART2_ERR_DriverIRQHandler
                0x0000029a                SPI2_DriverIRQHandler
                0x0000029a                LVD_LVW_DriverIRQHandler
                0x0000029a                Reserved84_DriverIRQHandler
                0x0000029a                SPI1_DriverIRQHandler
                0x0000029a                RNG_DriverIRQHandler
                0x0000029a                USBDCD_DriverIRQHandler
                0x0000029a                UART3_ERR_DriverIRQHandler
                0x0000029a                DMA12_DMA28_DriverIRQHandler
                0x0000029a                DMA10_DMA26_DriverIRQHandler
                0x0000029a                UART0_ERR_DriverIRQHandler
                0x0000029a                CMT_DriverIRQHandler
                0x0000029a                Reserved71_DriverIRQHandler
                0x0000029a                ADC1_DriverIRQHandler
                0x0000029a                PORTA_DriverIRQHandler
                0x0000029a                DMA1_DMA17_DriverIRQHandler
                0x0000029a                PIT3_DriverIRQHandler
                0x0000029a                PIT1_DriverIRQHandler
                0x0000029a                TPM1_DriverIRQHandler
                0x0000029a                WDOG_EWM_DriverIRQHandler
                0x0000029a                PDB0_DriverIRQHandler
                0x0000029a                DMA8_DMA24_DriverIRQHandler
                0x0000029a                DMA6_DMA22_DriverIRQHandler
                0x0000029a                RTC_DriverIRQHandler
                0x0000029a                I2S0_Rx_DriverIRQHandler
                0x0000029a                Read_Collision_DriverIRQHandler
                0x0000029a                SWI_DriverIRQHandler
                0x0000029a                UART4_ERR_DriverIRQHandler
                0x0000029a                PORTB_DriverIRQHandler
                0x0000029a                DMA13_DMA29_DriverIRQHandler
                0x0000029a                DMA11_DMA27_DriverIRQHandler
                0x0000029a                DMA4_DMA20_DriverIRQHandler
                0x0000029a                DMA9_DMA25_DriverIRQHandler
                0x0000029a                I2C1_DriverIRQHandler
                0x0000029a                ENET_Receive_DriverIRQHandler
                0x0000029a                DMA3_DMA19_DriverIRQHandler
                0x0000029a                ENET_Error_DriverIRQHandler
                0x0000029a                Reserved85_DriverIRQHandler
                0x0000029a                SPI0_DriverIRQHandler
                0x0000029a                ADC0_DriverIRQHandler
                0x0000029a                USBHS_DriverIRQHandler
                0x0000029a                CMP0_DriverIRQHandler
                0x0000029a                CAN0_DriverIRQHandler
                0x0000029a                FTM3_DriverIRQHandler
                0x0000029a                DMA5_DMA21_DriverIRQHandler
                0x0000029a                PIT0_DriverIRQHandler
                0x0000029a                DMA15_DMA31_DriverIRQHandler
                0x0000029a                UART1_ERR_DriverIRQHandler
                0x0000029a                ENET_Transmit_DriverIRQHandler
                0x0000029a                PORTD_DriverIRQHandler
                0x0000029a                Reserved46_DriverIRQHandler
                0x0000029a                PORTE_DriverIRQHandler
                0x0000029a                FTFE_DriverIRQHandler
                0x0000029a                I2C0_DriverIRQHandler
                0x0000029a                CAN1_DriverIRQHandler
                0x00000400                . = 0x400
 *fill*         0x0000029c      0x164 ff
                0x00000400                PROVIDE (__FLASH_CONFIG_START__ = .)
 *(SORT_BY_ALIGNMENT(.FlashConfig))
 .FlashConfig   0x00000400       0x10 ./startup/startup_mk66f18.o
                0x00000400                Flash_Config
                0x00000410                PROVIDE (__FLASH_CONFIG_END__ = .)
                0x00000001                ASSERT (! ((__FLASH_CONFIG_START__ == __FLASH_CONFIG_END__)), Linker Flash Config Support Enabled, but no .FlashConfig section provided within application)
 *(SORT_BY_ALIGNMENT(.text*))
 .text.main     0x00000410      0x11c ./source/hello_world.o
                0x00000410                main
 *fill*         0x0000052c        0x4 ff
 .text.vfscanf  0x00000530      0x990 d:/mcuxpressoide_11.5.0_7232/ide/plugins/com.nxp.mcuxpresso.tools.win32_11.5.0.202107051138/tools/bin/../lib/gcc/arm-none-eabi/10.3.1/../../../../arm-none-eabi/lib/thumb/v7e-m+fp/hard\libcr_c.a(scanf.o)
                0x00000530                vfscanf
 .text._frexpl  0x00000ec0       0x68 d:/mcuxpressoide_11.5.0_7232/ide/plugins/com.nxp.mcuxpresso.tools.win32_11.5.0.202107051138/tools/bin/../lib/gcc/arm-none-eabi/10.3.1/../../../../arm-none-eabi/lib/thumb/v7e-m+fp/hard\libcr_c.a(_frexpl.o)
                0x00000ec0                _frexpl
 .text._ldexpl  0x00000f28       0x5c d:/mcuxpressoide_11.5.0_7232/ide/plugins/com.nxp.mcuxpresso.tools.win32_11.5.0.202107051138/tools/bin/../lib/gcc/arm-none-eabi/10.3.1/../../../../arm-none-eabi/lib/thumb/v7e-m+fp/hard\libcr_c.a(_ldexpl.o)
                0x00000f28                _ldexpl
 .text.__assertion_failed
                0x00000f84       0x18 ./utilities/fsl_assert.o
                0x00000f84                __assertion_failed
 .text.setupPWM
                0x00000f9c       0xc8 ./source/hello_world.o
                0x00000f9c                setupPWM
 .text.updatePWM_dutyCycle
                0x00001064       0x74 ./source/hello_world.o
                0x00001064                updatePWM_dutyCycle
 .text.CLOCK_SetEr32kClock
                0x000010d8       0x30 ./drivers/fsl_clock.o
 .text.CLOCK_SetPllFllSelClock
                0x00001108       0x54 ./drivers/fsl_clock.o
 .text.CLOCK_GetMcgExtClkFreq
                0x0000115c       0x7c ./drivers/fsl_clock.o
 .text.CLOCK_GetFllExtRefClkFreq
                0x000011d8       0xb0 ./drivers/fsl_clock.o
 .text.CLOCK_GetInternalRefClkSelectFreq
                0x00001288       0x4c ./drivers/fsl_clock.o
 .text.CLOCK_GetFllRefClkFreq
                0x000012d4       0x34 ./drivers/fsl_clock.o
 .text.CLOCK_GetOsc0ErClkUndivFreq
                0x00001308       0x44 ./drivers/fsl_clock.o
                0x00001308                CLOCK_GetOsc0ErClkUndivFreq
 .text.CLOCK_GetOsc0ErClkDivFreq
                0x0000134c       0x58 ./drivers/fsl_clock.o
                0x0000134c                CLOCK_GetOsc0ErClkDivFreq
 .text.CLOCK_GetEr32kClkFreq
                0x000013a4       0x74 ./drivers/fsl_clock.o
                0x000013a4                CLOCK_GetEr32kClkFreq
 .text.CLOCK_GetPllFllSelClkFreq
                0x00001418       0x90 ./drivers/fsl_clock.o
                0x00001418                CLOCK_GetPllFllSelClkFreq
 .text.CLOCK_GetFreq
                0x000014a8      0x148 ./drivers/fsl_clock.o
                0x000014a8                CLOCK_GetFreq
 .text.CLOCK_SetSimConfig
                0x000015f0       0x40 ./drivers/fsl_clock.o
                0x000015f0                CLOCK_SetSimConfig
 .text.CLOCK_GetOutClkFreq
                0x00001630       0x90 ./drivers/fsl_clock.o
                0x00001630                CLOCK_GetOutClkFreq
 .text.CLOCK_GetFllFreq
                0x000016c0       0x84 ./drivers/fsl_clock.o
                0x000016c0                CLOCK_GetFllFreq
 .text.CLOCK_GetInternalRefClkFreq
                0x00001744       0x30 ./drivers/fsl_clock.o
                0x00001744                CLOCK_GetInternalRefClkFreq
 .text.CLOCK_GetPll0Freq
                0x00001774       0x7c ./drivers/fsl_clock.o
                0x00001774                CLOCK_GetPll0Freq
 .text.CLOCK_GetExtPllFreq
                0x000017f0       0x18 ./drivers/fsl_clock.o
                0x000017f0                CLOCK_GetExtPllFreq
 .text.CLOCK_SetExternalRefClkConfig
                0x00001808       0x6c ./drivers/fsl_clock.o
                0x00001808                CLOCK_SetExternalRefClkConfig
 .text.CLOCK_SetInternalRefClkConfig
                0x00001874      0x104 ./drivers/fsl_clock.o
                0x00001874                CLOCK_SetInternalRefClkConfig
 .text.FTM_GetInstance
                0x00001978       0x54 ./drivers/fsl_ftm.o
 .text.FTM_SetPwmSync
                0x000019cc      0x140 ./drivers/fsl_ftm.o
 .text.FTM_SetReloadPoints
                0x00001b0c      0x138 ./drivers/fsl_ftm.o
 .text.FTM_Init
                0x00001c44       0xf4 ./drivers/fsl_ftm.o
                0x00001c44                FTM_Init
 .text.FTM_GetDefaultConfig
                0x00001d38       0x74 ./drivers/fsl_ftm.o
                0x00001d38                FTM_GetDefaultConfig
 .text.FTM_SetupPwm
                0x00001dac      0x334 ./drivers/fsl_ftm.o
                0x00001dac                FTM_SetupPwm
 .text.LPUART0_DriverIRQHandler
                0x000020e0       0x28 ./drivers/fsl_lpuart.o
                0x000020e0                LPUART0_DriverIRQHandler
 .text.UART0_DriverIRQHandler
                0x00002108       0x28 ./drivers/fsl_uart.o
                0x00002108                UART0_DriverIRQHandler
 .text.UART1_DriverIRQHandler
                0x00002130       0x28 ./drivers/fsl_uart.o
                0x00002130                UART1_DriverIRQHandler
 .text.UART2_DriverIRQHandler
                0x00002158       0x28 ./drivers/fsl_uart.o
                0x00002158                UART2_DriverIRQHandler
 .text.UART3_DriverIRQHandler
                0x00002180       0x28 ./drivers/fsl_uart.o
                0x00002180                UART3_DriverIRQHandler
 .text.UART4_DriverIRQHandler
                0x000021a8       0x28 ./drivers/fsl_uart.o
                0x000021a8                UART4_DriverIRQHandler
 .text.SystemInit
                0x000021d0       0x3c ./device/system_MK66F18.o
                0x000021d0                SystemInit
 .text.CLOCK_SetSimSafeDivs
                0x0000220c       0x24 ./board/clock_config.o
 .text.CLOCK_CONFIG_SetFllExtRefDiv
                0x00002230       0x3c ./board/clock_config.o
 .text.BOARD_BootClockRUN
                0x0000226c       0x3c ./board/clock_config.o
                0x0000226c                BOARD_BootClockRUN
 .text.BOARD_InitPins
                0x000022a8       0x44 ./board/pin_mux.o
                0x000022a8                BOARD_InitPins
 .text.malloc   0x000022ec       0xc8 d:/mcuxpressoide_11.5.0_7232/ide/plugins/com.nxp.mcuxpresso.tools.win32_11.5.0.202107051138/tools/bin/../lib/gcc/arm-none-eabi/10.3.1/../../../../arm-none-eabi/lib/thumb/v7e-m+fp/hard\libcr_c.a(alloc.o)
                0x000022ec                malloc
 .text._Csys_alloc
                0x000023b4       0x20 d:/mcuxpressoide_11.5.0_7232/ide/plugins/com.nxp.mcuxpresso.tools.win32_11.5.0.202107051138/tools/bin/../lib/gcc/arm-none-eabi/10.3.1/../../../../arm-none-eabi/lib/thumb/v7e-m+fp/hard\libcr_c.a(alloc.o)
                0x000023b4                _Csys_alloc
 .text._initio  0x000023d4       0x78 d:/mcuxpressoide_11.5.0_7232/ide/plugins/com.nxp.mcuxpresso.tools.win32_11.5.0.202107051138/tools/bin/../lib/gcc/arm-none-eabi/10.3.1/../../../../arm-none-eabi/lib/thumb/v7e-m+fp/hard\libcr_c.a(initio.o)
                0x000023d4                _initio
 .text.__vfprintf
                0x0000244c      0xbf8 d:/mcuxpressoide_11.5.0_7232/ide/plugins/com.nxp.mcuxpresso.tools.win32_11.5.0.202107051138/tools/bin/../lib/gcc/arm-none-eabi/10.3.1/../../../../arm-none-eabi/lib/thumb/v7e-m+fp/hard\libcr_c.a(printf.o)
                0x0000244c                __vfprintf
 .text._vsnprintf
                0x00003044       0x68 d:/mcuxpressoide_11.5.0_7232/ide/plugins/com.nxp.mcuxpresso.tools.win32_11.5.0.202107051138/tools/bin/../lib/gcc/arm-none-eabi/10.3.1/../../../../arm-none-eabi/lib/thumb/v7e-m+fp/hard\libcr_c.a(printf.o)
                0x00003044                _vsnprintf
 .text._printf  0x000030ac       0x54 d:/mcuxpressoide_11.5.0_7232/ide/plugins/com.nxp.mcuxpresso.tools.win32_11.5.0.202107051138/tools/bin/../lib/gcc/arm-none-eabi/10.3.1/../../../../arm-none-eabi/lib/thumb/v7e-m+fp/hard\libcr_c.a(printf.o)
                0x000030ac                _printf
 .text.ch_val   0x00003100       0x30 d:/mcuxpressoide_11.5.0_7232/ide/plugins/com.nxp.mcuxpresso.tools.win32_11.5.0.202107051138/tools/bin/../lib/gcc/arm-none-eabi/10.3.1/../../../../arm-none-eabi/lib/thumb/v7e-m+fp/hard\libcr_c.a(scanf.o)
 .text.cr_rd_int
                0x00003130      0x1a8 d:/mcuxpressoide_11.5.0_7232/ide/plugins/com.nxp.mcuxpresso.tools.win32_11.5.0.202107051138/tools/bin/../lib/gcc/arm-none-eabi/10.3.1/../../../../arm-none-eabi/lib/thumb/v7e-m+fp/hard\libcr_c.a(scanf.o)
 .text.scanf    0x000032d8       0x20 d:/mcuxpressoide_11.5.0_7232/ide/plugins/com.nxp.mcuxpresso.tools.win32_11.5.0.202107051138/tools/bin/../lib/gcc/arm-none-eabi/10.3.1/../../../../arm-none-eabi/lib/thumb/v7e-m+fp/hard\libcr_c.a(scanf.o)
                0x000032d8                scanf
 .text.__filbuf
                0x000032f8      0x178 d:/mcuxpressoide_11.5.0_7232/ide/plugins/com.nxp.mcuxpresso.tools.win32_11.5.0.202107051138/tools/bin/../lib/gcc/arm-none-eabi/10.3.1/../../../../arm-none-eabi/lib/thumb/v7e-m+fp/hard\libcr_c.a(__fillbuf.o)
                0x000032f8                __filbuf
 .text._sbrk    0x00003470       0x3c d:/mcuxpressoide_11.5.0_7232/ide/plugins/com.nxp.mcuxpresso.tools.win32_11.5.0.202107051138/tools/bin/../lib/gcc/arm-none-eabi/10.3.1/../../../../arm-none-eabi/lib/thumb/v7e-m+fp/hard\libcr_c.a(_cr_sbrk.o)
                0x00003470                _sbrk
 .text._Cwritebuf
                0x000034ac       0x6c d:/mcuxpressoide_11.5.0_7232/ide/plugins/com.nxp.mcuxpresso.tools.win32_11.5.0.202107051138/tools/bin/../lib/gcc/arm-none-eabi/10.3.1/../../../../arm-none-eabi/lib/thumb/v7e-m+fp/hard\libcr_c.a(_writebuf.o)
                0x000034ac                _Cwritebuf
 .text.fflush   0x00003518       0x3c d:/mcuxpressoide_11.5.0_7232/ide/plugins/com.nxp.mcuxpresso.tools.win32_11.5.0.202107051138/tools/bin/../lib/gcc/arm-none-eabi/10.3.1/../../../../arm-none-eabi/lib/thumb/v7e-m+fp/hard\libcr_c.a(fflush.o)
                0x00003518                fflush
 .text.fseek    0x00003554       0xfc d:/mcuxpressoide_11.5.0_7232/ide/plugins/com.nxp.mcuxpresso.tools.win32_11.5.0.202107051138/tools/bin/../lib/gcc/arm-none-eabi/10.3.1/../../../../arm-none-eabi/lib/thumb/v7e-m+fp/hard\libcr_c.a(fseek.o)
                0x00003554                fseek
 .text.ftell    0x00003650       0x44 d:/mcuxpressoide_11.5.0_7232/ide/plugins/com.nxp.mcuxpresso.tools.win32_11.5.0.202107051138/tools/bin/../lib/gcc/arm-none-eabi/10.3.1/../../../../arm-none-eabi/lib/thumb/v7e-m+fp/hard\libcr_c.a(ftell.o)
                0x00003650                ftell
 .text.__check_heap_overflow
                0x00003694       0x18 d:/mcuxpressoide_11.5.0_7232/ide/plugins/com.nxp.mcuxpresso.tools.win32_11.5.0.202107051138/tools/bin/../lib/gcc/arm-none-eabi/10.3.1/../../../../arm-none-eabi/lib/thumb/v7e-m+fp/hard\libcr_c.a(_cr_check_heap.o)
                0x00003694                __check_heap_overflow
 .text.__aeabi_dmul
                0x000036ac       0xfc d:/mcuxpressoide_11.5.0_7232/ide/plugins/com.nxp.mcuxpresso.tools.win32_11.5.0.202107051138/tools/bin/../lib/gcc/arm-none-eabi/10.3.1/thumb/v7e-m+fp/hard\libcr_eabihelpers.a(double.o)
                0x000036ac                __aeabi_dmul
 .text.__aeabi_ddiv
                0x000037a8      0x138 d:/mcuxpressoide_11.5.0_7232/ide/plugins/com.nxp.mcuxpresso.tools.win32_11.5.0.202107051138/tools/bin/../lib/gcc/arm-none-eabi/10.3.1/thumb/v7e-m+fp/hard\libcr_eabihelpers.a(double.o)
                0x000037a8                __aeabi_ddiv
 .text.__aeabi_dsub
                0x000038e0      0x1ac d:/mcuxpressoide_11.5.0_7232/ide/plugins/com.nxp.mcuxpresso.tools.win32_11.5.0.202107051138/tools/bin/../lib/gcc/arm-none-eabi/10.3.1/thumb/v7e-m+fp/hard\libcr_eabihelpers.a(double.o)
                0x000038e0                __aeabi_dsub
 .text.__aeabi_dadd
                0x00003a8c      0x114 d:/mcuxpressoide_11.5.0_7232/ide/plugins/com.nxp.mcuxpresso.tools.win32_11.5.0.202107051138/tools/bin/../lib/gcc/arm-none-eabi/10.3.1/thumb/v7e-m+fp/hard\libcr_eabihelpers.a(double.o)
                0x00003a8c                __aeabi_dadd
 .text.__aeabi_d2f
                0x00003ba0       0x58 d:/mcuxpressoide_11.5.0_7232/ide/plugins/com.nxp.mcuxpresso.tools.win32_11.5.0.202107051138/tools/bin/../lib/gcc/arm-none-eabi/10.3.1/thumb/v7e-m+fp/hard\libcr_eabihelpers.a(double.o)
                0x00003ba0                __aeabi_d2f
 .text.__aeabi_f2d
                0x00003bf8       0x38 d:/mcuxpressoide_11.5.0_7232/ide/plugins/com.nxp.mcuxpresso.tools.win32_11.5.0.202107051138/tools/bin/../lib/gcc/arm-none-eabi/10.3.1/thumb/v7e-m+fp/hard\libcr_eabihelpers.a(float.o)
                0x00003bf8                __aeabi_f2d
 .text.__sys_appexit
                0x00003c30        0xc d:/mcuxpressoide_11.5.0_7232/ide/plugins/com.nxp.mcuxpresso.tools.win32_11.5.0.202107051138/tools/bin/../lib/gcc/arm-none-eabi/10.3.1/../../../../arm-none-eabi/lib/thumb/v7e-m+fp/hard\libcr_semihost_nf.a(__sys_appexit.o)
                0x00003c30                __sys_appexit
                0x00003c30                __exit
 .text.DMA0_DMA16_IRQHandler
                0x00003c3c        0x8 ./startup/startup_mk66f18.o
                0x00003c3c                DMA0_DMA16_IRQHandler
 .text.DMA1_DMA17_IRQHandler
                0x00003c44        0x8 ./startup/startup_mk66f18.o
                0x00003c44                DMA1_DMA17_IRQHandler
 .text.DMA2_DMA18_IRQHandler
                0x00003c4c        0x8 ./startup/startup_mk66f18.o
                0x00003c4c                DMA2_DMA18_IRQHandler
 .text.DMA3_DMA19_IRQHandler
                0x00003c54        0x8 ./startup/startup_mk66f18.o
                0x00003c54                DMA3_DMA19_IRQHandler
 .text.DMA4_DMA20_IRQHandler
                0x00003c5c        0x8 ./startup/startup_mk66f18.o
                0x00003c5c                DMA4_DMA20_IRQHandler
 .text.DMA5_DMA21_IRQHandler
                0x00003c64        0x8 ./startup/startup_mk66f18.o
                0x00003c64                DMA5_DMA21_IRQHandler
 .text.DMA6_DMA22_IRQHandler
                0x00003c6c        0x8 ./startup/startup_mk66f18.o
                0x00003c6c                DMA6_DMA22_IRQHandler
 .text.DMA7_DMA23_IRQHandler
                0x00003c74        0x8 ./startup/startup_mk66f18.o
                0x00003c74                DMA7_DMA23_IRQHandler
 .text.DMA8_DMA24_IRQHandler
                0x00003c7c        0x8 ./startup/startup_mk66f18.o
                0x00003c7c                DMA8_DMA24_IRQHandler
 .text.DMA9_DMA25_IRQHandler
                0x00003c84        0x8 ./startup/startup_mk66f18.o
                0x00003c84                DMA9_DMA25_IRQHandler
 .text.DMA10_DMA26_IRQHandler
                0x00003c8c        0x8 ./startup/startup_mk66f18.o
                0x00003c8c                DMA10_DMA26_IRQHandler
 .text.DMA11_DMA27_IRQHandler
                0x00003c94        0x8 ./startup/startup_mk66f18.o
                0x00003c94                DMA11_DMA27_IRQHandler
 .text.DMA12_DMA28_IRQHandler
                0x00003c9c        0x8 ./startup/startup_mk66f18.o
                0x00003c9c                DMA12_DMA28_IRQHandler
 .text.DMA13_DMA29_IRQHandler
                0x00003ca4        0x8 ./startup/startup_mk66f18.o
                0x00003ca4                DMA13_DMA29_IRQHandler
 .text.DMA14_DMA30_IRQHandler
                0x00003cac        0x8 ./startup/startup_mk66f18.o
                0x00003cac                DMA14_DMA30_IRQHandler
 .text.DMA15_DMA31_IRQHandler
                0x00003cb4        0x8 ./startup/startup_mk66f18.o
                0x00003cb4                DMA15_DMA31_IRQHandler
 .text.DMA_Error_IRQHandler
                0x00003cbc        0x8 ./startup/startup_mk66f18.o
                0x00003cbc                DMA_Error_IRQHandler
 .text.MCM_IRQHandler
                0x00003cc4        0x8 ./startup/startup_mk66f18.o
                0x00003cc4                MCM_IRQHandler
 .text.FTFE_IRQHandler
                0x00003ccc        0x8 ./startup/startup_mk66f18.o
                0x00003ccc                FTFE_IRQHandler
 .text.Read_Collision_IRQHandler
                0x00003cd4        0x8 ./startup/startup_mk66f18.o
                0x00003cd4                Read_Collision_IRQHandler
 .text.LVD_LVW_IRQHandler
                0x00003cdc        0x8 ./startup/startup_mk66f18.o
                0x00003cdc                LVD_LVW_IRQHandler
 .text.LLWU_IRQHandler
                0x00003ce4        0x8 ./startup/startup_mk66f18.o
                0x00003ce4                LLWU_IRQHandler
 .text.WDOG_EWM_IRQHandler
                0x00003cec        0x8 ./startup/startup_mk66f18.o
                0x00003cec                WDOG_EWM_IRQHandler
 .text.RNG_IRQHandler
                0x00003cf4        0x8 ./startup/startup_mk66f18.o
                0x00003cf4                RNG_IRQHandler
 .text.I2C0_IRQHandler
                0x00003cfc        0x8 ./startup/startup_mk66f18.o
                0x00003cfc                I2C0_IRQHandler
 .text.I2C1_IRQHandler
                0x00003d04        0x8 ./startup/startup_mk66f18.o
                0x00003d04                I2C1_IRQHandler
 .text.SPI0_IRQHandler
                0x00003d0c        0x8 ./startup/startup_mk66f18.o
                0x00003d0c                SPI0_IRQHandler
 .text.SPI1_IRQHandler
                0x00003d14        0x8 ./startup/startup_mk66f18.o
                0x00003d14                SPI1_IRQHandler
 .text.I2S0_Tx_IRQHandler
                0x00003d1c        0x8 ./startup/startup_mk66f18.o
                0x00003d1c                I2S0_Tx_IRQHandler
 .text.I2S0_Rx_IRQHandler
                0x00003d24        0x8 ./startup/startup_mk66f18.o
                0x00003d24                I2S0_Rx_IRQHandler
 .text.Reserved46_IRQHandler
                0x00003d2c        0x8 ./startup/startup_mk66f18.o
                0x00003d2c                Reserved46_IRQHandler
 .text.UART0_RX_TX_IRQHandler
                0x00003d34        0x8 ./startup/startup_mk66f18.o
                0x00003d34                UART0_RX_TX_IRQHandler
 .text.UART0_ERR_IRQHandler
                0x00003d3c        0x8 ./startup/startup_mk66f18.o
                0x00003d3c                UART0_ERR_IRQHandler
 .text.UART1_RX_TX_IRQHandler
                0x00003d44        0x8 ./startup/startup_mk66f18.o
                0x00003d44                UART1_RX_TX_IRQHandler
 .text.UART1_ERR_IRQHandler
                0x00003d4c        0x8 ./startup/startup_mk66f18.o
                0x00003d4c                UART1_ERR_IRQHandler
 .text.UART2_RX_TX_IRQHandler
                0x00003d54        0x8 ./startup/startup_mk66f18.o
                0x00003d54                UART2_RX_TX_IRQHandler
 .text.UART2_ERR_IRQHandler
                0x00003d5c        0x8 ./startup/startup_mk66f18.o
                0x00003d5c                UART2_ERR_IRQHandler
 .text.UART3_RX_TX_IRQHandler
                0x00003d64        0x8 ./startup/startup_mk66f18.o
                0x00003d64                UART3_RX_TX_IRQHandler
 .text.UART3_ERR_IRQHandler
                0x00003d6c        0x8 ./startup/startup_mk66f18.o
                0x00003d6c                UART3_ERR_IRQHandler
 .text.ADC0_IRQHandler
                0x00003d74        0x8 ./startup/startup_mk66f18.o
                0x00003d74                ADC0_IRQHandler
 .text.CMP0_IRQHandler
                0x00003d7c        0x8 ./startup/startup_mk66f18.o
                0x00003d7c                CMP0_IRQHandler
 .text.CMP1_IRQHandler
                0x00003d84        0x8 ./startup/startup_mk66f18.o
                0x00003d84                CMP1_IRQHandler
 .text.FTM0_IRQHandler
                0x00003d8c        0x8 ./startup/startup_mk66f18.o
                0x00003d8c                FTM0_IRQHandler
 .text.FTM1_IRQHandler
                0x00003d94        0x8 ./startup/startup_mk66f18.o
                0x00003d94                FTM1_IRQHandler
 .text.FTM2_IRQHandler
                0x00003d9c        0x8 ./startup/startup_mk66f18.o
                0x00003d9c                FTM2_IRQHandler
 .text.CMT_IRQHandler
                0x00003da4        0x8 ./startup/startup_mk66f18.o
                0x00003da4                CMT_IRQHandler
 .text.RTC_IRQHandler
                0x00003dac        0x8 ./startup/startup_mk66f18.o
                0x00003dac                RTC_IRQHandler
 .text.RTC_Seconds_IRQHandler
                0x00003db4        0x8 ./startup/startup_mk66f18.o
                0x00003db4                RTC_Seconds_IRQHandler
 .text.PIT0_IRQHandler
                0x00003dbc        0x8 ./startup/startup_mk66f18.o
                0x00003dbc                PIT0_IRQHandler
 .text.PIT1_IRQHandler
                0x00003dc4        0x8 ./startup/startup_mk66f18.o
                0x00003dc4                PIT1_IRQHandler
 .text.PIT2_IRQHandler
                0x00003dcc        0x8 ./startup/startup_mk66f18.o
                0x00003dcc                PIT2_IRQHandler
 .text.PIT3_IRQHandler
                0x00003dd4        0x8 ./startup/startup_mk66f18.o
                0x00003dd4                PIT3_IRQHandler
 .text.PDB0_IRQHandler
                0x00003ddc        0x8 ./startup/startup_mk66f18.o
                0x00003ddc                PDB0_IRQHandler
 .text.USB0_IRQHandler
                0x00003de4        0x8 ./startup/startup_mk66f18.o
                0x00003de4                USB0_IRQHandler
 .text.USBDCD_IRQHandler
                0x00003dec        0x8 ./startup/startup_mk66f18.o
                0x00003dec                USBDCD_IRQHandler
 .text.Reserved71_IRQHandler
                0x00003df4        0x8 ./startup/startup_mk66f18.o
                0x00003df4                Reserved71_IRQHandler
 .text.DAC0_IRQHandler
                0x00003dfc        0x8 ./startup/startup_mk66f18.o
                0x00003dfc                DAC0_IRQHandler
 .text.MCG_IRQHandler
                0x00003e04        0x8 ./startup/startup_mk66f18.o
                0x00003e04                MCG_IRQHandler
 .text.LPTMR0_IRQHandler
                0x00003e0c        0x8 ./startup/startup_mk66f18.o
                0x00003e0c                LPTMR0_IRQHandler
 .text.PORTA_IRQHandler
                0x00003e14        0x8 ./startup/startup_mk66f18.o
                0x00003e14                PORTA_IRQHandler
 .text.PORTB_IRQHandler
                0x00003e1c        0x8 ./startup/startup_mk66f18.o
                0x00003e1c                PORTB_IRQHandler
 .text.PORTC_IRQHandler
                0x00003e24        0x8 ./startup/startup_mk66f18.o
                0x00003e24                PORTC_IRQHandler
 .text.PORTD_IRQHandler
                0x00003e2c        0x8 ./startup/startup_mk66f18.o
                0x00003e2c                PORTD_IRQHandler
 .text.PORTE_IRQHandler
                0x00003e34        0x8 ./startup/startup_mk66f18.o
                0x00003e34                PORTE_IRQHandler
 .text.SWI_IRQHandler
                0x00003e3c        0x8 ./startup/startup_mk66f18.o
                0x00003e3c                SWI_IRQHandler
 .text.SPI2_IRQHandler
                0x00003e44        0x8 ./startup/startup_mk66f18.o
                0x00003e44                SPI2_IRQHandler
 .text.UART4_RX_TX_IRQHandler
                0x00003e4c        0x8 ./startup/startup_mk66f18.o
                0x00003e4c                UART4_RX_TX_IRQHandler
 .text.UART4_ERR_IRQHandler
                0x00003e54        0x8 ./startup/startup_mk66f18.o
                0x00003e54                UART4_ERR_IRQHandler
 .text.Reserved84_IRQHandler
                0x00003e5c        0x8 ./startup/startup_mk66f18.o
                0x00003e5c                Reserved84_IRQHandler
 .text.Reserved85_IRQHandler
                0x00003e64        0x8 ./startup/startup_mk66f18.o
                0x00003e64                Reserved85_IRQHandler
 .text.CMP2_IRQHandler
                0x00003e6c        0x8 ./startup/startup_mk66f18.o
                0x00003e6c                CMP2_IRQHandler
 .text.FTM3_IRQHandler
                0x00003e74        0x8 ./startup/startup_mk66f18.o
                0x00003e74                FTM3_IRQHandler
 .text.DAC1_IRQHandler
                0x00003e7c        0x8 ./startup/startup_mk66f18.o
                0x00003e7c                DAC1_IRQHandler
 .text.ADC1_IRQHandler
                0x00003e84        0x8 ./startup/startup_mk66f18.o
                0x00003e84                ADC1_IRQHandler
 .text.I2C2_IRQHandler
                0x00003e8c        0x8 ./startup/startup_mk66f18.o
                0x00003e8c                I2C2_IRQHandler
 .text.CAN0_ORed_Message_buffer_IRQHandler
                0x00003e94        0x8 ./startup/startup_mk66f18.o
                0x00003e94                CAN0_ORed_Message_buffer_IRQHandler
 .text.CAN0_Bus_Off_IRQHandler
                0x00003e9c        0x8 ./startup/startup_mk66f18.o
                0x00003e9c                CAN0_Bus_Off_IRQHandler
 .text.CAN0_Error_IRQHandler
                0x00003ea4        0x8 ./startup/startup_mk66f18.o
                0x00003ea4                CAN0_Error_IRQHandler
 .text.CAN0_Tx_Warning_IRQHandler
                0x00003eac        0x8 ./startup/startup_mk66f18.o
                0x00003eac                CAN0_Tx_Warning_IRQHandler
 .text.CAN0_Rx_Warning_IRQHandler
                0x00003eb4        0x8 ./startup/startup_mk66f18.o
                0x00003eb4                CAN0_Rx_Warning_IRQHandler
 .text.CAN0_Wake_Up_IRQHandler
                0x00003ebc        0x8 ./startup/startup_mk66f18.o
                0x00003ebc                CAN0_Wake_Up_IRQHandler
 .text.SDHC_IRQHandler
                0x00003ec4        0x8 ./startup/startup_mk66f18.o
                0x00003ec4                SDHC_IRQHandler
 .text.ENET_1588_Timer_IRQHandler
                0x00003ecc        0x8 ./startup/startup_mk66f18.o
                0x00003ecc                ENET_1588_Timer_IRQHandler
 .text.ENET_Transmit_IRQHandler
                0x00003ed4        0x8 ./startup/startup_mk66f18.o
                0x00003ed4                ENET_Transmit_IRQHandler
 .text.ENET_Receive_IRQHandler
                0x00003edc        0x8 ./startup/startup_mk66f18.o
                0x00003edc                ENET_Receive_IRQHandler
 .text.ENET_Error_IRQHandler
                0x00003ee4        0x8 ./startup/startup_mk66f18.o
                0x00003ee4                ENET_Error_IRQHandler
 .text.LPUART0_IRQHandler
                0x00003eec        0x8 ./startup/startup_mk66f18.o
                0x00003eec                LPUART0_IRQHandler
 .text.TSI0_IRQHandler
                0x00003ef4        0x8 ./startup/startup_mk66f18.o
                0x00003ef4                TSI0_IRQHandler
 .text.TPM1_IRQHandler
                0x00003efc        0x8 ./startup/startup_mk66f18.o
                0x00003efc                TPM1_IRQHandler
 .text.TPM2_IRQHandler
                0x00003f04        0x8 ./startup/startup_mk66f18.o
                0x00003f04                TPM2_IRQHandler
 .text.USBHSDCD_IRQHandler
                0x00003f0c        0x8 ./startup/startup_mk66f18.o
                0x00003f0c                USBHSDCD_IRQHandler
 .text.I2C3_IRQHandler
                0x00003f14        0x8 ./startup/startup_mk66f18.o
                0x00003f14                I2C3_IRQHandler
 .text.CMP3_IRQHandler
                0x00003f1c        0x8 ./startup/startup_mk66f18.o
                0x00003f1c                CMP3_IRQHandler
 .text.USBHS_IRQHandler
                0x00003f24        0x8 ./startup/startup_mk66f18.o
                0x00003f24                USBHS_IRQHandler
 .text.CAN1_ORed_Message_buffer_IRQHandler
                0x00003f2c        0x8 ./startup/startup_mk66f18.o
                0x00003f2c                CAN1_ORed_Message_buffer_IRQHandler
 .text.CAN1_Bus_Off_IRQHandler
                0x00003f34        0x8 ./startup/startup_mk66f18.o
                0x00003f34                CAN1_Bus_Off_IRQHandler
 .text.CAN1_Error_IRQHandler
                0x00003f3c        0x8 ./startup/startup_mk66f18.o
                0x00003f3c                CAN1_Error_IRQHandler
 .text.CAN1_Tx_Warning_IRQHandler
                0x00003f44        0x8 ./startup/startup_mk66f18.o
                0x00003f44                CAN1_Tx_Warning_IRQHandler
 .text.CAN1_Rx_Warning_IRQHandler
                0x00003f4c        0x8 ./startup/startup_mk66f18.o
                0x00003f4c                CAN1_Rx_Warning_IRQHandler
 .text.CAN1_Wake_Up_IRQHandler
                0x00003f54        0x8 ./startup/startup_mk66f18.o
                0x00003f54                CAN1_Wake_Up_IRQHandler
 .text.FTM_StartTimer
                0x00003f5c       0x3a ./source/hello_world.o
 .text.FTM_SetSoftwareTrigger
                0x00003f96       0x38 ./source/hello_world.o
 .text.HardFault_Handler
                0x00003fce       0x2c ./source/semihost_hardfault.o
                0x00003fce                HardFault_Handler
 .text.CLOCK_GetPll0RefFreq
                0x00003ffa        0xe ./drivers/fsl_clock.o
 .text.CLOCK_GetFixedFreqClkFreq
                0x00004008       0x34 ./drivers/fsl_clock.o
                0x00004008                CLOCK_GetFixedFreqClkFreq
 .text.CLOCK_EnableClock
                0x0000403c       0x34 ./drivers/fsl_ftm.o
 .text.FTM_SetDeadTimeEnable
                0x00004070       0x52 ./drivers/fsl_ftm.o
 .text.FTM_SetComplementaryEnable
                0x000040c2       0x52 ./drivers/fsl_ftm.o
 .text.UART0_RX_TX_DriverIRQHandler
                0x00004114       0x12 ./drivers/fsl_uart.o
                0x00004114                UART0_RX_TX_DriverIRQHandler
 .text.UART1_RX_TX_DriverIRQHandler
                0x00004126       0x12 ./drivers/fsl_uart.o
                0x00004126                UART1_RX_TX_DriverIRQHandler
 .text.UART2_RX_TX_DriverIRQHandler
                0x00004138       0x12 ./drivers/fsl_uart.o
                0x00004138                UART2_RX_TX_DriverIRQHandler
 .text.UART3_RX_TX_DriverIRQHandler
                0x0000414a       0x12 ./drivers/fsl_uart.o
                0x0000414a                UART3_RX_TX_DriverIRQHandler
 .text.UART4_RX_TX_DriverIRQHandler
                0x0000415c       0x12 ./drivers/fsl_uart.o
                0x0000415c                UART4_RX_TX_DriverIRQHandler
 .text.SystemInitHook
                0x0000416e        0xe ./device/system_MK66F18.o
                0x0000416e                SystemInitHook
 .text.BOARD_InitBootClocks
                0x0000417c        0xc ./board/clock_config.o
                0x0000417c                BOARD_InitBootClocks
 .text.CLOCK_EnableClock
                0x00004188       0x34 ./board/pin_mux.o
 .text.PORT_SetPinMux
                0x000041bc       0x3a ./board/pin_mux.o
 .text.BOARD_InitBootPins
                0x000041f6        0xc ./board/pin_mux.o
                0x000041f6                BOARD_InitBootPins
 .text.__main   0x00004202        0xe d:/mcuxpressoide_11.5.0_7232/ide/plugins/com.nxp.mcuxpresso.tools.win32_11.5.0.202107051138/tools/bin/../lib/gcc/arm-none-eabi/10.3.1/../../../../arm-none-eabi/lib/thumb/v7e-m+fp/hard\libcr_semihost_nf.a(_cr__main.o)
                0x00004202                __CR_SEMIHOST
                0x00004202                __main
 .text.memset   0x00004210        0x4 d:/mcuxpressoide_11.5.0_7232/ide/plugins/com.nxp.mcuxpresso.tools.win32_11.5.0.202107051138/tools/bin/../lib/gcc/arm-none-eabi/10.3.1/../../../../arm-none-eabi/lib/thumb/v7e-m+fp/hard\libcr_c.a(memset.o)
                0x00004210                memset
 .text.free     0x00004214       0x30 d:/mcuxpressoide_11.5.0_7232/ide/plugins/com.nxp.mcuxpresso.tools.win32_11.5.0.202107051138/tools/bin/../lib/gcc/arm-none-eabi/10.3.1/../../../../arm-none-eabi/lib/thumb/v7e-m+fp/hard\libcr_c.a(alloc.o)
                0x00004214                free
 .text.no_fp_display
                0x00004244        0x4 d:/mcuxpressoide_11.5.0_7232/ide/plugins/com.nxp.mcuxpresso.tools.win32_11.5.0.202107051138/tools/bin/../lib/gcc/arm-none-eabi/10.3.1/../../../../arm-none-eabi/lib/thumb/v7e-m+fp/hard\libcr_c.a(printf.o)
 .text.setvbuf  0x00004248       0x3e d:/mcuxpressoide_11.5.0_7232/ide/plugins/com.nxp.mcuxpresso.tools.win32_11.5.0.202107051138/tools/bin/../lib/gcc/arm-none-eabi/10.3.1/../../../../arm-none-eabi/lib/thumb/v7e-m+fp/hard\libcr_c.a(setvbuf.o)
                0x00004248                setvbuf
 .text.strlen   0x00004286       0x48 d:/mcuxpressoide_11.5.0_7232/ide/plugins/com.nxp.mcuxpresso.tools.win32_11.5.0.202107051138/tools/bin/../lib/gcc/arm-none-eabi/10.3.1/../../../../arm-none-eabi/lib/thumb/v7e-m+fp/hard\libcr_c.a(strlen.o)
                0x00004286                strlen
 .text.ungetc   0x000042ce       0x32 d:/mcuxpressoide_11.5.0_7232/ide/plugins/com.nxp.mcuxpresso.tools.win32_11.5.0.202107051138/tools/bin/../lib/gcc/arm-none-eabi/10.3.1/../../../../arm-none-eabi/lib/thumb/v7e-m+fp/hard\libcr_c.a(ungetc.o)
                0x000042ce                ungetc
 .text._Csys_read_
                0x00004300       0x22 d:/mcuxpressoide_11.5.0_7232/ide/plugins/com.nxp.mcuxpresso.tools.win32_11.5.0.202107051138/tools/bin/../lib/gcc/arm-none-eabi/10.3.1/../../../../arm-none-eabi/lib/thumb/v7e-m+fp/hard\libcr_c.a(__fillbuf.o)
                0x00004300                _Csys_read_
 .text._deferredlazyseek
                0x00004322       0x40 d:/mcuxpressoide_11.5.0_7232/ide/plugins/com.nxp.mcuxpresso.tools.win32_11.5.0.202107051138/tools/bin/../lib/gcc/arm-none-eabi/10.3.1/../../../../arm-none-eabi/lib/thumb/v7e-m+fp/hard\libcr_c.a(_deferredlazyseek.o)
                0x00004322                _deferredlazyseek
 .text.__flsbuf
                0x00004362      0x140 d:/mcuxpressoide_11.5.0_7232/ide/plugins/com.nxp.mcuxpresso.tools.win32_11.5.0.202107051138/tools/bin/../lib/gcc/arm-none-eabi/10.3.1/../../../../arm-none-eabi/lib/thumb/v7e-m+fp/hard\libcr_c.a(_deferredlazyseek.o)
                0x00004362                __flsbuf
 .text._fdopen  0x000044a2       0x68 d:/mcuxpressoide_11.5.0_7232/ide/plugins/com.nxp.mcuxpresso.tools.win32_11.5.0.202107051138/tools/bin/../lib/gcc/arm-none-eabi/10.3.1/../../../../arm-none-eabi/lib/thumb/v7e-m+fp/hard\libcr_c.a(_fdopen.o)
                0x000044a2                _fdopen
 .text._fflush  0x0000450a       0x52 d:/mcuxpressoide_11.5.0_7232/ide/plugins/com.nxp.mcuxpresso.tools.win32_11.5.0.202107051138/tools/bin/../lib/gcc/arm-none-eabi/10.3.1/../../../../arm-none-eabi/lib/thumb/v7e-m+fp/hard\libcr_c.a(_fflush.o)
                0x0000450a                _fflush
 .text.fclose   0x0000455c       0x58 d:/mcuxpressoide_11.5.0_7232/ide/plugins/com.nxp.mcuxpresso.tools.win32_11.5.0.202107051138/tools/bin/../lib/gcc/arm-none-eabi/10.3.1/../../../../arm-none-eabi/lib/thumb/v7e-m+fp/hard\libcr_c.a(fclose.o)
                0x0000455c                fclose
 .text.remove   0x000045b4       0x14 d:/mcuxpressoide_11.5.0_7232/ide/plugins/com.nxp.mcuxpresso.tools.win32_11.5.0.202107051138/tools/bin/../lib/gcc/arm-none-eabi/10.3.1/../../../../arm-none-eabi/lib/thumb/v7e-m+fp/hard\libcr_c.a(remove.o)
                0x000045b4                remove
 .text._do_fflush
                0x000045c8       0x40 d:/mcuxpressoide_11.5.0_7232/ide/plugins/com.nxp.mcuxpresso.tools.win32_11.5.0.202107051138/tools/bin/../lib/gcc/arm-none-eabi/10.3.1/../../../../arm-none-eabi/lib/thumb/v7e-m+fp/hard\libcr_c.a(_do_fflush.o)
                0x000045c8                _do_fflush
 .text.__bhs_ui2d
                0x00004608       0x46 d:/mcuxpressoide_11.5.0_7232/ide/plugins/com.nxp.mcuxpresso.tools.win32_11.5.0.202107051138/tools/bin/../lib/gcc/arm-none-eabi/10.3.1/thumb/v7e-m+fp/hard\libcr_eabihelpers.a(double.o)
                0x00004608                __bhs_ui2d
 .text.__aeabi_i2d
                0x0000464e       0x12 d:/mcuxpressoide_11.5.0_7232/ide/plugins/com.nxp.mcuxpresso.tools.win32_11.5.0.202107051138/tools/bin/../lib/gcc/arm-none-eabi/10.3.1/thumb/v7e-m+fp/hard\libcr_eabihelpers.a(double.o)
                0x0000464e                __aeabi_i2d
 .text.__aeabi_dcmpeq
                0x00004660       0x30 d:/mcuxpressoide_11.5.0_7232/ide/plugins/com.nxp.mcuxpresso.tools.win32_11.5.0.202107051138/tools/bin/../lib/gcc/arm-none-eabi/10.3.1/thumb/v7e-m+fp/hard\libcr_eabihelpers.a(double.o)
                0x00004660                __aeabi_dcmpeq
 .text.__aeabi_dcmpge
                0x00004690       0x56 d:/mcuxpressoide_11.5.0_7232/ide/plugins/com.nxp.mcuxpresso.tools.win32_11.5.0.202107051138/tools/bin/../lib/gcc/arm-none-eabi/10.3.1/thumb/v7e-m+fp/hard\libcr_eabihelpers.a(double.o)
                0x00004690                __aeabi_dcmpge
 .text.__aeabi_memset_lowlevel
                0x000046e6       0x32 d:/mcuxpressoide_11.5.0_7232/ide/plugins/com.nxp.mcuxpresso.tools.win32_11.5.0.202107051138/tools/bin/../lib/gcc/arm-none-eabi/10.3.1/thumb/v7e-m+fp/hard\libcr_eabihelpers.a(memcpy.o)
                0x000046e6                __aeabi_lowlevel_memset
 .text.__sys_close
                0x00004718        0xc d:/mcuxpressoide_11.5.0_7232/ide/plugins/com.nxp.mcuxpresso.tools.win32_11.5.0.202107051138/tools/bin/../lib/gcc/arm-none-eabi/10.3.1/../../../../arm-none-eabi/lib/thumb/v7e-m+fp/hard\libcr_semihost_nf.a(__sys_close.o)
                0x00004718                __sys_close
 .text.__sys_flen
                0x00004724        0xc d:/mcuxpressoide_11.5.0_7232/ide/plugins/com.nxp.mcuxpresso.tools.win32_11.5.0.202107051138/tools/bin/../lib/gcc/arm-none-eabi/10.3.1/../../../../arm-none-eabi/lib/thumb/v7e-m+fp/hard\libcr_semihost_nf.a(__sys_flen.o)
                0x00004724                __sys_flen
 .text.__sys_istty
                0x00004730        0xc d:/mcuxpressoide_11.5.0_7232/ide/plugins/com.nxp.mcuxpresso.tools.win32_11.5.0.202107051138/tools/bin/../lib/gcc/arm-none-eabi/10.3.1/../../../../arm-none-eabi/lib/thumb/v7e-m+fp/hard\libcr_semihost_nf.a(__sys_istty.o)
                0x00004730                __sys_istty
 .text.__sys_read
                0x0000473c        0xc d:/mcuxpressoide_11.5.0_7232/ide/plugins/com.nxp.mcuxpresso.tools.win32_11.5.0.202107051138/tools/bin/../lib/gcc/arm-none-eabi/10.3.1/../../../../arm-none-eabi/lib/thumb/v7e-m+fp/hard\libcr_semihost_nf.a(__sys_read.o)
                0x0000473c                __sys_read
 .text.__sys_readc
                0x00004748        0x8 d:/mcuxpressoide_11.5.0_7232/ide/plugins/com.nxp.mcuxpresso.tools.win32_11.5.0.202107051138/tools/bin/../lib/gcc/arm-none-eabi/10.3.1/../../../../arm-none-eabi/lib/thumb/v7e-m+fp/hard\libcr_semihost_nf.a(__sys_readc.o)
                0x00004748                __sys_readc
                0x00004748                __readc
 .text.__sys_remove
                0x00004750        0xc d:/mcuxpressoide_11.5.0_7232/ide/plugins/com.nxp.mcuxpresso.tools.win32_11.5.0.202107051138/tools/bin/../lib/gcc/arm-none-eabi/10.3.1/../../../../arm-none-eabi/lib/thumb/v7e-m+fp/hard\libcr_semihost_nf.a(__sys_remove.o)
                0x00004750                __sys_remove
 .text.__sys_seek
                0x0000475c        0xc d:/mcuxpressoide_11.5.0_7232/ide/plugins/com.nxp.mcuxpresso.tools.win32_11.5.0.202107051138/tools/bin/../lib/gcc/arm-none-eabi/10.3.1/../../../../arm-none-eabi/lib/thumb/v7e-m+fp/hard\libcr_semihost_nf.a(__sys_seek.o)
                0x0000475c                __sys_seek
 .text.__sys_tmpnam
                0x00004768        0xc d:/mcuxpressoide_11.5.0_7232/ide/plugins/com.nxp.mcuxpresso.tools.win32_11.5.0.202107051138/tools/bin/../lib/gcc/arm-none-eabi/10.3.1/../../../../arm-none-eabi/lib/thumb/v7e-m+fp/hard\libcr_semihost_nf.a(__sys_tmpnam.o)
                0x00004768                __sys_tmpnam
 .text.__sys_write
                0x00004774        0xc d:/mcuxpressoide_11.5.0_7232/ide/plugins/com.nxp.mcuxpresso.tools.win32_11.5.0.202107051138/tools/bin/../lib/gcc/arm-none-eabi/10.3.1/../../../../arm-none-eabi/lib/thumb/v7e-m+fp/hard\libcr_semihost_nf.a(__sys_write.o)
                0x00004774                __sys_write
 *(SORT_BY_ALIGNMENT(.rodata) SORT_BY_ALIGNMENT(.rodata.*) SORT_BY_ALIGNMENT(.constdata) SORT_BY_ALIGNMENT(.constdata.*))
 .rodata.__assertion_failed.str1.4
                0x00004780       0x14 ./utilities/fsl_assert.o
 .rodata.main.str1.4
                0x00004794        0xd ./source/hello_world.o
 *fill*         0x000047a1        0x3 ff
 .rodata.CLOCK_GetMcgExtClkFreq.str1.4
                0x000047a4       0x49 ./drivers/fsl_clock.o
 *fill*         0x000047ed        0x3 ff
 .rodata.CLOCK_GetOsc0ErClkUndivFreq.str1.4
                0x000047f0       0x1e ./drivers/fsl_clock.o
 *fill*         0x0000480e        0x2 ff
 .rodata.CLOCK_GetOsc0ErClkDivFreq.str1.4
                0x00004810       0x1e ./drivers/fsl_clock.o
 *fill*         0x0000482e        0x2 ff
 .rodata.CLOCK_GetEr32kClkFreq.str1.4
                0x00004830       0x1f ./drivers/fsl_clock.o
 *fill*         0x0000484f        0x1 ff
 .rodata.CLOCK_GetPll0Freq.str1.4
                0x00004850       0x1d ./drivers/fsl_clock.o
 *fill*         0x0000486d        0x3 ff
 .rodata.fllFactorTable.1
                0x00004870       0x10 ./drivers/fsl_clock.o
 .rodata.s_ftmBases
                0x00004880       0x10 ./drivers/fsl_ftm.o
 .rodata.s_ftmClocks
                0x00004890       0x10 ./drivers/fsl_ftm.o
 .rodata.FTM_GetInstance.str1.4
                0x000048a0       0x28 ./drivers/fsl_ftm.o
 .rodata.FTM_SetPwmSync.str1.4
                0x000048c8       0x3a ./drivers/fsl_ftm.o
 *fill*         0x00004902        0x2 ff
 .rodata.FTM_SetReloadPoints.str1.4
                0x00004904       0x20 ./drivers/fsl_ftm.o
 .rodata.FTM_Init.str1.4
                0x00004924       0x17 ./drivers/fsl_ftm.o
 *fill*         0x0000493b        0x1 ff
 .rodata.FTM_GetDefaultConfig.str1.4
                0x0000493c       0x1f ./drivers/fsl_ftm.o
 *fill*         0x0000495b        0x1 ff
 .rodata.FTM_SetupPwm.str1.4
                0x0000495c       0x23 ./drivers/fsl_ftm.o
 *fill*         0x0000497f        0x1 ff
 .rodata.simConfig_BOARD_BootClockRUN
                0x00004980        0x8 ./board/clock_config.o
                0x00004980                simConfig_BOARD_BootClockRUN
 .rodata.__num_Ciob_streams
                0x00004988        0x4 d:/mcuxpressoide_11.5.0_7232/ide/plugins/com.nxp.mcuxpresso.tools.win32_11.5.0.202107051138/tools/bin/../lib/gcc/arm-none-eabi/10.3.1/../../../../arm-none-eabi/lib/thumb/v7e-m+fp/hard\libcr_semihost_nf.a(__ciob.o)
                0x00004988                __num_Ciob_streams
 .rodata._Csys_alloc.str1.1
                0x0000498c       0x18 d:/mcuxpressoide_11.5.0_7232/ide/plugins/com.nxp.mcuxpresso.tools.win32_11.5.0.202107051138/tools/bin/../lib/gcc/arm-none-eabi/10.3.1/../../../../arm-none-eabi/lib/thumb/v7e-m+fp/hard\libcr_c.a(alloc.o)
 .rodata._initio.str1.1
                0x000049a4        0x4 d:/mcuxpressoide_11.5.0_7232/ide/plugins/com.nxp.mcuxpresso.tools.win32_11.5.0.202107051138/tools/bin/../lib/gcc/arm-none-eabi/10.3.1/../../../../arm-none-eabi/lib/thumb/v7e-m+fp/hard\libcr_c.a(initio.o)
 .rodata.__vfprintf.str1.1
                0x000049a8       0x37 d:/mcuxpressoide_11.5.0_7232/ide/plugins/com.nxp.mcuxpresso.tools.win32_11.5.0.202107051138/tools/bin/../lib/gcc/arm-none-eabi/10.3.1/../../../../arm-none-eabi/lib/thumb/v7e-m+fp/hard\libcr_c.a(printf.o)
                                 0x38 (size before relaxing)
 .rodata.__ctype
                0x000049df      0x180 d:/mcuxpressoide_11.5.0_7232/ide/plugins/com.nxp.mcuxpresso.tools.win32_11.5.0.202107051138/tools/bin/../lib/gcc/arm-none-eabi/10.3.1/../../../../arm-none-eabi/lib/thumb/v7e-m+fp/hard\libcr_c.a(ctype.o)
                0x000049df                __ctype
                0x00004b60                . = ALIGN (0x8)
 *fill*         0x00004b5f        0x1 ff

.glue_7         0x00004b60        0x0
 .glue_7        0x00004b60        0x0 linker stubs

.glue_7t        0x00004b60        0x0
 .glue_7t       0x00004b60        0x0 linker stubs

.vfp11_veneer   0x00004b60        0x0
 .vfp11_veneer  0x00004b60        0x0 linker stubs

.v4_bx          0x00004b60        0x0
 .v4_bx         0x00004b60        0x0 linker stubs

.iplt           0x00004b60        0x0
 .iplt          0x00004b60        0x0 ./utilities/fsl_assert.o

.rel.dyn        0x00004b60        0x0
 .rel.iplt      0x00004b60        0x0 ./utilities/fsl_assert.o

.ARM.extab
 *(SORT_BY_ALIGNMENT(.ARM.extab*) SORT_BY_ALIGNMENT(.gnu.linkonce.armextab.*))

.ARM.exidx      0x00004b60        0x0
                0x00004b60                __exidx_start = .
 *(SORT_BY_ALIGNMENT(.ARM.exidx*) SORT_BY_ALIGNMENT(.gnu.linkonce.armexidx.*))
                0x00004b60                __exidx_end = .
                0x00004b60                _etext = .

.m_usb_data
 *(SORT_BY_ALIGNMENT(m_usb_bdt))

.data_RAM2      0x1fff0000        0x0 load address 0x00004b60
 FILL mask 0xff
                [!provide]                PROVIDE (__start_data_RAM2 = .)
                [!provide]                PROVIDE (__start_data_SRAM_LOWER = .)
 *(SORT_BY_ALIGNMENT(.ramfunc.$RAM2))
 *(SORT_BY_ALIGNMENT(.ramfunc.$SRAM_LOWER))
 *(SORT_BY_ALIGNMENT(NonCacheable.init))
 *(SORT_BY_ALIGNMENT(.data.$RAM2))
 *(SORT_BY_ALIGNMENT(.data.$SRAM_LOWER))
 *(SORT_BY_ALIGNMENT(.data.$RAM2.*))
 *(SORT_BY_ALIGNMENT(.data.$SRAM_LOWER.*))
                0x1fff0000                . = ALIGN (0x8)
                [!provide]                PROVIDE (__end_data_RAM2 = .)
                [!provide]                PROVIDE (__end_data_SRAM_LOWER = .)

.data_RAM3      0x14000000        0x0 load address 0x00004b60
 FILL mask 0xff
                [!provide]                PROVIDE (__start_data_RAM3 = .)
                [!provide]                PROVIDE (__start_data_FLEX_RAM = .)
 *(SORT_BY_ALIGNMENT(.ramfunc.$RAM3))
 *(SORT_BY_ALIGNMENT(.ramfunc.$FLEX_RAM))
 *(SORT_BY_ALIGNMENT(.data.$RAM3))
 *(SORT_BY_ALIGNMENT(.data.$FLEX_RAM))
 *(SORT_BY_ALIGNMENT(.data.$RAM3.*))
 *(SORT_BY_ALIGNMENT(.data.$FLEX_RAM.*))
                0x14000000                . = ALIGN (0x8)
                [!provide]                PROVIDE (__end_data_RAM3 = .)
                [!provide]                PROVIDE (__end_data_FLEX_RAM = .)

.uninit_RESERVED
                0x20000000        0x0
                0x20000000                _start_uninit_RESERVED = .
 *(SORT_BY_ALIGNMENT(.bss.$RESERVED*))
                0x20000000                . = ALIGN (0x8)
                0x20000000                _end_uninit_RESERVED = .

.data           0x20000000       0x18 load address 0x00004b60
 FILL mask 0xff
                0x20000000                _data = .
                [!provide]                PROVIDE (__start_data_RAM = .)
                [!provide]                PROVIDE (__start_data_SRAM_UPPER = .)
 *(SORT_BY_ALIGNMENT(vtable))
 *(SORT_BY_ALIGNMENT(.ramfunc*))
 *(SORT_BY_ALIGNMENT(CodeQuickAccess))
 *(SORT_BY_ALIGNMENT(DataQuickAccess))
 *(SORT_BY_ALIGNMENT(RamFunction))
 *(SORT_BY_ALIGNMENT(.data*))
 .data.s_slowIrcFreq
                0x20000000        0x4 ./drivers/fsl_clock.o
 .data.s_fastIrcFreq
                0x20000004        0x4 ./drivers/fsl_clock.o
 .data.SystemCoreClock
                0x20000008        0x4 ./device/system_MK66F18.o
                0x20000008                SystemCoreClock
 .data.neginf.0
                0x2000000c        0x4 d:/mcuxpressoide_11.5.0_7232/ide/plugins/com.nxp.mcuxpresso.tools.win32_11.5.0.202107051138/tools/bin/../lib/gcc/arm-none-eabi/10.3.1/../../../../arm-none-eabi/lib/thumb/v7e-m+fp/hard\libcr_c.a(scanf.o)
 .data.posinf.1
                0x20000010        0x4 d:/mcuxpressoide_11.5.0_7232/ide/plugins/com.nxp.mcuxpresso.tools.win32_11.5.0.202107051138/tools/bin/../lib/gcc/arm-none-eabi/10.3.1/../../../../arm-none-eabi/lib/thumb/v7e-m+fp/hard\libcr_c.a(scanf.o)
                0x20000018                . = ALIGN (0x8)
 *fill*         0x20000014        0x4 ff
                0x20000018                _edata = .
                [!provide]                PROVIDE (__end_data_RAM = .)
                [!provide]                PROVIDE (__end_data_SRAM_UPPER = .)

.igot.plt       0x20000018        0x0 load address 0x00004b78
 .igot.plt      0x20000018        0x0 ./utilities/fsl_assert.o

.bss_RAM2       0x1fff0000        0x0
                [!provide]                PROVIDE (__start_bss_RAM2 = .)
                [!provide]                PROVIDE (__start_bss_SRAM_LOWER = .)
 *(SORT_BY_ALIGNMENT(NonCacheable))
 *(SORT_BY_ALIGNMENT(.bss.$RAM2))
 *(SORT_BY_ALIGNMENT(.bss.$SRAM_LOWER))
 *(SORT_BY_ALIGNMENT(.bss.$RAM2.*))
 *(SORT_BY_ALIGNMENT(.bss.$SRAM_LOWER.*))
                0x1fff0000                . = ALIGN ((. != 0x0)?0x8:0x1)
                [!provide]                PROVIDE (__end_bss_RAM2 = .)
                [!provide]                PROVIDE (__end_bss_SRAM_LOWER = .)

.bss_RAM3       0x14000000        0x0
                [!provide]                PROVIDE (__start_bss_RAM3 = .)
                [!provide]                PROVIDE (__start_bss_FLEX_RAM = .)
 *(SORT_BY_ALIGNMENT(.bss.$RAM3))
 *(SORT_BY_ALIGNMENT(.bss.$FLEX_RAM))
 *(SORT_BY_ALIGNMENT(.bss.$RAM3.*))
 *(SORT_BY_ALIGNMENT(.bss.$FLEX_RAM.*))
                0x14000000                . = ALIGN ((. != 0x0)?0x8:0x1)
                [!provide]                PROVIDE (__end_bss_RAM3 = .)
                [!provide]                PROVIDE (__end_bss_FLEX_RAM = .)

.bss            0x20000018       0xf0
                0x20000018                _bss = .
                [!provide]                PROVIDE (__start_bss_RAM = .)
                [!provide]                PROVIDE (__start_bss_SRAM_UPPER = .)
 *(SORT_BY_ALIGNMENT(.bss*))
 .bss.s_extPllFreq
                0x20000018        0x4 ./drivers/fsl_clock.o
 .bss.g_xtal0Freq
                0x2000001c        0x4 ./drivers/fsl_clock.o
                0x2000001c                g_xtal0Freq
 .bss.g_xtal32Freq
                0x20000020        0x4 ./drivers/fsl_clock.o
                0x20000020                g_xtal32Freq
 .bss.s_lpuartHandle
                0x20000024        0x4 ./drivers/fsl_lpuart.o
                0x20000024                s_lpuartHandle
 .bss.s_lpuartIsr
                0x20000028        0x4 ./drivers/fsl_lpuart.o
                0x20000028                s_lpuartIsr
 .bss.s_uartHandle
                0x2000002c       0x14 ./drivers/fsl_uart.o
                0x2000002c                s_uartHandle
 .bss.s_uartIsr
                0x20000040        0x4 ./drivers/fsl_uart.o
                0x20000040                s_uartIsr
 .bss.__end_of_heap
                0x20000044        0x4 d:/mcuxpressoide_11.5.0_7232/ide/plugins/com.nxp.mcuxpresso.tools.win32_11.5.0.202107051138/tools/bin/../lib/gcc/arm-none-eabi/10.3.1/../../../../arm-none-eabi/lib/thumb/v7e-m+fp/hard\libcr_c.a(__init_alloc.o)
                0x20000044                __end_of_heap
 .bss.__heaps   0x20000048        0x4 d:/mcuxpressoide_11.5.0_7232/ide/plugins/com.nxp.mcuxpresso.tools.win32_11.5.0.202107051138/tools/bin/../lib/gcc/arm-none-eabi/10.3.1/../../../../arm-none-eabi/lib/thumb/v7e-m+fp/hard\libcr_c.a(__init_alloc.o)
                0x20000048                __heaps
 .bss.errno     0x2000004c        0x4 d:/mcuxpressoide_11.5.0_7232/ide/plugins/com.nxp.mcuxpresso.tools.win32_11.5.0.202107051138/tools/bin/../lib/gcc/arm-none-eabi/10.3.1/../../../../arm-none-eabi/lib/thumb/v7e-m+fp/hard\libcr_c.a(errno.o)
                0x2000004c                errno
 .bss.__Ciob    0x20000050       0xb4 d:/mcuxpressoide_11.5.0_7232/ide/plugins/com.nxp.mcuxpresso.tools.win32_11.5.0.202107051138/tools/bin/../lib/gcc/arm-none-eabi/10.3.1/../../../../arm-none-eabi/lib/thumb/v7e-m+fp/hard\libcr_semihost_nf.a(__ciob.o)
                0x20000050                __Ciob
 *(SORT_BY_ALIGNMENT(COMMON))
                0x20000108                . = ALIGN (0x8)
 *fill*         0x20000104        0x4 
                0x20000108                _ebss = .
                [!provide]                PROVIDE (__end_bss_RAM = .)
                [!provide]                PROVIDE (__end_bss_SRAM_UPPER = .)
                [!provide]                PROVIDE (end = .)

.noinit_RAM2    0x1fff0000        0x0
                [!provide]                PROVIDE (__start_noinit_RAM2 = .)
                [!provide]                PROVIDE (__start_noinit_SRAM_LOWER = .)
 *(SORT_BY_ALIGNMENT(.noinit.$RAM2))
 *(SORT_BY_ALIGNMENT(.noinit.$SRAM_LOWER))
 *(SORT_BY_ALIGNMENT(.noinit.$RAM2.*))
 *(SORT_BY_ALIGNMENT(.noinit.$SRAM_LOWER.*))
                0x1fff0000                . = ALIGN (0x8)
                [!provide]                PROVIDE (__end_noinit_RAM2 = .)
                [!provide]                PROVIDE (__end_noinit_SRAM_LOWER = .)

.noinit_RAM3    0x14000000        0x0
                [!provide]                PROVIDE (__start_noinit_RAM3 = .)
                [!provide]                PROVIDE (__start_noinit_FLEX_RAM = .)
 *(SORT_BY_ALIGNMENT(.noinit.$RAM3))
 *(SORT_BY_ALIGNMENT(.noinit.$FLEX_RAM))
 *(SORT_BY_ALIGNMENT(.noinit.$RAM3.*))
 *(SORT_BY_ALIGNMENT(.noinit.$FLEX_RAM.*))
                0x14000000                . = ALIGN (0x8)
                [!provide]                PROVIDE (__end_noinit_RAM3 = .)
                [!provide]                PROVIDE (__end_noinit_FLEX_RAM = .)

.noinit         0x20000108        0x0
                0x20000108                _noinit = .
                [!provide]                PROVIDE (__start_noinit_RAM = .)
                [!provide]                PROVIDE (__start_noinit_SRAM_UPPER = .)
 *(SORT_BY_ALIGNMENT(.noinit*))
                0x20000108                . = ALIGN (0x8)
                0x20000108                _end_noinit = .
                [!provide]                PROVIDE (__end_noinit_RAM = .)
                [!provide]                PROVIDE (__end_noinit_SRAM_UPPER = .)
                0x00001000                _HeapSize = 0x1000

.heap           0x20000108     0x1000
                0x20000108                _pvHeapStart = .
                0x20001108                . = (. + _HeapSize)
 *fill*         0x20000108     0x1000 
                0x20001108                . = ALIGN (0x8)
                0x20001108                _pvHeapLimit = .
                0x00001000                _StackSize = 0x1000

.heap2stackfill
                0x20001108     0x1000
                0x20002108                . = (. + _StackSize)
 *fill*         0x20001108     0x1000 

.stack          0x2002f000        0x0
                0x2002f000                _vStackBase = .
                0x2002f000                . = ALIGN (0x8)
                0x20030000                _vStackTop = (. + _StackSize)
                0x00000000                _image_start = LOADADDR (.text)
                0x00004b78                _image_end = (LOADADDR (.data) + SIZEOF (.data))
                0x00004b78                _image_size = (_image_end - _image_start)
OUTPUT(frdmk66f_hello_world_lab1_exp1.axf elf32-littlearm)
LOAD linker stubs

.debug_info     0x00000000     0xadb1
 .debug_info    0x00000000       0xaa ./utilities/fsl_assert.o
 .debug_info    0x000000aa      0xa44 ./startup/startup_mk66f18.o
 .debug_info    0x00000aee      0x77d ./source/hello_world.o
 .debug_info    0x0000126b       0x3c ./source/semihost_hardfault.o
 .debug_info    0x000012a7     0x2950 ./drivers/fsl_clock.o
 .debug_info    0x00003bf7     0x16db ./drivers/fsl_ftm.o
 .debug_info    0x000052d2     0x1e47 ./drivers/fsl_lpuart.o
 .debug_info    0x00007119     0x209e ./drivers/fsl_uart.o
 .debug_info    0x000091b7      0xa4e ./device/system_MK66F18.o
 .debug_info    0x00009c05      0xcfe ./board/clock_config.o
 .debug_info    0x0000a903      0x4ae ./board/pin_mux.o

.debug_abbrev   0x00000000     0x16f8
 .debug_abbrev  0x00000000       0x66 ./utilities/fsl_assert.o
 .debug_abbrev  0x00000066      0x185 ./startup/startup_mk66f18.o
 .debug_abbrev  0x000001eb      0x1f7 ./source/hello_world.o
 .debug_abbrev  0x000003e2       0x31 ./source/semihost_hardfault.o
 .debug_abbrev  0x00000413      0x362 ./drivers/fsl_clock.o
 .debug_abbrev  0x00000775      0x290 ./drivers/fsl_ftm.o
 .debug_abbrev  0x00000a05      0x410 ./drivers/fsl_lpuart.o
 .debug_abbrev  0x00000e15      0x42e ./drivers/fsl_uart.o
 .debug_abbrev  0x00001243      0x148 ./device/system_MK66F18.o
 .debug_abbrev  0x0000138b      0x214 ./board/clock_config.o
 .debug_abbrev  0x0000159f      0x159 ./board/pin_mux.o

.debug_aranges  0x00000000      0xaf8
 .debug_aranges
                0x00000000       0x20 ./utilities/fsl_assert.o
 .debug_aranges
                0x00000020      0x3a0 ./startup/startup_mk66f18.o
 .debug_aranges
                0x000003c0       0x40 ./source/hello_world.o
 .debug_aranges
                0x00000400       0x20 ./source/semihost_hardfault.o
 .debug_aranges
                0x00000420      0x258 ./drivers/fsl_clock.o
 .debug_aranges
                0x00000678       0xd8 ./drivers/fsl_ftm.o
 .debug_aranges
                0x00000750      0x138 ./drivers/fsl_lpuart.o
 .debug_aranges
                0x00000888      0x1a8 ./drivers/fsl_uart.o
 .debug_aranges
                0x00000a30       0x30 ./device/system_MK66F18.o
 .debug_aranges
                0x00000a60       0x60 ./board/clock_config.o
 .debug_aranges
                0x00000ac0       0x38 ./board/pin_mux.o

.debug_ranges   0x00000000      0xa48
 .debug_ranges  0x00000000       0x10 ./utilities/fsl_assert.o
 .debug_ranges  0x00000010      0x390 ./startup/startup_mk66f18.o
 .debug_ranges  0x000003a0       0x30 ./source/hello_world.o
 .debug_ranges  0x000003d0       0x10 ./source/semihost_hardfault.o
 .debug_ranges  0x000003e0      0x248 ./drivers/fsl_clock.o
 .debug_ranges  0x00000628       0xc8 ./drivers/fsl_ftm.o
 .debug_ranges  0x000006f0      0x128 ./drivers/fsl_lpuart.o
 .debug_ranges  0x00000818      0x198 ./drivers/fsl_uart.o
 .debug_ranges  0x000009b0       0x20 ./device/system_MK66F18.o
 .debug_ranges  0x000009d0       0x50 ./board/clock_config.o
 .debug_ranges  0x00000a20       0x28 ./board/pin_mux.o

.debug_macro    0x00000000    0x1ac25
 .debug_macro   0x00000000      0x12d ./utilities/fsl_assert.o
 .debug_macro   0x0000012d      0xacc ./utilities/fsl_assert.o
 .debug_macro   0x00000bf9       0x10 ./utilities/fsl_assert.o
 .debug_macro   0x00000c09       0x1c ./utilities/fsl_assert.o
 .debug_macro   0x00000c25       0x22 ./utilities/fsl_assert.o
 .debug_macro   0x00000c47      0x12e ./utilities/fsl_assert.o
 .debug_macro   0x00000d75      0x5b3 ./utilities/fsl_assert.o
 .debug_macro   0x00001328       0x22 ./utilities/fsl_assert.o
 .debug_macro   0x0000134a       0x10 ./utilities/fsl_assert.o
 .debug_macro   0x0000135a       0x56 ./utilities/fsl_assert.o
 .debug_macro   0x000013b0       0x1c ./utilities/fsl_assert.o
 .debug_macro   0x000013cc       0x22 ./utilities/fsl_assert.o
 .debug_macro   0x000013ee       0xfb ./utilities/fsl_assert.o
 .debug_macro   0x000014e9      0xeeb ./utilities/fsl_assert.o
 .debug_macro   0x000023d4       0x40 ./utilities/fsl_assert.o
 .debug_macro   0x00002414    0x1626f ./utilities/fsl_assert.o
 .debug_macro   0x00018683     0x14b0 ./utilities/fsl_assert.o
 .debug_macro   0x00019b33       0x7a ./utilities/fsl_assert.o
 .debug_macro   0x00019bad       0xaf ./utilities/fsl_assert.o
 .debug_macro   0x00019c5c      0x190 ./utilities/fsl_assert.o
 .debug_macro   0x00019dec       0x1c ./utilities/fsl_assert.o
 .debug_macro   0x00019e08       0xd2 ./utilities/fsl_assert.o
 .debug_macro   0x00019eda       0x1c ./utilities/fsl_assert.o
 .debug_macro   0x00019ef6       0x29 ./startup/startup_mk66f18.o
 .debug_macro   0x00019f1f      0x18b ./source/hello_world.o
 .debug_macro   0x0001a0aa       0x46 ./source/hello_world.o
 .debug_macro   0x0001a0f0       0x22 ./source/hello_world.o
 .debug_macro   0x0001a112       0x16 ./source/hello_world.o
 .debug_macro   0x0001a128       0x16 ./source/hello_world.o
 .debug_macro   0x0001a13e      0x24f ./source/hello_world.o
 .debug_macro   0x0001a38d       0x10 ./source/hello_world.o
 .debug_macro   0x0001a39d       0x11 ./source/semihost_hardfault.o
 .debug_macro   0x0001a3ae      0x1e4 ./drivers/fsl_clock.o
 .debug_macro   0x0001a592      0x122 ./drivers/fsl_ftm.o
 .debug_macro   0x0001a6b4      0x121 ./drivers/fsl_lpuart.o
 .debug_macro   0x0001a7d5       0x10 ./drivers/fsl_lpuart.o
 .debug_macro   0x0001a7e5      0x127 ./drivers/fsl_uart.o
 .debug_macro   0x0001a90c       0x10 ./drivers/fsl_uart.o
 .debug_macro   0x0001a91c       0x98 ./device/system_MK66F18.o
 .debug_macro   0x0001a9b4      0x153 ./board/clock_config.o
 .debug_macro   0x0001ab07      0x11e ./board/pin_mux.o

.debug_line     0x00000000     0x6d5a
 .debug_line    0x00000000      0x39a ./utilities/fsl_assert.o
 .debug_line    0x0000039a      0xa61 ./startup/startup_mk66f18.o
 .debug_line    0x00000dfb      0x5b1 ./source/hello_world.o
 .debug_line    0x000013ac       0x59 ./source/semihost_hardfault.o
 .debug_line    0x00001405     0x183e ./drivers/fsl_clock.o
 .debug_line    0x00002c43      0xfff ./drivers/fsl_ftm.o
 .debug_line    0x00003c42      0xfdd ./drivers/fsl_lpuart.o
 .debug_line    0x00004c1f     0x146a ./drivers/fsl_uart.o
 .debug_line    0x00006089      0x42a ./device/system_MK66F18.o
 .debug_line    0x000064b3      0x4b1 ./board/clock_config.o
 .debug_line    0x00006964      0x3f6 ./board/pin_mux.o

.debug_str      0x00000000    0xbd17b
 .debug_str     0x00000000    0xb50ce ./utilities/fsl_assert.o
                              0xb516b (size before relaxing)
 .debug_str     0x000b50ce      0x959 ./startup/startup_mk66f18.o
                               0x381e (size before relaxing)
 .debug_str     0x000b5a27     0x1955 ./source/hello_world.o
                              0xb6ae7 (size before relaxing)
 .debug_str     0x000b737c       0x1f ./source/semihost_hardfault.o
                               0x2e3a (size before relaxing)
 .debug_str     0x000b739b     0x2d1c ./drivers/fsl_clock.o
                              0xb7ce6 (size before relaxing)
 .debug_str     0x000ba0b7      0xa0b ./drivers/fsl_ftm.o
                              0xb6aa0 (size before relaxing)
 .debug_str     0x000baac2     0x1602 ./drivers/fsl_lpuart.o
                              0xb71c7 (size before relaxing)
 .debug_str     0x000bc0c4      0x9d7 ./drivers/fsl_uart.o
                              0xb7138 (size before relaxing)
 .debug_str     0x000bca9b      0x127 ./device/system_MK66F18.o
                              0xb35e6 (size before relaxing)
 .debug_str     0x000bcbc2      0x442 ./board/clock_config.o
                              0xb6090 (size before relaxing)
 .debug_str     0x000bd004      0x177 ./board/pin_mux.o
                              0xb544d (size before relaxing)

.comment        0x00000000       0x49
 .comment       0x00000000       0x49 ./utilities/fsl_assert.o
                                 0x4a (size before relaxing)
 .comment       0x00000049       0x4a ./startup/startup_mk66f18.o
 .comment       0x00000049       0x4a ./source/hello_world.o
 .comment       0x00000049       0x4a ./source/semihost_hardfault.o
 .comment       0x00000049       0x4a ./drivers/fsl_clock.o
 .comment       0x00000049       0x4a ./drivers/fsl_ftm.o
 .comment       0x00000049       0x4a ./drivers/fsl_lpuart.o
 .comment       0x00000049       0x4a ./drivers/fsl_uart.o
 .comment       0x00000049       0x4a ./device/system_MK66F18.o
 .comment       0x00000049       0x4a ./board/clock_config.o
 .comment       0x00000049       0x4a ./board/pin_mux.o
 .comment       0x00000049       0x4a d:/mcuxpressoide_11.5.0_7232/ide/plugins/com.nxp.mcuxpresso.tools.win32_11.5.0.202107051138/tools/bin/../lib/gcc/arm-none-eabi/10.3.1/../../../../arm-none-eabi/lib/thumb/v7e-m+fp/hard\libcr_semihost_nf.a(_cr__main.o)
 .comment       0x00000049       0x4a d:/mcuxpressoide_11.5.0_7232/ide/plugins/com.nxp.mcuxpresso.tools.win32_11.5.0.202107051138/tools/bin/../lib/gcc/arm-none-eabi/10.3.1/../../../../arm-none-eabi/lib/thumb/v7e-m+fp/hard\libcr_c.a(memset.o)
 .comment       0x00000049       0x4a d:/mcuxpressoide_11.5.0_7232/ide/plugins/com.nxp.mcuxpresso.tools.win32_11.5.0.202107051138/tools/bin/../lib/gcc/arm-none-eabi/10.3.1/../../../../arm-none-eabi/lib/thumb/v7e-m+fp/hard\libcr_c.a(alloc.o)
 .comment       0x00000049       0x4a d:/mcuxpressoide_11.5.0_7232/ide/plugins/com.nxp.mcuxpresso.tools.win32_11.5.0.202107051138/tools/bin/../lib/gcc/arm-none-eabi/10.3.1/../../../../arm-none-eabi/lib/thumb/v7e-m+fp/hard\libcr_c.a(initio.o)
 .comment       0x00000049       0x4a d:/mcuxpressoide_11.5.0_7232/ide/plugins/com.nxp.mcuxpresso.tools.win32_11.5.0.202107051138/tools/bin/../lib/gcc/arm-none-eabi/10.3.1/../../../../arm-none-eabi/lib/thumb/v7e-m+fp/hard\libcr_c.a(printf.o)
 .comment       0x00000049       0x4a d:/mcuxpressoide_11.5.0_7232/ide/plugins/com.nxp.mcuxpresso.tools.win32_11.5.0.202107051138/tools/bin/../lib/gcc/arm-none-eabi/10.3.1/../../../../arm-none-eabi/lib/thumb/v7e-m+fp/hard\libcr_c.a(scanf.o)
 .comment       0x00000049       0x4a d:/mcuxpressoide_11.5.0_7232/ide/plugins/com.nxp.mcuxpresso.tools.win32_11.5.0.202107051138/tools/bin/../lib/gcc/arm-none-eabi/10.3.1/../../../../arm-none-eabi/lib/thumb/v7e-m+fp/hard\libcr_c.a(setvbuf.o)
 .comment       0x00000049       0x4a d:/mcuxpressoide_11.5.0_7232/ide/plugins/com.nxp.mcuxpresso.tools.win32_11.5.0.202107051138/tools/bin/../lib/gcc/arm-none-eabi/10.3.1/../../../../arm-none-eabi/lib/thumb/v7e-m+fp/hard\libcr_c.a(strlen.o)
 .comment       0x00000049       0x4a d:/mcuxpressoide_11.5.0_7232/ide/plugins/com.nxp.mcuxpresso.tools.win32_11.5.0.202107051138/tools/bin/../lib/gcc/arm-none-eabi/10.3.1/../../../../arm-none-eabi/lib/thumb/v7e-m+fp/hard\libcr_c.a(ungetc.o)
 .comment       0x00000049       0x4a d:/mcuxpressoide_11.5.0_7232/ide/plugins/com.nxp.mcuxpresso.tools.win32_11.5.0.202107051138/tools/bin/../lib/gcc/arm-none-eabi/10.3.1/../../../../arm-none-eabi/lib/thumb/v7e-m+fp/hard\libcr_c.a(__fillbuf.o)
 .comment       0x00000049       0x4a d:/mcuxpressoide_11.5.0_7232/ide/plugins/com.nxp.mcuxpresso.tools.win32_11.5.0.202107051138/tools/bin/../lib/gcc/arm-none-eabi/10.3.1/../../../../arm-none-eabi/lib/thumb/v7e-m+fp/hard\libcr_c.a(__init_alloc.o)
 .comment       0x00000049       0x4a d:/mcuxpressoide_11.5.0_7232/ide/plugins/com.nxp.mcuxpresso.tools.win32_11.5.0.202107051138/tools/bin/../lib/gcc/arm-none-eabi/10.3.1/../../../../arm-none-eabi/lib/thumb/v7e-m+fp/hard\libcr_c.a(_cr_sbrk.o)
 .comment       0x00000049       0x4a d:/mcuxpressoide_11.5.0_7232/ide/plugins/com.nxp.mcuxpresso.tools.win32_11.5.0.202107051138/tools/bin/../lib/gcc/arm-none-eabi/10.3.1/../../../../arm-none-eabi/lib/thumb/v7e-m+fp/hard\libcr_c.a(_deferredlazyseek.o)
 .comment       0x00000049       0x4a d:/mcuxpressoide_11.5.0_7232/ide/plugins/com.nxp.mcuxpresso.tools.win32_11.5.0.202107051138/tools/bin/../lib/gcc/arm-none-eabi/10.3.1/../../../../arm-none-eabi/lib/thumb/v7e-m+fp/hard\libcr_c.a(_fdopen.o)
 .comment       0x00000049       0x4a d:/mcuxpressoide_11.5.0_7232/ide/plugins/com.nxp.mcuxpresso.tools.win32_11.5.0.202107051138/tools/bin/../lib/gcc/arm-none-eabi/10.3.1/../../../../arm-none-eabi/lib/thumb/v7e-m+fp/hard\libcr_c.a(_fflush.o)
 .comment       0x00000049       0x4a d:/mcuxpressoide_11.5.0_7232/ide/plugins/com.nxp.mcuxpresso.tools.win32_11.5.0.202107051138/tools/bin/../lib/gcc/arm-none-eabi/10.3.1/../../../../arm-none-eabi/lib/thumb/v7e-m+fp/hard\libcr_c.a(_frexpl.o)
 .comment       0x00000049       0x4a d:/mcuxpressoide_11.5.0_7232/ide/plugins/com.nxp.mcuxpresso.tools.win32_11.5.0.202107051138/tools/bin/../lib/gcc/arm-none-eabi/10.3.1/../../../../arm-none-eabi/lib/thumb/v7e-m+fp/hard\libcr_c.a(_ldexpl.o)
 .comment       0x00000049       0x4a d:/mcuxpressoide_11.5.0_7232/ide/plugins/com.nxp.mcuxpresso.tools.win32_11.5.0.202107051138/tools/bin/../lib/gcc/arm-none-eabi/10.3.1/../../../../arm-none-eabi/lib/thumb/v7e-m+fp/hard\libcr_c.a(_writebuf.o)
 .comment       0x00000049       0x4a d:/mcuxpressoide_11.5.0_7232/ide/plugins/com.nxp.mcuxpresso.tools.win32_11.5.0.202107051138/tools/bin/../lib/gcc/arm-none-eabi/10.3.1/../../../../arm-none-eabi/lib/thumb/v7e-m+fp/hard\libcr_c.a(ctype.o)
 .comment       0x00000049       0x4a d:/mcuxpressoide_11.5.0_7232/ide/plugins/com.nxp.mcuxpresso.tools.win32_11.5.0.202107051138/tools/bin/../lib/gcc/arm-none-eabi/10.3.1/../../../../arm-none-eabi/lib/thumb/v7e-m+fp/hard\libcr_c.a(errno.o)
 .comment       0x00000049       0x4a d:/mcuxpressoide_11.5.0_7232/ide/plugins/com.nxp.mcuxpresso.tools.win32_11.5.0.202107051138/tools/bin/../lib/gcc/arm-none-eabi/10.3.1/../../../../arm-none-eabi/lib/thumb/v7e-m+fp/hard\libcr_c.a(fclose.o)
 .comment       0x00000049       0x4a d:/mcuxpressoide_11.5.0_7232/ide/plugins/com.nxp.mcuxpresso.tools.win32_11.5.0.202107051138/tools/bin/../lib/gcc/arm-none-eabi/10.3.1/../../../../arm-none-eabi/lib/thumb/v7e-m+fp/hard\libcr_c.a(fflush.o)
 .comment       0x00000049       0x4a d:/mcuxpressoide_11.5.0_7232/ide/plugins/com.nxp.mcuxpresso.tools.win32_11.5.0.202107051138/tools/bin/../lib/gcc/arm-none-eabi/10.3.1/../../../../arm-none-eabi/lib/thumb/v7e-m+fp/hard\libcr_c.a(fseek.o)
 .comment       0x00000049       0x4a d:/mcuxpressoide_11.5.0_7232/ide/plugins/com.nxp.mcuxpresso.tools.win32_11.5.0.202107051138/tools/bin/../lib/gcc/arm-none-eabi/10.3.1/../../../../arm-none-eabi/lib/thumb/v7e-m+fp/hard\libcr_c.a(ftell.o)
 .comment       0x00000049       0x4a d:/mcuxpressoide_11.5.0_7232/ide/plugins/com.nxp.mcuxpresso.tools.win32_11.5.0.202107051138/tools/bin/../lib/gcc/arm-none-eabi/10.3.1/../../../../arm-none-eabi/lib/thumb/v7e-m+fp/hard\libcr_c.a(remove.o)
 .comment       0x00000049       0x4a d:/mcuxpressoide_11.5.0_7232/ide/plugins/com.nxp.mcuxpresso.tools.win32_11.5.0.202107051138/tools/bin/../lib/gcc/arm-none-eabi/10.3.1/../../../../arm-none-eabi/lib/thumb/v7e-m+fp/hard\libcr_c.a(_cr_check_heap.o)
 .comment       0x00000049       0x4a d:/mcuxpressoide_11.5.0_7232/ide/plugins/com.nxp.mcuxpresso.tools.win32_11.5.0.202107051138/tools/bin/../lib/gcc/arm-none-eabi/10.3.1/../../../../arm-none-eabi/lib/thumb/v7e-m+fp/hard\libcr_c.a(_do_fflush.o)
 .comment       0x00000049       0x4a d:/mcuxpressoide_11.5.0_7232/ide/plugins/com.nxp.mcuxpresso.tools.win32_11.5.0.202107051138/tools/bin/../lib/gcc/arm-none-eabi/10.3.1/thumb/v7e-m+fp/hard\libcr_eabihelpers.a(double.o)
 .comment       0x00000049       0x4a d:/mcuxpressoide_11.5.0_7232/ide/plugins/com.nxp.mcuxpresso.tools.win32_11.5.0.202107051138/tools/bin/../lib/gcc/arm-none-eabi/10.3.1/thumb/v7e-m+fp/hard\libcr_eabihelpers.a(float.o)
 .comment       0x00000049       0x4a d:/mcuxpressoide_11.5.0_7232/ide/plugins/com.nxp.mcuxpresso.tools.win32_11.5.0.202107051138/tools/bin/../lib/gcc/arm-none-eabi/10.3.1/../../../../arm-none-eabi/lib/thumb/v7e-m+fp/hard\libcr_semihost_nf.a(__ciob.o)

.ARM.attributes
                0x00000000       0x32
 .ARM.attributes
                0x00000000       0x34 ./utilities/fsl_assert.o
 .ARM.attributes
                0x00000034       0x34 ./startup/startup_mk66f18.o
 .ARM.attributes
                0x00000068       0x34 ./source/hello_world.o
 .ARM.attributes
                0x0000009c       0x34 ./source/semihost_hardfault.o
 .ARM.attributes
                0x000000d0       0x34 ./drivers/fsl_clock.o
 .ARM.attributes
                0x00000104       0x34 ./drivers/fsl_ftm.o
 .ARM.attributes
                0x00000138       0x34 ./drivers/fsl_lpuart.o
 .ARM.attributes
                0x0000016c       0x34 ./drivers/fsl_uart.o
 .ARM.attributes
                0x000001a0       0x34 ./device/system_MK66F18.o
 .ARM.attributes
                0x000001d4       0x34 ./board/clock_config.o
 .ARM.attributes
                0x00000208       0x34 ./board/pin_mux.o
 .ARM.attributes
                0x0000023c       0x34 d:/mcuxpressoide_11.5.0_7232/ide/plugins/com.nxp.mcuxpresso.tools.win32_11.5.0.202107051138/tools/bin/../lib/gcc/arm-none-eabi/10.3.1/../../../../arm-none-eabi/lib/thumb/v7e-m+fp/hard\libcr_semihost_nf.a(_cr__main.o)
 .ARM.attributes
                0x00000270       0x34 d:/mcuxpressoide_11.5.0_7232/ide/plugins/com.nxp.mcuxpresso.tools.win32_11.5.0.202107051138/tools/bin/../lib/gcc/arm-none-eabi/10.3.1/../../../../arm-none-eabi/lib/thumb/v7e-m+fp/hard\libcr_c.a(memset.o)
 .ARM.attributes
                0x000002a4       0x34 d:/mcuxpressoide_11.5.0_7232/ide/plugins/com.nxp.mcuxpresso.tools.win32_11.5.0.202107051138/tools/bin/../lib/gcc/arm-none-eabi/10.3.1/../../../../arm-none-eabi/lib/thumb/v7e-m+fp/hard\libcr_c.a(alloc.o)
 .ARM.attributes
                0x000002d8       0x34 d:/mcuxpressoide_11.5.0_7232/ide/plugins/com.nxp.mcuxpresso.tools.win32_11.5.0.202107051138/tools/bin/../lib/gcc/arm-none-eabi/10.3.1/../../../../arm-none-eabi/lib/thumb/v7e-m+fp/hard\libcr_c.a(initio.o)
 .ARM.attributes
                0x0000030c       0x34 d:/mcuxpressoide_11.5.0_7232/ide/plugins/com.nxp.mcuxpresso.tools.win32_11.5.0.202107051138/tools/bin/../lib/gcc/arm-none-eabi/10.3.1/../../../../arm-none-eabi/lib/thumb/v7e-m+fp/hard\libcr_c.a(printf.o)
 .ARM.attributes
                0x00000340       0x34 d:/mcuxpressoide_11.5.0_7232/ide/plugins/com.nxp.mcuxpresso.tools.win32_11.5.0.202107051138/tools/bin/../lib/gcc/arm-none-eabi/10.3.1/../../../../arm-none-eabi/lib/thumb/v7e-m+fp/hard\libcr_c.a(scanf.o)
 .ARM.attributes
                0x00000374       0x34 d:/mcuxpressoide_11.5.0_7232/ide/plugins/com.nxp.mcuxpresso.tools.win32_11.5.0.202107051138/tools/bin/../lib/gcc/arm-none-eabi/10.3.1/../../../../arm-none-eabi/lib/thumb/v7e-m+fp/hard\libcr_c.a(setvbuf.o)
 .ARM.attributes
                0x000003a8       0x34 d:/mcuxpressoide_11.5.0_7232/ide/plugins/com.nxp.mcuxpresso.tools.win32_11.5.0.202107051138/tools/bin/../lib/gcc/arm-none-eabi/10.3.1/../../../../arm-none-eabi/lib/thumb/v7e-m+fp/hard\libcr_c.a(strlen.o)
 .ARM.attributes
                0x000003dc       0x34 d:/mcuxpressoide_11.5.0_7232/ide/plugins/com.nxp.mcuxpresso.tools.win32_11.5.0.202107051138/tools/bin/../lib/gcc/arm-none-eabi/10.3.1/../../../../arm-none-eabi/lib/thumb/v7e-m+fp/hard\libcr_c.a(ungetc.o)
 .ARM.attributes
                0x00000410       0x34 d:/mcuxpressoide_11.5.0_7232/ide/plugins/com.nxp.mcuxpresso.tools.win32_11.5.0.202107051138/tools/bin/../lib/gcc/arm-none-eabi/10.3.1/../../../../arm-none-eabi/lib/thumb/v7e-m+fp/hard\libcr_c.a(__fillbuf.o)
 .ARM.attributes
                0x00000444       0x34 d:/mcuxpressoide_11.5.0_7232/ide/plugins/com.nxp.mcuxpresso.tools.win32_11.5.0.202107051138/tools/bin/../lib/gcc/arm-none-eabi/10.3.1/../../../../arm-none-eabi/lib/thumb/v7e-m+fp/hard\libcr_c.a(__init_alloc.o)
 .ARM.attributes
                0x00000478       0x34 d:/mcuxpressoide_11.5.0_7232/ide/plugins/com.nxp.mcuxpresso.tools.win32_11.5.0.202107051138/tools/bin/../lib/gcc/arm-none-eabi/10.3.1/../../../../arm-none-eabi/lib/thumb/v7e-m+fp/hard\libcr_c.a(_cr_sbrk.o)
 .ARM.attributes
                0x000004ac       0x34 d:/mcuxpressoide_11.5.0_7232/ide/plugins/com.nxp.mcuxpresso.tools.win32_11.5.0.202107051138/tools/bin/../lib/gcc/arm-none-eabi/10.3.1/../../../../arm-none-eabi/lib/thumb/v7e-m+fp/hard\libcr_c.a(_deferredlazyseek.o)
 .ARM.attributes
                0x000004e0       0x34 d:/mcuxpressoide_11.5.0_7232/ide/plugins/com.nxp.mcuxpresso.tools.win32_11.5.0.202107051138/tools/bin/../lib/gcc/arm-none-eabi/10.3.1/../../../../arm-none-eabi/lib/thumb/v7e-m+fp/hard\libcr_c.a(_fdopen.o)
 .ARM.attributes
                0x00000514       0x34 d:/mcuxpressoide_11.5.0_7232/ide/plugins/com.nxp.mcuxpresso.tools.win32_11.5.0.202107051138/tools/bin/../lib/gcc/arm-none-eabi/10.3.1/../../../../arm-none-eabi/lib/thumb/v7e-m+fp/hard\libcr_c.a(_fflush.o)
 .ARM.attributes
                0x00000548       0x34 d:/mcuxpressoide_11.5.0_7232/ide/plugins/com.nxp.mcuxpresso.tools.win32_11.5.0.202107051138/tools/bin/../lib/gcc/arm-none-eabi/10.3.1/../../../../arm-none-eabi/lib/thumb/v7e-m+fp/hard\libcr_c.a(_frexpl.o)
 .ARM.attributes
                0x0000057c       0x34 d:/mcuxpressoide_11.5.0_7232/ide/plugins/com.nxp.mcuxpresso.tools.win32_11.5.0.202107051138/tools/bin/../lib/gcc/arm-none-eabi/10.3.1/../../../../arm-none-eabi/lib/thumb/v7e-m+fp/hard\libcr_c.a(_ldexpl.o)
 .ARM.attributes
                0x000005b0       0x34 d:/mcuxpressoide_11.5.0_7232/ide/plugins/com.nxp.mcuxpresso.tools.win32_11.5.0.202107051138/tools/bin/../lib/gcc/arm-none-eabi/10.3.1/../../../../arm-none-eabi/lib/thumb/v7e-m+fp/hard\libcr_c.a(_writebuf.o)
 .ARM.attributes
                0x000005e4       0x34 d:/mcuxpressoide_11.5.0_7232/ide/plugins/com.nxp.mcuxpresso.tools.win32_11.5.0.202107051138/tools/bin/../lib/gcc/arm-none-eabi/10.3.1/../../../../arm-none-eabi/lib/thumb/v7e-m+fp/hard\libcr_c.a(ctype.o)
 .ARM.attributes
                0x00000618       0x39 d:/mcuxpressoide_11.5.0_7232/ide/plugins/com.nxp.mcuxpresso.tools.win32_11.5.0.202107051138/tools/bin/../lib/gcc/arm-none-eabi/10.3.1/../../../../arm-none-eabi/lib/thumb/v7e-m+fp/hard\libcr_c.a(errno.o)
 .ARM.attributes
                0x00000651       0x34 d:/mcuxpressoide_11.5.0_7232/ide/plugins/com.nxp.mcuxpresso.tools.win32_11.5.0.202107051138/tools/bin/../lib/gcc/arm-none-eabi/10.3.1/../../../../arm-none-eabi/lib/thumb/v7e-m+fp/hard\libcr_c.a(fclose.o)
 .ARM.attributes
                0x00000685       0x34 d:/mcuxpressoide_11.5.0_7232/ide/plugins/com.nxp.mcuxpresso.tools.win32_11.5.0.202107051138/tools/bin/../lib/gcc/arm-none-eabi/10.3.1/../../../../arm-none-eabi/lib/thumb/v7e-m+fp/hard\libcr_c.a(fflush.o)
 .ARM.attributes
                0x000006b9       0x34 d:/mcuxpressoide_11.5.0_7232/ide/plugins/com.nxp.mcuxpresso.tools.win32_11.5.0.202107051138/tools/bin/../lib/gcc/arm-none-eabi/10.3.1/../../../../arm-none-eabi/lib/thumb/v7e-m+fp/hard\libcr_c.a(fseek.o)
 .ARM.attributes
                0x000006ed       0x34 d:/mcuxpressoide_11.5.0_7232/ide/plugins/com.nxp.mcuxpresso.tools.win32_11.5.0.202107051138/tools/bin/../lib/gcc/arm-none-eabi/10.3.1/../../../../arm-none-eabi/lib/thumb/v7e-m+fp/hard\libcr_c.a(ftell.o)
 .ARM.attributes
                0x00000721       0x34 d:/mcuxpressoide_11.5.0_7232/ide/plugins/com.nxp.mcuxpresso.tools.win32_11.5.0.202107051138/tools/bin/../lib/gcc/arm-none-eabi/10.3.1/../../../../arm-none-eabi/lib/thumb/v7e-m+fp/hard\libcr_c.a(remove.o)
 .ARM.attributes
                0x00000755       0x34 d:/mcuxpressoide_11.5.0_7232/ide/plugins/com.nxp.mcuxpresso.tools.win32_11.5.0.202107051138/tools/bin/../lib/gcc/arm-none-eabi/10.3.1/../../../../arm-none-eabi/lib/thumb/v7e-m+fp/hard\libcr_c.a(_cr_check_heap.o)
 .ARM.attributes
                0x00000789       0x34 d:/mcuxpressoide_11.5.0_7232/ide/plugins/com.nxp.mcuxpresso.tools.win32_11.5.0.202107051138/tools/bin/../lib/gcc/arm-none-eabi/10.3.1/../../../../arm-none-eabi/lib/thumb/v7e-m+fp/hard\libcr_c.a(_do_fflush.o)
 .ARM.attributes
                0x000007bd       0x34 d:/mcuxpressoide_11.5.0_7232/ide/plugins/com.nxp.mcuxpresso.tools.win32_11.5.0.202107051138/tools/bin/../lib/gcc/arm-none-eabi/10.3.1/thumb/v7e-m+fp/hard\libcr_eabihelpers.a(double.o)
 .ARM.attributes
                0x000007f1       0x34 d:/mcuxpressoide_11.5.0_7232/ide/plugins/com.nxp.mcuxpresso.tools.win32_11.5.0.202107051138/tools/bin/../lib/gcc/arm-none-eabi/10.3.1/thumb/v7e-m+fp/hard\libcr_eabihelpers.a(float.o)
 .ARM.attributes
                0x00000825       0x20 d:/mcuxpressoide_11.5.0_7232/ide/plugins/com.nxp.mcuxpresso.tools.win32_11.5.0.202107051138/tools/bin/../lib/gcc/arm-none-eabi/10.3.1/thumb/v7e-m+fp/hard\libcr_eabihelpers.a(memcpy.o)
 .ARM.attributes
                0x00000845       0x39 d:/mcuxpressoide_11.5.0_7232/ide/plugins/com.nxp.mcuxpresso.tools.win32_11.5.0.202107051138/tools/bin/../lib/gcc/arm-none-eabi/10.3.1/../../../../arm-none-eabi/lib/thumb/v7e-m+fp/hard\libcr_semihost_nf.a(__ciob.o)
 .ARM.attributes
                0x0000087e       0x20 d:/mcuxpressoide_11.5.0_7232/ide/plugins/com.nxp.mcuxpresso.tools.win32_11.5.0.202107051138/tools/bin/../lib/gcc/arm-none-eabi/10.3.1/../../../../arm-none-eabi/lib/thumb/v7e-m+fp/hard\libcr_semihost_nf.a(__sys_appexit.o)
 .ARM.attributes
                0x0000089e       0x20 d:/mcuxpressoide_11.5.0_7232/ide/plugins/com.nxp.mcuxpresso.tools.win32_11.5.0.202107051138/tools/bin/../lib/gcc/arm-none-eabi/10.3.1/../../../../arm-none-eabi/lib/thumb/v7e-m+fp/hard\libcr_semihost_nf.a(__sys_close.o)
 .ARM.attributes
                0x000008be       0x20 d:/mcuxpressoide_11.5.0_7232/ide/plugins/com.nxp.mcuxpresso.tools.win32_11.5.0.202107051138/tools/bin/../lib/gcc/arm-none-eabi/10.3.1/../../../../arm-none-eabi/lib/thumb/v7e-m+fp/hard\libcr_semihost_nf.a(__sys_flen.o)
 .ARM.attributes
                0x000008de       0x20 d:/mcuxpressoide_11.5.0_7232/ide/plugins/com.nxp.mcuxpresso.tools.win32_11.5.0.202107051138/tools/bin/../lib/gcc/arm-none-eabi/10.3.1/../../../../arm-none-eabi/lib/thumb/v7e-m+fp/hard\libcr_semihost_nf.a(__sys_istty.o)
 .ARM.attributes
                0x000008fe       0x20 d:/mcuxpressoide_11.5.0_7232/ide/plugins/com.nxp.mcuxpresso.tools.win32_11.5.0.202107051138/tools/bin/../lib/gcc/arm-none-eabi/10.3.1/../../../../arm-none-eabi/lib/thumb/v7e-m+fp/hard\libcr_semihost_nf.a(__sys_read.o)
 .ARM.attributes
                0x0000091e       0x20 d:/mcuxpressoide_11.5.0_7232/ide/plugins/com.nxp.mcuxpresso.tools.win32_11.5.0.202107051138/tools/bin/../lib/gcc/arm-none-eabi/10.3.1/../../../../arm-none-eabi/lib/thumb/v7e-m+fp/hard\libcr_semihost_nf.a(__sys_readc.o)
 .ARM.attributes
                0x0000093e       0x20 d:/mcuxpressoide_11.5.0_7232/ide/plugins/com.nxp.mcuxpresso.tools.win32_11.5.0.202107051138/tools/bin/../lib/gcc/arm-none-eabi/10.3.1/../../../../arm-none-eabi/lib/thumb/v7e-m+fp/hard\libcr_semihost_nf.a(__sys_remove.o)
 .ARM.attributes
                0x0000095e       0x20 d:/mcuxpressoide_11.5.0_7232/ide/plugins/com.nxp.mcuxpresso.tools.win32_11.5.0.202107051138/tools/bin/../lib/gcc/arm-none-eabi/10.3.1/../../../../arm-none-eabi/lib/thumb/v7e-m+fp/hard\libcr_semihost_nf.a(__sys_seek.o)
 .ARM.attributes
                0x0000097e       0x20 d:/mcuxpressoide_11.5.0_7232/ide/plugins/com.nxp.mcuxpresso.tools.win32_11.5.0.202107051138/tools/bin/../lib/gcc/arm-none-eabi/10.3.1/../../../../arm-none-eabi/lib/thumb/v7e-m+fp/hard\libcr_semihost_nf.a(__sys_tmpnam.o)
 .ARM.attributes
                0x0000099e       0x20 d:/mcuxpressoide_11.5.0_7232/ide/plugins/com.nxp.mcuxpresso.tools.win32_11.5.0.202107051138/tools/bin/../lib/gcc/arm-none-eabi/10.3.1/../../../../arm-none-eabi/lib/thumb/v7e-m+fp/hard\libcr_semihost_nf.a(__sys_write.o)

.debug_frame    0x00000000     0x27f8
 .debug_frame   0x00000000       0x30 ./utilities/fsl_assert.o
 .debug_frame   0x00000030      0xa4c ./startup/startup_mk66f18.o
 .debug_frame   0x00000a7c       0xd0 ./source/hello_world.o
 .debug_frame   0x00000b4c       0x20 ./source/semihost_hardfault.o
 .debug_frame   0x00000b6c      0xa38 ./drivers/fsl_clock.o
 .debug_frame   0x000015a4      0x3a8 ./drivers/fsl_ftm.o
 .debug_frame   0x0000194c      0x54c ./drivers/fsl_lpuart.o
 .debug_frame   0x00001e98      0x714 ./drivers/fsl_uart.o