D:\4DS4\MCUXpressoIDE_11.5.0_7232\workspace\frdmk66f_ecompass_peripheral_lab1_problem5\drivers/fsl_clock.h:725:20:CLOCK_EnableClock	24	static
D:\4DS4\MCUXpressoIDE_11.5.0_7232\workspace\frdmk66f_ecompass_peripheral_lab1_problem5\drivers/fsl_port.h:271:20:PORT_SetPinConfig	32	static
D:\4DS4\MCUXpressoIDE_11.5.0_7232\workspace\frdmk66f_ecompass_peripheral_lab1_problem5\drivers/fsl_port.h:374:20:PORT_SetPinMux	24	static
D:\4DS4\MCUXpressoIDE_11.5.0_7232\workspace\frdmk66f_ecompass_peripheral_lab1_problem5\drivers/fsl_port.h:389:20:PORT_EnablePinsDigitalFilter	24	static
../board/pin_mux.c:41:6:BOARD_InitBootPins	8	static
../board/pin_mux.c:64:6:BOARD_InitPins	8	static
../board/pin_mux.c:101:6:BOARD_I2C_ConfigurePins	16	static
../board/pin_mux.c:169:6:BOARD_GPIO_ConfigurePins	16	static
