Archive member included to satisfy reference by file (symbol)

d:/mcuxpressoide_11.5.0_7232/ide/plugins/com.nxp.mcuxpresso.tools.win32_11.5.0.202107051138/tools/bin/../lib/gcc/arm-none-eabi/10.3.1/../../../../arm-none-eabi/lib/thumb/v7e-m+fp/hard\libcr_semihost_nf.a(__ciob.o)
                              ./source/ecompass_peripheral.o (__Ciob)
d:/mcuxpressoide_11.5.0_7232/ide/plugins/com.nxp.mcuxpresso.tools.win32_11.5.0.202107051138/tools/bin/../lib/gcc/arm-none-eabi/10.3.1/../../../../arm-none-eabi/lib/thumb/v7e-m+fp/hard\libcr_semihost_nf.a(_cr__main.o)
                              ./startup/startup_mk66f18.o (__main)
d:/mcuxpressoide_11.5.0_7232/ide/plugins/com.nxp.mcuxpresso.tools.win32_11.5.0.202107051138/tools/bin/../lib/gcc/arm-none-eabi/10.3.1/../../../../arm-none-eabi/lib/thumb/v7e-m+fp/hard\libcr_c.a(memcpy.o)
                              ./source/ecompass_peripheral.o (memcpy)
d:/mcuxpressoide_11.5.0_7232/ide/plugins/com.nxp.mcuxpresso.tools.win32_11.5.0.202107051138/tools/bin/../lib/gcc/arm-none-eabi/10.3.1/../../../../arm-none-eabi/lib/thumb/v7e-m+fp/hard\libcr_c.a(memset.o)
                              ./drivers/fsl_dspi.o (memset)
d:/mcuxpressoide_11.5.0_7232/ide/plugins/com.nxp.mcuxpresso.tools.win32_11.5.0.202107051138/tools/bin/../lib/gcc/arm-none-eabi/10.3.1/../../../../arm-none-eabi/lib/thumb/v7e-m+fp/hard\libcr_c.a(__fillbuf.o)
                              ./source/ecompass_peripheral.o (__filbuf)
d:/mcuxpressoide_11.5.0_7232/ide/plugins/com.nxp.mcuxpresso.tools.win32_11.5.0.202107051138/tools/bin/../lib/gcc/arm-none-eabi/10.3.1/../../../../arm-none-eabi/lib/thumb/v7e-m+fp/hard\libcr_c.a(_deferredlazyseek.o)
                              d:/mcuxpressoide_11.5.0_7232/ide/plugins/com.nxp.mcuxpresso.tools.win32_11.5.0.202107051138/tools/bin/../lib/gcc/arm-none-eabi/10.3.1/../../../../arm-none-eabi/lib/thumb/v7e-m+fp/hard\libcr_c.a(__fillbuf.o) (_deferredlazyseek)
d:/mcuxpressoide_11.5.0_7232/ide/plugins/com.nxp.mcuxpresso.tools.win32_11.5.0.202107051138/tools/bin/../lib/gcc/arm-none-eabi/10.3.1/../../../../arm-none-eabi/lib/thumb/v7e-m+fp/hard\libcr_c.a(_fflush.o)
                              d:/mcuxpressoide_11.5.0_7232/ide/plugins/com.nxp.mcuxpresso.tools.win32_11.5.0.202107051138/tools/bin/../lib/gcc/arm-none-eabi/10.3.1/../../../../arm-none-eabi/lib/thumb/v7e-m+fp/hard\libcr_c.a(__fillbuf.o) (_fflush)
d:/mcuxpressoide_11.5.0_7232/ide/plugins/com.nxp.mcuxpresso.tools.win32_11.5.0.202107051138/tools/bin/../lib/gcc/arm-none-eabi/10.3.1/../../../../arm-none-eabi/lib/thumb/v7e-m+fp/hard\libcr_c.a(_writebuf.o)
                              d:/mcuxpressoide_11.5.0_7232/ide/plugins/com.nxp.mcuxpresso.tools.win32_11.5.0.202107051138/tools/bin/../lib/gcc/arm-none-eabi/10.3.1/../../../../arm-none-eabi/lib/thumb/v7e-m+fp/hard\libcr_c.a(_deferredlazyseek.o) (_Cwritebuf)
d:/mcuxpressoide_11.5.0_7232/ide/plugins/com.nxp.mcuxpresso.tools.win32_11.5.0.202107051138/tools/bin/../lib/gcc/arm-none-eabi/10.3.1/../../../../arm-none-eabi/lib/thumb/v7e-m+fp/hard\libcr_c.a(alloc.o)
                              ./source/ecompass_peripheral.o (malloc)
d:/mcuxpressoide_11.5.0_7232/ide/plugins/com.nxp.mcuxpresso.tools.win32_11.5.0.202107051138/tools/bin/../lib/gcc/arm-none-eabi/10.3.1/../../../../arm-none-eabi/lib/thumb/v7e-m+fp/hard\libcr_c.a(atan2.o)
                              ./source/ecompass_peripheral.o (atan2)
d:/mcuxpressoide_11.5.0_7232/ide/plugins/com.nxp.mcuxpresso.tools.win32_11.5.0.202107051138/tools/bin/../lib/gcc/arm-none-eabi/10.3.1/../../../../arm-none-eabi/lib/thumb/v7e-m+fp/hard\libcr_c.a(cos.o)
                              ./source/ecompass_peripheral.o (cos)
d:/mcuxpressoide_11.5.0_7232/ide/plugins/com.nxp.mcuxpresso.tools.win32_11.5.0.202107051138/tools/bin/../lib/gcc/arm-none-eabi/10.3.1/../../../../arm-none-eabi/lib/thumb/v7e-m+fp/hard\libcr_c.a(errno.o)
                              d:/mcuxpressoide_11.5.0_7232/ide/plugins/com.nxp.mcuxpresso.tools.win32_11.5.0.202107051138/tools/bin/../lib/gcc/arm-none-eabi/10.3.1/../../../../arm-none-eabi/lib/thumb/v7e-m+fp/hard\libcr_c.a(atan2.o) (errno)
d:/mcuxpressoide_11.5.0_7232/ide/plugins/com.nxp.mcuxpresso.tools.win32_11.5.0.202107051138/tools/bin/../lib/gcc/arm-none-eabi/10.3.1/../../../../arm-none-eabi/lib/thumb/v7e-m+fp/hard\libcr_c.a(fabs.o)
                              d:/mcuxpressoide_11.5.0_7232/ide/plugins/com.nxp.mcuxpresso.tools.win32_11.5.0.202107051138/tools/bin/../lib/gcc/arm-none-eabi/10.3.1/../../../../arm-none-eabi/lib/thumb/v7e-m+fp/hard\libcr_c.a(atan2.o) (fabs)
d:/mcuxpressoide_11.5.0_7232/ide/plugins/com.nxp.mcuxpresso.tools.win32_11.5.0.202107051138/tools/bin/../lib/gcc/arm-none-eabi/10.3.1/../../../../arm-none-eabi/lib/thumb/v7e-m+fp/hard\libcr_c.a(fpprintf.o)
                              ./utilities/fsl_assert.o (printf)
[...]
Memory Configuration

Name             Origin             Length             Attributes
PROGRAM_FLASH    0x00000000         0x00200000         xr
SRAM_UPPER       0x20000000         0x00030000         xrw
SRAM_LOWER       0x1fff0000         0x00010000         xrw
FLEX_RAM         0x14000000         0x00001000         xrw
*default*        0x00000000         0xffffffff

Linker script and memory map

LOAD ./utilities/fsl_assert.o
LOAD ./utilities/fsl_debug_console.o
LOAD ./startup/startup_mk66f18.o
LOAD ./source/ecompass_peripheral.o
LOAD ./source/semihost_hardfault.o
LOAD ./drivers/fsl_clock.o
LOAD ./drivers/fsl_common.o
LOAD ./drivers/fsl_common_arm.o
LOAD ./drivers/fsl_dspi.o
LOAD ./drivers/fsl_ftfx_cache.o
LOAD ./drivers/fsl_ftfx_controller.o
LOAD ./drivers/fsl_ftfx_flash.o
LOAD ./drivers/fsl_ftfx_flexnvm.o
LOAD ./drivers/fsl_gpio.o
LOAD ./drivers/fsl_i2c.o
LOAD ./drivers/fsl_lpuart.o
LOAD ./drivers/fsl_smc.o
LOAD ./drivers/fsl_uart.o
LOAD ./device/system_MK66F18.o
LOAD ./component/uart/fsl_adapter_uart.o
LOAD ./component/lists/fsl_component_generic_list.o
LOAD ./board/board.o
LOAD ./board/clock_config.o
LOAD ./board/peripherals.o
LOAD ./board/pin_mux.o
LOAD ./accel/fsl_fxos.o
START GROUP
LOAD d:/mcuxpressoide_11.5.0_7232/ide/plugins/com.nxp.mcuxpresso.tools.win32_11.5.0.202107051138/tools/bin/../lib/gcc/arm-none-eabi/10.3.1/../../../../arm-none-eabi/lib/thumb/v7e-m+fp/hard\libcr_semihost_nf.a
LOAD d:/mcuxpressoide_11.5.0_7232/ide/plugins/com.nxp.mcuxpresso.tools.win32_11.5.0.202107051138/tools/bin/../lib/gcc/arm-none-eabi/10.3.1/../../../../arm-none-eabi/lib/thumb/v7e-m+fp/hard\libcr_c.a
LOAD d:/mcuxpressoide_11.5.0_7232/ide/plugins/com.nxp.mcuxpresso.tools.win32_11.5.0.202107051138/tools/bin/../lib/gcc/arm-none-eabi/10.3.1/thumb/v7e-m+fp/hard\libcr_eabihelpers.a
LOAD d:/mcuxpressoide_11.5.0_7232/ide/plugins/com.nxp.mcuxpresso.tools.win32_11.5.0.202107051138/tools/bin/../lib/gcc/arm-none-eabi/10.3.1/thumb/v7e-m+fp/hard\libgcc.a
END GROUP
                0x00000000                __base_PROGRAM_FLASH = 0x0
                0x00000000                __base_Flash = 0x0
                0x00200000                __top_PROGRAM_FLASH = 0x200000
                0x00200000                __top_Flash = 0x200000
                0x20000000                __base_SRAM_UPPER = 0x20000000
                0x20000000                __base_RAM = 0x20000000
                0x20030000                __top_SRAM_UPPER = 0x20030000
                0x20030000                __top_RAM = 0x20030000
                0x1fff0000                __base_SRAM_LOWER = 0x1fff0000
                0x1fff0000                __base_RAM2 = 0x1fff0000
                0x20000000                __top_SRAM_LOWER = 0x20000000
                0x20000000                __top_RAM2 = 0x20000000
                0x14000000                __base_FLEX_RAM = 0x14000000
                0x14000000                __base_RAM3 = 0x14000000
                0x14001000                __top_FLEX_RAM = 0x14001000
                0x14001000                __top_RAM3 = 0x14001000

.text           0x00000000     0x6cb0
 FILL mask 0xff
                0x00000000                __vectors_start__ = ABSOLUTE (.)
 *(SORT_BY_ALIGNMENT(.isr_vector))
 .isr_vector    0x00000000      0x1d0 ./startup/startup_mk66f18.o
                0x00000000                g_pfnVectors
                0x00000000                __Vectors
                0x000001d0                . = ALIGN (0x4)
                0x000001d0                __section_table_start = .
                0x000001d0                __data_section_table = .
                0x000001d0        0x4 LONG 0x6cb0 LOADADDR (.data)
                0x000001d4        0x4 LONG 0x20000000 ADDR (.data)
                0x000001d8        0x4 LONG 0x18 SIZEOF (.data)
                0x000001dc        0x4 LONG 0x6cb0 LOADADDR (.data_RAM2)
                0x000001e0        0x4 LONG 0x1fff0000 ADDR (.data_RAM2)
                0x000001e4        0x4 LONG 0x0 SIZEOF (.data_RAM2)
                0x000001e8        0x4 LONG 0x6cb0 LOADADDR (.data_RAM3)
                0x000001ec        0x4 LONG 0x14000000 ADDR (.data_RAM3)
                0x000001f0        0x4 LONG 0x0 SIZEOF (.data_RAM3)
                0x000001f4                __data_section_table_end = .
                0x000001f4                __bss_section_table = .
                0x000001f4        0x4 LONG 0x20000018 ADDR (.bss)
                0x000001f8        0x4 LONG 0x250 SIZEOF (.bss)
                0x000001fc        0x4 LONG 0x1fff0000 ADDR (.bss_RAM2)
                0x00000200        0x4 LONG 0x0 SIZEOF (.bss_RAM2)
                0x00000204        0x4 LONG 0x14000000 ADDR (.bss_RAM3)
                0x00000208        0x4 LONG 0x0 SIZEOF (.bss_RAM3)
                0x0000020c                __bss_section_table_end = .
                0x0000020c                __section_table_end = .
 *(SORT_BY_ALIGNMENT(.after_vectors*))
 .after_vectors.reset
                0x0000020c       0x4c ./startup/startup_mk66f18.o
                0x0000020c                ResetISR
 .after_vectors.init_data
                0x00000258       0x1e ./startup/startup_mk66f18.o
                0x00000258                data_init
 .after_vectors.init_bss
                0x00000276       0x12 ./startup/startup_mk66f18.o
                0x00000276                bss_init
 .after_vectors
                0x00000288       0x14 ./startup/startup_mk66f18.o
                0x00000288                NMI_Handler
                0x0000028c                MemManage_Handler
                0x0000028e                BusFault_Handler
                0x00000290                UsageFault_Handler
                0x00000292                SVC_Handler
                0x00000294                DebugMon_Handler
                0x00000296                PendSV_Handler
                0x0000029a                FTM1_DriverIRQHandler
                0x0000029a                FTM2_DriverIRQHandler
                0x0000029a                PIT2_DriverIRQHandler
                0x0000029a                TPM2_DriverIRQHandler
                0x0000029a                SDHC_DriverIRQHandler
                0x0000029a                DMA7_DMA23_DriverIRQHandler
                0x0000029a                I2S0_Tx_DriverIRQHandler
                0x0000029a                TSI0_DriverIRQHandler
                0x0000029a                RTC_Seconds_DriverIRQHandler
                0x0000029a                CMP3_DriverIRQHandler
                0x0000029a                LLWU_DriverIRQHandler
                0x0000029a                MCM_DriverIRQHandler
                0x0000029a                DMA14_DMA30_DriverIRQHandler
                0x0000029a                MCG_DriverIRQHandler
                0x0000029a                ENET_1588_Timer_DriverIRQHandler
                0x0000029a                DAC1_DriverIRQHandler
                0x0000029a                DMA_Error_DriverIRQHandler
                0x0000029a                CMP1_DriverIRQHandler
                0x0000029a                USBHSDCD_DriverIRQHandler
                0x0000029a                DMA0_DMA16_DriverIRQHandler
                0x0000029a                FTM0_DriverIRQHandler
                0x0000029a                IntDefaultHandler
                0x0000029a                USB0_DriverIRQHandler
                0x0000029a                PORTC_DriverIRQHandler
                0x0000029a                DMA2_DMA18_DriverIRQHandler
                0x0000029a                DAC0_DriverIRQHandler
                0x0000029a                CMP2_DriverIRQHandler
                0x0000029a                UART2_ERR_DriverIRQHandler
                0x0000029a                LVD_LVW_DriverIRQHandler
                0x0000029a                Reserved84_DriverIRQHandler
                0x0000029a                PIT0_DriverIRQHandler
                0x0000029a                LPTMR0_DriverIRQHandler
                0x0000029a                USBDCD_DriverIRQHandler
                0x0000029a                UART3_ERR_DriverIRQHandler
                0x0000029a                DMA12_DMA28_DriverIRQHandler
                0x0000029a                DMA10_DMA26_DriverIRQHandler
                0x0000029a                UART0_ERR_DriverIRQHandler
                0x0000029a                CMT_DriverIRQHandler
                0x0000029a                Reserved71_DriverIRQHandler
                0x0000029a                ADC1_DriverIRQHandler
                0x0000029a                PORTA_DriverIRQHandler
                0x0000029a                DMA1_DMA17_DriverIRQHandler
                0x0000029a                PIT3_DriverIRQHandler
                0x0000029a                PIT1_DriverIRQHandler
                0x0000029a                TPM1_DriverIRQHandler
                0x0000029a                WDOG_EWM_DriverIRQHandler
                0x0000029a                PDB0_DriverIRQHandler
                0x0000029a                DMA8_DMA24_DriverIRQHandler
                0x0000029a                DMA6_DMA22_DriverIRQHandler
                0x0000029a                RTC_DriverIRQHandler
                0x0000029a                I2S0_Rx_DriverIRQHandler
                0x0000029a                Read_Collision_DriverIRQHandler
                0x0000029a                SWI_DriverIRQHandler
                0x0000029a                UART4_ERR_DriverIRQHandler
                0x0000029a                PORTB_DriverIRQHandler
                0x0000029a                DMA13_DMA29_DriverIRQHandler
                0x0000029a                DMA11_DMA27_DriverIRQHandler
                0x0000029a                DMA4_DMA20_DriverIRQHandler
                0x0000029a                DMA9_DMA25_DriverIRQHandler
                0x0000029a                ENET_Receive_DriverIRQHandler
                0x0000029a                DMA3_DMA19_DriverIRQHandler
                0x0000029a                ENET_Error_DriverIRQHandler
                0x0000029a                Reserved85_DriverIRQHandler
                0x0000029a                ADC0_DriverIRQHandler
                0x0000029a                USBHS_DriverIRQHandler
                0x0000029a                CMP0_DriverIRQHandler
                0x0000029a                CAN0_DriverIRQHandler
                0x0000029a                FTM3_DriverIRQHandler
                0x0000029a                DMA5_DMA21_DriverIRQHandler
                0x0000029a                RNG_DriverIRQHandler
                0x0000029a                DMA15_DMA31_DriverIRQHandler
                0x0000029a                UART1_ERR_DriverIRQHandler
                0x0000029a                ENET_Transmit_DriverIRQHandler
                0x0000029a                PORTD_DriverIRQHandler
                0x0000029a                Reserved46_DriverIRQHandler
                0x0000029a                PORTE_DriverIRQHandler
                0x0000029a                FTFE_DriverIRQHandler
                0x0000029a                CAN1_DriverIRQHandler
                0x00000400                . = 0x400
 *fill*         0x0000029c      0x164 ff
                0x00000400                PROVIDE (__FLASH_CONFIG_START__ = .)
 *(SORT_BY_ALIGNMENT(.FlashConfig))
 .FlashConfig   0x00000400       0x10 ./startup/startup_mk66f18.o
                0x00000400                Flash_Config
                0x00000410                PROVIDE (__FLASH_CONFIG_END__ = .)
                0x00000001                ASSERT (! ((__FLASH_CONFIG_START__ == __FLASH_CONFIG_END__)), Linker Flash Config Support Enabled, but no .FlashConfig section provided within application)
 *(SORT_BY_ALIGNMENT(.text*))
 .text.main     0x00000410      0x88c ./source/ecompass_peripheral.o
                0x00000410                main
 *fill*         0x00000c9c        0x4 ff
 .text.atan2    0x00000ca0      0x120 d:/mcuxpressoide_11.5.0_7232/ide/plugins/com.nxp.mcuxpresso.tools.win32_11.5.0.202107051138/tools/bin/../lib/gcc/arm-none-eabi/10.3.1/../../../../arm-none-eabi/lib/thumb/v7e-m+fp/hard\libcr_c.a(atan2.o)
                0x00000ca0                atan2
 .text.cos      0x00000dc0       0x68 d:/mcuxpressoide_11.5.0_7232/ide/plugins/com.nxp.mcuxpresso.tools.win32_11.5.0.202107051138/tools/bin/../lib/gcc/arm-none-eabi/10.3.1/../../../../arm-none-eabi/lib/thumb/v7e-m+fp/hard\libcr_c.a(cos.o)
                0x00000dc0                cos
 .text.fp_display
                0x00000e28      0x964 d:/mcuxpressoide_11.5.0_7232/ide/plugins/com.nxp.mcuxpresso.tools.win32_11.5.0.202107051138/tools/bin/../lib/gcc/arm-none-eabi/10.3.1/../../../../arm-none-eabi/lib/thumb/v7e-m+fp/hard\libcr_c.a(fpprintf.o)
 *fill*         0x0000178c        0x4 ff
 .text._frexpl  0x00001790       0x68 d:/mcuxpressoide_11.5.0_7232/ide/plugins/com.nxp.mcuxpresso.tools.win32_11.5.0.202107051138/tools/bin/../lib/gcc/arm-none-eabi/10.3.1/../../../../arm-none-eabi/lib/thumb/v7e-m+fp/hard\libcr_c.a(_frexpl.o)
                0x00001790                _frexpl
 .text._ldexpl  0x000017f8       0x5c d:/mcuxpressoide_11.5.0_7232/ide/plugins/com.nxp.mcuxpresso.tools.win32_11.5.0.202107051138/tools/bin/../lib/gcc/arm-none-eabi/10.3.1/../../../../arm-none-eabi/lib/thumb/v7e-m+fp/hard\libcr_c.a(_ldexpl.o)
                0x000017f8                _ldexpl
 *fill*         0x00001854        0x4 ff
 .text._sincos  0x00001858      0x20c d:/mcuxpressoide_11.5.0_7232/ide/plugins/com.nxp.mcuxpresso.tools.win32_11.5.0.202107051138/tools/bin/../lib/gcc/arm-none-eabi/10.3.1/../../../../arm-none-eabi/lib/thumb/v7e-m+fp/hard\libcr_c.a(_sincos.o)
                0x00001858                _sincos
 *fill*         0x00001a64        0x4 ff
 .text.atan     0x00001a68      0x21c d:/mcuxpressoide_11.5.0_7232/ide/plugins/com.nxp.mcuxpresso.tools.win32_11.5.0.202107051138/tools/bin/../lib/gcc/arm-none-eabi/10.3.1/../../../../arm-none-eabi/lib/thumb/v7e-m+fp/hard\libcr_c.a(atan.o)
                0x00001a68                atan
 .text.__assertion_failed
                0x00001c84       0x18 ./utilities/fsl_assert.o
                0x00001c84                __assertion_failed
 .text.__NVIC_SetPriority
                0x00001c9c       0x54 ./source/ecompass_peripheral.o
 .text.SysTick_Config
                0x00001cf0       0x44 ./source/ecompass_peripheral.o
 .text.HW_Timer_init
                0x00001d34       0x24 ./source/ecompass_peripheral.o
 .text.SysTick_Handler
                0x00001d58       0x18 ./source/ecompass_peripheral.o
                0x00001d58                SysTick_Handler
 .text.Sensor_ReadData
                0x00001d70      0x118 ./source/ecompass_peripheral.o
 .text.Magnetometer_Calibrate
                0x00001e88      0x200 ./source/ecompass_peripheral.o
 .text.setupSPI
                0x00002088       0x70 ./source/ecompass_peripheral.o
                0x00002088                setupSPI
 .text.voltageRegulatorEnable
                0x000020f8       0x30 ./source/ecompass_peripheral.o
                0x000020f8                voltageRegulatorEnable
 .text.accelerometerEnable
                0x00002128       0x30 ./source/ecompass_peripheral.o
                0x00002128                accelerometerEnable
 .text.SPI_read
                0x00002158       0x8c ./source/ecompass_peripheral.o
                0x00002158                SPI_read
 .text.SPI_write
                0x000021e4       0x70 ./source/ecompass_peripheral.o
                0x000021e4                SPI_write
 .text.CLOCK_SetEr32kClock
                0x00002254       0x30 ./drivers/fsl_clock.o
 .text.CLOCK_SetPllFllSelClock
                0x00002284       0x54 ./drivers/fsl_clock.o
 .text.CLOCK_GetMcgExtClkFreq
                0x000022d8       0x7c ./drivers/fsl_clock.o
 .text.CLOCK_GetFllExtRefClkFreq
                0x00002354       0xb0 ./drivers/fsl_clock.o
 .text.CLOCK_GetInternalRefClkSelectFreq
                0x00002404       0x4c ./drivers/fsl_clock.o
 .text.CLOCK_GetFllRefClkFreq
                0x00002450       0x34 ./drivers/fsl_clock.o
 .text.CLOCK_GetOsc0ErClkUndivFreq
                0x00002484       0x44 ./drivers/fsl_clock.o
                0x00002484                CLOCK_GetOsc0ErClkUndivFreq
 .text.CLOCK_GetOsc0ErClkDivFreq
                0x000024c8       0x58 ./drivers/fsl_clock.o
                0x000024c8                CLOCK_GetOsc0ErClkDivFreq
 .text.CLOCK_GetEr32kClkFreq
                0x00002520       0x74 ./drivers/fsl_clock.o
                0x00002520                CLOCK_GetEr32kClkFreq
 .text.CLOCK_GetPllFllSelClkFreq
                0x00002594       0x90 ./drivers/fsl_clock.o
                0x00002594                CLOCK_GetPllFllSelClkFreq
 .text.CLOCK_GetCoreSysClkFreq
                0x00002624       0x28 ./drivers/fsl_clock.o
                0x00002624                CLOCK_GetCoreSysClkFreq
 .text.CLOCK_GetFreq
                0x0000264c      0x148 ./drivers/fsl_clock.o
                0x0000264c                CLOCK_GetFreq
 .text.CLOCK_SetSimConfig
                0x00002794       0x40 ./drivers/fsl_clock.o
                0x00002794                CLOCK_SetSimConfig
 .text.CLOCK_GetOutClkFreq
                0x000027d4       0x90 ./drivers/fsl_clock.o
                0x000027d4                CLOCK_GetOutClkFreq
 .text.CLOCK_GetFllFreq
                0x00002864       0x84 ./drivers/fsl_clock.o
                0x00002864                CLOCK_GetFllFreq
 .text.CLOCK_GetInternalRefClkFreq
                0x000028e8       0x30 ./drivers/fsl_clock.o
                0x000028e8                CLOCK_GetInternalRefClkFreq
 .text.CLOCK_GetPll0Freq
                0x00002918       0x7c ./drivers/fsl_clock.o
                0x00002918                CLOCK_GetPll0Freq
 .text.CLOCK_GetExtPllFreq
                0x00002994       0x18 ./drivers/fsl_clock.o
                0x00002994                CLOCK_GetExtPllFreq
 .text.CLOCK_SetExternalRefClkConfig
                0x000029ac       0x6c ./drivers/fsl_clock.o
                0x000029ac                CLOCK_SetExternalRefClkConfig
 .text.CLOCK_SetInternalRefClkConfig
                0x00002a18      0x104 ./drivers/fsl_clock.o
                0x00002a18                CLOCK_SetInternalRefClkConfig
 .text.DSPI_GetInstance
                0x00002b1c       0x4c ./drivers/fsl_dspi.o
                0x00002b1c                DSPI_GetInstance
 .text.DSPI_GetDummyDataInstance
                0x00002b68       0x24 ./drivers/fsl_dspi.o
                0x00002b68                DSPI_GetDummyDataInstance
 .text.DSPI_SetDummyData
                0x00002b8c       0x2c ./drivers/fsl_dspi.o
                0x00002b8c                DSPI_SetDummyData
 .text.DSPI_MasterInit
                0x00002bb8      0x16c ./drivers/fsl_dspi.o
                0x00002bb8                DSPI_MasterInit
 .text.DSPI_MasterSetBaudRate
                0x00002d24      0x12c ./drivers/fsl_dspi.o
                0x00002d24                DSPI_MasterSetBaudRate
 .text.DSPI_MasterSetDelayScaler
                0x00002e50       0xe8 ./drivers/fsl_dspi.o
                0x00002e50                DSPI_MasterSetDelayScaler
 .text.DSPI_MasterSetDelayTimes
                0x00002f38      0x130 ./drivers/fsl_dspi.o
                0x00002f38                DSPI_MasterSetDelayTimes
 .text.DSPI_MasterTransferBlocking
                0x00003068      0x488 ./drivers/fsl_dspi.o
                0x00003068                DSPI_MasterTransferBlocking
 .text.DSPI_CommonIRQHandler
                0x000034f0       0x44 ./drivers/fsl_dspi.o
 .text.SPI0_DriverIRQHandler
                0x00003534       0x30 ./drivers/fsl_dspi.o
                0x00003534                SPI0_DriverIRQHandler
 .text.SPI1_DriverIRQHandler
                0x00003564       0x30 ./drivers/fsl_dspi.o
                0x00003564                SPI1_DriverIRQHandler
 .text.SPI2_DriverIRQHandler
                0x00003594       0x30 ./drivers/fsl_dspi.o
                0x00003594                SPI2_DriverIRQHandler
 .text.GPIO_PinInit
                0x000035c4       0x64 ./drivers/fsl_gpio.o
                0x000035c4                GPIO_PinInit
 .text.I2C_GetInstance
                0x00003628       0x4c ./drivers/fsl_i2c.o
                0x00003628                I2C_GetInstance
 .text.I2C_TransferCommonIRQHandler
                0x00003674       0x58 ./drivers/fsl_i2c.o
 .text.I2C_MasterInit
                0x000036cc       0xe4 ./drivers/fsl_i2c.o
                0x000036cc                I2C_MasterInit
 .text.I2C_MasterSetBaudRate
                0x000037b0       0xe8 ./drivers/fsl_i2c.o
                0x000037b0                I2C_MasterSetBaudRate
 .text.I2C0_DriverIRQHandler
                0x00003898       0x1c ./drivers/fsl_i2c.o
                0x00003898                I2C0_DriverIRQHandler
 .text.I2C1_DriverIRQHandler
                0x000038b4       0x1c ./drivers/fsl_i2c.o
                0x000038b4                I2C1_DriverIRQHandler
 .text.I2C2_DriverIRQHandler
                0x000038d0       0x1c ./drivers/fsl_i2c.o
                0x000038d0                I2C2_DriverIRQHandler
 .text.I2C3_DriverIRQHandler
                0x000038ec       0x1c ./drivers/fsl_i2c.o
                0x000038ec                I2C3_DriverIRQHandler
 .text.LPUART0_DriverIRQHandler
                0x00003908       0x28 ./drivers/fsl_lpuart.o
                0x00003908                LPUART0_DriverIRQHandler
 .text.UART0_DriverIRQHandler
                0x00003930       0x28 ./drivers/fsl_uart.o
                0x00003930                UART0_DriverIRQHandler
 .text.UART1_DriverIRQHandler
                0x00003958       0x28 ./drivers/fsl_uart.o
                0x00003958                UART1_DriverIRQHandler
 .text.UART2_DriverIRQHandler
                0x00003980       0x28 ./drivers/fsl_uart.o
                0x00003980                UART2_DriverIRQHandler
 .text.UART3_DriverIRQHandler
                0x000039a8       0x28 ./drivers/fsl_uart.o
                0x000039a8                UART3_DriverIRQHandler
 .text.UART4_DriverIRQHandler
                0x000039d0       0x28 ./drivers/fsl_uart.o
                0x000039d0                UART4_DriverIRQHandler
 .text.SystemInit
                0x000039f8       0x3c ./device/system_MK66F18.o
                0x000039f8                SystemInit
 .text.CLOCK_SetSimSafeDivs
                0x00003a34       0x24 ./board/clock_config.o
 .text.CLOCK_CONFIG_SetFllExtRefDiv
                0x00003a58       0x3c ./board/clock_config.o
 .text.BOARD_BootClockRUN
                0x00003a94       0x3c ./board/clock_config.o
                0x00003a94                BOARD_BootClockRUN
 .text.BOARD_ACCEL_I2C_init
                0x00003ad0       0x24 ./board/peripherals.o
                0x00003ad0                BOARD_ACCEL_I2C_init
 .text.BOARD_InitPins
                0x00003af4       0x80 ./board/pin_mux.o
                0x00003af4                BOARD_InitPins
 .text.FXOS_Init
                0x00003b74      0x190 ./accel/fsl_fxos.o
                0x00003b74                FXOS_Init
 .text.FXOS_ReadReg
                0x00003d04       0x58 ./accel/fsl_fxos.o
                0x00003d04                FXOS_ReadReg
 .text.FXOS_WriteReg
                0x00003d5c       0x44 ./accel/fsl_fxos.o
                0x00003d5c                FXOS_WriteReg
 .text.__filbuf
                0x00003da0      0x178 d:/mcuxpressoide_11.5.0_7232/ide/plugins/com.nxp.mcuxpresso.tools.win32_11.5.0.202107051138/tools/bin/../lib/gcc/arm-none-eabi/10.3.1/../../../../arm-none-eabi/lib/thumb/v7e-m+fp/hard\libcr_c.a(__fillbuf.o)
                0x00003da0                __filbuf
 .text._Cwritebuf
                0x00003f18       0x6c d:/mcuxpressoide_11.5.0_7232/ide/plugins/com.nxp.mcuxpresso.tools.win32_11.5.0.202107051138/tools/bin/../lib/gcc/arm-none-eabi/10.3.1/../../../../arm-none-eabi/lib/thumb/v7e-m+fp/hard\libcr_c.a(_writebuf.o)
                0x00003f18                _Cwritebuf
 .text.malloc   0x00003f84       0xc8 d:/mcuxpressoide_11.5.0_7232/ide/plugins/com.nxp.mcuxpresso.tools.win32_11.5.0.202107051138/tools/bin/../lib/gcc/arm-none-eabi/10.3.1/../../../../arm-none-eabi/lib/thumb/v7e-m+fp/hard\libcr_c.a(alloc.o)
                0x00003f84                malloc
 .text._Csys_alloc
                0x0000404c       0x20 d:/mcuxpressoide_11.5.0_7232/ide/plugins/com.nxp.mcuxpresso.tools.win32_11.5.0.202107051138/tools/bin/../lib/gcc/arm-none-eabi/10.3.1/../../../../arm-none-eabi/lib/thumb/v7e-m+fp/hard\libcr_c.a(alloc.o)
                0x0000404c                _Csys_alloc
 .text.sprintf  0x0000406c       0x6c d:/mcuxpressoide_11.5.0_7232/ide/plugins/com.nxp.mcuxpresso.tools.win32_11.5.0.202107051138/tools/bin/../lib/gcc/arm-none-eabi/10.3.1/../../../../arm-none-eabi/lib/thumb/v7e-m+fp/hard\libcr_c.a(fpprintf.o)
                0x0000406c                sprintf
 .text.vsnprintf
                0x000040d8       0x68 d:/mcuxpressoide_11.5.0_7232/ide/plugins/com.nxp.mcuxpresso.tools.win32_11.5.0.202107051138/tools/bin/../lib/gcc/arm-none-eabi/10.3.1/../../../../arm-none-eabi/lib/thumb/v7e-m+fp/hard\libcr_c.a(fpprintf.o)
                0x000040d8                vsnprintf
 .text.printf   0x00004140       0x54 d:/mcuxpressoide_11.5.0_7232/ide/plugins/com.nxp.mcuxpresso.tools.win32_11.5.0.202107051138/tools/bin/../lib/gcc/arm-none-eabi/10.3.1/../../../../arm-none-eabi/lib/thumb/v7e-m+fp/hard\libcr_c.a(fpprintf.o)
                0x00004140                printf
 .text.fseek    0x00004194       0xfc d:/mcuxpressoide_11.5.0_7232/ide/plugins/com.nxp.mcuxpresso.tools.win32_11.5.0.202107051138/tools/bin/../lib/gcc/arm-none-eabi/10.3.1/../../../../arm-none-eabi/lib/thumb/v7e-m+fp/hard\libcr_c.a(fseek.o)
                0x00004194                fseek
 .text.ftell    0x00004290       0x44 d:/mcuxpressoide_11.5.0_7232/ide/plugins/com.nxp.mcuxpresso.tools.win32_11.5.0.202107051138/tools/bin/../lib/gcc/arm-none-eabi/10.3.1/../../../../arm-none-eabi/lib/thumb/v7e-m+fp/hard\libcr_c.a(ftell.o)
                0x00004290                ftell
 .text._initio  0x000042d4       0x78 d:/mcuxpressoide_11.5.0_7232/ide/plugins/com.nxp.mcuxpresso.tools.win32_11.5.0.202107051138/tools/bin/../lib/gcc/arm-none-eabi/10.3.1/../../../../arm-none-eabi/lib/thumb/v7e-m+fp/hard\libcr_c.a(initio.o)
                0x000042d4                _initio
 .text.__vfprintf
                0x0000434c      0xbf8 d:/mcuxpressoide_11.5.0_7232/ide/plugins/com.nxp.mcuxpresso.tools.win32_11.5.0.202107051138/tools/bin/../lib/gcc/arm-none-eabi/10.3.1/../../../../arm-none-eabi/lib/thumb/v7e-m+fp/hard\libcr_c.a(printf.o)
                0x0000434c                __vfprintf
 .text._sbrk    0x00004f44       0x3c d:/mcuxpressoide_11.5.0_7232/ide/plugins/com.nxp.mcuxpresso.tools.win32_11.5.0.202107051138/tools/bin/../lib/gcc/arm-none-eabi/10.3.1/../../../../arm-none-eabi/lib/thumb/v7e-m+fp/hard\libcr_c.a(_cr_sbrk.o)
                0x00004f44                _sbrk
 .text.fflush   0x00004f80       0x3c d:/mcuxpressoide_11.5.0_7232/ide/plugins/com.nxp.mcuxpresso.tools.win32_11.5.0.202107051138/tools/bin/../lib/gcc/arm-none-eabi/10.3.1/../../../../arm-none-eabi/lib/thumb/v7e-m+fp/hard\libcr_c.a(fflush.o)
                0x00004f80                fflush
 .text.__check_heap_overflow
                0x00004fbc       0x18 d:/mcuxpressoide_11.5.0_7232/ide/plugins/com.nxp.mcuxpresso.tools.win32_11.5.0.202107051138/tools/bin/../lib/gcc/arm-none-eabi/10.3.1/../../../../arm-none-eabi/lib/thumb/v7e-m+fp/hard\libcr_c.a(_cr_check_heap.o)
                0x00004fbc                __check_heap_overflow
 .text.__aeabi_dmul
                0x00004fd4       0xfc d:/mcuxpressoide_11.5.0_7232/ide/plugins/com.nxp.mcuxpresso.tools.win32_11.5.0.202107051138/tools/bin/../lib/gcc/arm-none-eabi/10.3.1/thumb/v7e-m+fp/hard\libcr_eabihelpers.a(double.o)
                0x00004fd4                __aeabi_dmul
 .text.__aeabi_ddiv
                0x000050d0      0x138 d:/mcuxpressoide_11.5.0_7232/ide/plugins/com.nxp.mcuxpresso.tools.win32_11.5.0.202107051138/tools/bin/../lib/gcc/arm-none-eabi/10.3.1/thumb/v7e-m+fp/hard\libcr_eabihelpers.a(double.o)
                0x000050d0                __aeabi_ddiv
 .text.__aeabi_dsub
                0x00005208      0x1ac d:/mcuxpressoide_11.5.0_7232/ide/plugins/com.nxp.mcuxpresso.tools.win32_11.5.0.202107051138/tools/bin/../lib/gcc/arm-none-eabi/10.3.1/thumb/v7e-m+fp/hard\libcr_eabihelpers.a(double.o)
                0x00005208                __aeabi_dsub
 .text.__aeabi_dadd
                0x000053b4      0x114 d:/mcuxpressoide_11.5.0_7232/ide/plugins/com.nxp.mcuxpresso.tools.win32_11.5.0.202107051138/tools/bin/../lib/gcc/arm-none-eabi/10.3.1/thumb/v7e-m+fp/hard\libcr_eabihelpers.a(double.o)
                0x000053b4                __aeabi_dadd
 .text.__sys_appexit
                0x000054c8        0xc d:/mcuxpressoide_11.5.0_7232/ide/plugins/com.nxp.mcuxpresso.tools.win32_11.5.0.202107051138/tools/bin/../lib/gcc/arm-none-eabi/10.3.1/../../../../arm-none-eabi/lib/thumb/v7e-m+fp/hard\libcr_semihost_nf.a(__sys_appexit.o)
                0x000054c8                __sys_appexit
                0x000054c8                __exit
 .text.DMA0_DMA16_IRQHandler
                0x000054d4        0x8 ./startup/startup_mk66f18.o
                0x000054d4                DMA0_DMA16_IRQHandler
 .text.DMA1_DMA17_IRQHandler
                0x000054dc        0x8 ./startup/startup_mk66f18.o
                0x000054dc                DMA1_DMA17_IRQHandler
 .text.DMA2_DMA18_IRQHandler
                0x000054e4        0x8 ./startup/startup_mk66f18.o
                0x000054e4                DMA2_DMA18_IRQHandler
 .text.DMA3_DMA19_IRQHandler
                0x000054ec        0x8 ./startup/startup_mk66f18.o
                0x000054ec                DMA3_DMA19_IRQHandler
 .text.DMA4_DMA20_IRQHandler
                0x000054f4        0x8 ./startup/startup_mk66f18.o
                0x000054f4                DMA4_DMA20_IRQHandler
 .text.DMA5_DMA21_IRQHandler
                0x000054fc        0x8 ./startup/startup_mk66f18.o
                0x000054fc                DMA5_DMA21_IRQHandler
 .text.DMA6_DMA22_IRQHandler
                0x00005504        0x8 ./startup/startup_mk66f18.o
                0x00005504                DMA6_DMA22_IRQHandler
 .text.DMA7_DMA23_IRQHandler
                0x0000550c        0x8 ./startup/startup_mk66f18.o
                0x0000550c                DMA7_DMA23_IRQHandler
 .text.DMA8_DMA24_IRQHandler
                0x00005514        0x8 ./startup/startup_mk66f18.o
                0x00005514                DMA8_DMA24_IRQHandler
 .text.DMA9_DMA25_IRQHandler
                0x0000551c        0x8 ./startup/startup_mk66f18.o
                0x0000551c                DMA9_DMA25_IRQHandler
 .text.DMA10_DMA26_IRQHandler
                0x00005524        0x8 ./startup/startup_mk66f18.o
                0x00005524                DMA10_DMA26_IRQHandler
 .text.DMA11_DMA27_IRQHandler
                0x0000552c        0x8 ./startup/startup_mk66f18.o
                0x0000552c                DMA11_DMA27_IRQHandler
 .text.DMA12_DMA28_IRQHandler
                0x00005534        0x8 ./startup/startup_mk66f18.o
                0x00005534                DMA12_DMA28_IRQHandler
 .text.DMA13_DMA29_IRQHandler
                0x0000553c        0x8 ./startup/startup_mk66f18.o
                0x0000553c                DMA13_DMA29_IRQHandler
 .text.DMA14_DMA30_IRQHandler
                0x00005544        0x8 ./startup/startup_mk66f18.o
                0x00005544                DMA14_DMA30_IRQHandler
 .text.DMA15_DMA31_IRQHandler
                0x0000554c        0x8 ./startup/startup_mk66f18.o
                0x0000554c                DMA15_DMA31_IRQHandler
 .text.DMA_Error_IRQHandler
                0x00005554        0x8 ./startup/startup_mk66f18.o
                0x00005554                DMA_Error_IRQHandler
 .text.MCM_IRQHandler
                0x0000555c        0x8 ./startup/startup_mk66f18.o
                0x0000555c                MCM_IRQHandler
 .text.FTFE_IRQHandler
                0x00005564        0x8 ./startup/startup_mk66f18.o
                0x00005564                FTFE_IRQHandler
 .text.Read_Collision_IRQHandler
                0x0000556c        0x8 ./startup/startup_mk66f18.o
                0x0000556c                Read_Collision_IRQHandler
 .text.LVD_LVW_IRQHandler
                0x00005574        0x8 ./startup/startup_mk66f18.o
                0x00005574                LVD_LVW_IRQHandler
 .text.LLWU_IRQHandler
                0x0000557c        0x8 ./startup/startup_mk66f18.o
                0x0000557c                LLWU_IRQHandler
 .text.WDOG_EWM_IRQHandler
                0x00005584        0x8 ./startup/startup_mk66f18.o
                0x00005584                WDOG_EWM_IRQHandler
 .text.RNG_IRQHandler
                0x0000558c        0x8 ./startup/startup_mk66f18.o
                0x0000558c                RNG_IRQHandler
 .text.I2C0_IRQHandler
                0x00005594        0x8 ./startup/startup_mk66f18.o
                0x00005594                I2C0_IRQHandler
 .text.I2C1_IRQHandler
                0x0000559c        0x8 ./startup/startup_mk66f18.o
                0x0000559c                I2C1_IRQHandler
 .text.SPI0_IRQHandler
                0x000055a4        0x8 ./startup/startup_mk66f18.o
                0x000055a4                SPI0_IRQHandler
 .text.SPI1_IRQHandler
                0x000055ac        0x8 ./startup/startup_mk66f18.o
                0x000055ac                SPI1_IRQHandler
 .text.I2S0_Tx_IRQHandler
                0x000055b4        0x8 ./startup/startup_mk66f18.o
                0x000055b4                I2S0_Tx_IRQHandler
 .text.I2S0_Rx_IRQHandler
                0x000055bc        0x8 ./startup/startup_mk66f18.o
                0x000055bc                I2S0_Rx_IRQHandler
 .text.Reserved46_IRQHandler
                0x000055c4        0x8 ./startup/startup_mk66f18.o
                0x000055c4                Reserved46_IRQHandler
 .text.UART0_RX_TX_IRQHandler
                0x000055cc        0x8 ./startup/startup_mk66f18.o
                0x000055cc                UART0_RX_TX_IRQHandler
 .text.UART0_ERR_IRQHandler
                0x000055d4        0x8 ./startup/startup_mk66f18.o
                0x000055d4                UART0_ERR_IRQHandler
 .text.UART1_RX_TX_IRQHandler
                0x000055dc        0x8 ./startup/startup_mk66f18.o
                0x000055dc                UART1_RX_TX_IRQHandler
 .text.UART1_ERR_IRQHandler
                0x000055e4        0x8 ./startup/startup_mk66f18.o
                0x000055e4                UART1_ERR_IRQHandler
 .text.UART2_RX_TX_IRQHandler
                0x000055ec        0x8 ./startup/startup_mk66f18.o
                0x000055ec                UART2_RX_TX_IRQHandler
 .text.UART2_ERR_IRQHandler
                0x000055f4        0x8 ./startup/startup_mk66f18.o
                0x000055f4                UART2_ERR_IRQHandler
 .text.UART3_RX_TX_IRQHandler
                0x000055fc        0x8 ./startup/startup_mk66f18.o
                0x000055fc                UART3_RX_TX_IRQHandler
 .text.UART3_ERR_IRQHandler
                0x00005604        0x8 ./startup/startup_mk66f18.o
                0x00005604                UART3_ERR_IRQHandler
 .text.ADC0_IRQHandler
                0x0000560c        0x8 ./startup/startup_mk66f18.o
                0x0000560c                ADC0_IRQHandler
 .text.CMP0_IRQHandler
                0x00005614        0x8 ./startup/startup_mk66f18.o
                0x00005614                CMP0_IRQHandler
 .text.CMP1_IRQHandler
                0x0000561c        0x8 ./startup/startup_mk66f18.o
                0x0000561c                CMP1_IRQHandler
 .text.FTM0_IRQHandler
                0x00005624        0x8 ./startup/startup_mk66f18.o
                0x00005624                FTM0_IRQHandler
 .text.FTM1_IRQHandler
                0x0000562c        0x8 ./startup/startup_mk66f18.o
                0x0000562c                FTM1_IRQHandler
 .text.FTM2_IRQHandler
                0x00005634        0x8 ./startup/startup_mk66f18.o
                0x00005634                FTM2_IRQHandler
 .text.CMT_IRQHandler
                0x0000563c        0x8 ./startup/startup_mk66f18.o
                0x0000563c                CMT_IRQHandler
 .text.RTC_IRQHandler
                0x00005644        0x8 ./startup/startup_mk66f18.o
                0x00005644                RTC_IRQHandler
 .text.RTC_Seconds_IRQHandler
                0x0000564c        0x8 ./startup/startup_mk66f18.o
                0x0000564c                RTC_Seconds_IRQHandler
 .text.PIT0_IRQHandler
                0x00005654        0x8 ./startup/startup_mk66f18.o
                0x00005654                PIT0_IRQHandler
 .text.PIT1_IRQHandler
                0x0000565c        0x8 ./startup/startup_mk66f18.o
                0x0000565c                PIT1_IRQHandler
 .text.PIT2_IRQHandler
                0x00005664        0x8 ./startup/startup_mk66f18.o
                0x00005664                PIT2_IRQHandler
 .text.PIT3_IRQHandler
                0x0000566c        0x8 ./startup/startup_mk66f18.o
                0x0000566c                PIT3_IRQHandler
 .text.PDB0_IRQHandler
                0x00005674        0x8 ./startup/startup_mk66f18.o
                0x00005674                PDB0_IRQHandler
 .text.USB0_IRQHandler
                0x0000567c        0x8 ./startup/startup_mk66f18.o
                0x0000567c                USB0_IRQHandler
 .text.USBDCD_IRQHandler
                0x00005684        0x8 ./startup/startup_mk66f18.o
                0x00005684                USBDCD_IRQHandler
 .text.Reserved71_IRQHandler
                0x0000568c        0x8 ./startup/startup_mk66f18.o
                0x0000568c                Reserved71_IRQHandler
 .text.DAC0_IRQHandler
                0x00005694        0x8 ./startup/startup_mk66f18.o
                0x00005694                DAC0_IRQHandler
 .text.MCG_IRQHandler
                0x0000569c        0x8 ./startup/startup_mk66f18.o
                0x0000569c                MCG_IRQHandler
 .text.LPTMR0_IRQHandler
                0x000056a4        0x8 ./startup/startup_mk66f18.o
                0x000056a4                LPTMR0_IRQHandler
 .text.PORTA_IRQHandler
                0x000056ac        0x8 ./startup/startup_mk66f18.o
                0x000056ac                PORTA_IRQHandler
 .text.PORTB_IRQHandler
                0x000056b4        0x8 ./startup/startup_mk66f18.o
                0x000056b4                PORTB_IRQHandler
 .text.PORTC_IRQHandler
                0x000056bc        0x8 ./startup/startup_mk66f18.o
                0x000056bc                PORTC_IRQHandler
 .text.PORTD_IRQHandler
                0x000056c4        0x8 ./startup/startup_mk66f18.o
                0x000056c4                PORTD_IRQHandler
 .text.PORTE_IRQHandler
                0x000056cc        0x8 ./startup/startup_mk66f18.o
                0x000056cc                PORTE_IRQHandler
 .text.SWI_IRQHandler
                0x000056d4        0x8 ./startup/startup_mk66f18.o
                0x000056d4                SWI_IRQHandler
 .text.SPI2_IRQHandler
                0x000056dc        0x8 ./startup/startup_mk66f18.o
                0x000056dc                SPI2_IRQHandler
 .text.UART4_RX_TX_IRQHandler
                0x000056e4        0x8 ./startup/startup_mk66f18.o
                0x000056e4                UART4_RX_TX_IRQHandler
 .text.UART4_ERR_IRQHandler
                0x000056ec        0x8 ./startup/startup_mk66f18.o
                0x000056ec                UART4_ERR_IRQHandler
 .text.Reserved84_IRQHandler
                0x000056f4        0x8 ./startup/startup_mk66f18.o
                0x000056f4                Reserved84_IRQHandler
 .text.Reserved85_IRQHandler
                0x000056fc        0x8 ./startup/startup_mk66f18.o
                0x000056fc                Reserved85_IRQHandler
 .text.CMP2_IRQHandler
                0x00005704        0x8 ./startup/startup_mk66f18.o
                0x00005704                CMP2_IRQHandler
 .text.FTM3_IRQHandler
                0x0000570c        0x8 ./startup/startup_mk66f18.o
                0x0000570c                FTM3_IRQHandler
 .text.DAC1_IRQHandler
                0x00005714        0x8 ./startup/startup_mk66f18.o
                0x00005714                DAC1_IRQHandler
 .text.ADC1_IRQHandler
                0x0000571c        0x8 ./startup/startup_mk66f18.o
                0x0000571c                ADC1_IRQHandler
 .text.I2C2_IRQHandler
                0x00005724        0x8 ./startup/startup_mk66f18.o
                0x00005724                I2C2_IRQHandler
 .text.CAN0_ORed_Message_buffer_IRQHandler
                0x0000572c        0x8 ./startup/startup_mk66f18.o
                0x0000572c                CAN0_ORed_Message_buffer_IRQHandler
 .text.CAN0_Bus_Off_IRQHandler
                0x00005734        0x8 ./startup/startup_mk66f18.o
                0x00005734                CAN0_Bus_Off_IRQHandler
 .text.CAN0_Error_IRQHandler
                0x0000573c        0x8 ./startup/startup_mk66f18.o
                0x0000573c                CAN0_Error_IRQHandler
 .text.CAN0_Tx_Warning_IRQHandler
                0x00005744        0x8 ./startup/startup_mk66f18.o
                0x00005744                CAN0_Tx_Warning_IRQHandler
 .text.CAN0_Rx_Warning_IRQHandler
                0x0000574c        0x8 ./startup/startup_mk66f18.o
                0x0000574c                CAN0_Rx_Warning_IRQHandler
 .text.CAN0_Wake_Up_IRQHandler
                0x00005754        0x8 ./startup/startup_mk66f18.o
                0x00005754                CAN0_Wake_Up_IRQHandler
 .text.SDHC_IRQHandler
                0x0000575c        0x8 ./startup/startup_mk66f18.o
                0x0000575c                SDHC_IRQHandler
 .text.ENET_1588_Timer_IRQHandler
                0x00005764        0x8 ./startup/startup_mk66f18.o
                0x00005764                ENET_1588_Timer_IRQHandler
 .text.ENET_Transmit_IRQHandler
                0x0000576c        0x8 ./startup/startup_mk66f18.o
                0x0000576c                ENET_Transmit_IRQHandler
 .text.ENET_Receive_IRQHandler
                0x00005774        0x8 ./startup/startup_mk66f18.o
                0x00005774                ENET_Receive_IRQHandler
 .text.ENET_Error_IRQHandler
                0x0000577c        0x8 ./startup/startup_mk66f18.o
                0x0000577c                ENET_Error_IRQHandler
 .text.LPUART0_IRQHandler
                0x00005784        0x8 ./startup/startup_mk66f18.o
                0x00005784                LPUART0_IRQHandler
 .text.TSI0_IRQHandler
                0x0000578c        0x8 ./startup/startup_mk66f18.o
                0x0000578c                TSI0_IRQHandler
 .text.TPM1_IRQHandler
                0x00005794        0x8 ./startup/startup_mk66f18.o
                0x00005794                TPM1_IRQHandler
 .text.TPM2_IRQHandler
                0x0000579c        0x8 ./startup/startup_mk66f18.o
                0x0000579c                TPM2_IRQHandler
 .text.USBHSDCD_IRQHandler
                0x000057a4        0x8 ./startup/startup_mk66f18.o
                0x000057a4                USBHSDCD_IRQHandler
 .text.I2C3_IRQHandler
                0x000057ac        0x8 ./startup/startup_mk66f18.o
                0x000057ac                I2C3_IRQHandler
 .text.CMP3_IRQHandler
                0x000057b4        0x8 ./startup/startup_mk66f18.o
                0x000057b4                CMP3_IRQHandler
 .text.USBHS_IRQHandler
                0x000057bc        0x8 ./startup/startup_mk66f18.o
                0x000057bc                USBHS_IRQHandler
 .text.CAN1_ORed_Message_buffer_IRQHandler
                0x000057c4        0x8 ./startup/startup_mk66f18.o
                0x000057c4                CAN1_ORed_Message_buffer_IRQHandler
 .text.CAN1_Bus_Off_IRQHandler
                0x000057cc        0x8 ./startup/startup_mk66f18.o
                0x000057cc                CAN1_Bus_Off_IRQHandler
 .text.CAN1_Error_IRQHandler
                0x000057d4        0x8 ./startup/startup_mk66f18.o
                0x000057d4                CAN1_Error_IRQHandler
 .text.CAN1_Tx_Warning_IRQHandler
                0x000057dc        0x8 ./startup/startup_mk66f18.o
                0x000057dc                CAN1_Tx_Warning_IRQHandler
 .text.CAN1_Rx_Warning_IRQHandler
                0x000057e4        0x8 ./startup/startup_mk66f18.o
                0x000057e4                CAN1_Rx_Warning_IRQHandler
 .text.CAN1_Wake_Up_IRQHandler
                0x000057ec        0x8 ./startup/startup_mk66f18.o
                0x000057ec                CAN1_Wake_Up_IRQHandler
 .text.GPIO_PinWrite
                0x000057f4       0x36 ./source/ecompass_peripheral.o
 .text.Delay    0x0000582a       0x24 ./source/ecompass_peripheral.o
 .text.HardFault_Handler
                0x0000584e       0x2c ./source/semihost_hardfault.o
                0x0000584e                HardFault_Handler
 .text.CLOCK_GetPll0RefFreq
                0x0000587a        0xe ./drivers/fsl_clock.o
 .text.CLOCK_GetFixedFreqClkFreq
                0x00005888       0x34 ./drivers/fsl_clock.o
                0x00005888                CLOCK_GetFixedFreqClkFreq
 .text.CLOCK_EnableClock
                0x000058bc       0x34 ./drivers/fsl_dspi.o
 .text.DSPI_Enable
                0x000058f0       0x38 ./drivers/fsl_dspi.o
 .text.DSPI_GetStatusFlags
                0x00005928       0x18 ./drivers/fsl_dspi.o
 .text.DSPI_ClearStatusFlags
                0x00005940       0x1c ./drivers/fsl_dspi.o
 .text.DSPI_DisableInterrupts
                0x0000595c       0x24 ./drivers/fsl_dspi.o
 .text.DSPI_SetMasterSlaveMode
                0x00005980       0x2a ./drivers/fsl_dspi.o
 .text.DSPI_IsMaster
                0x000059aa       0x26 ./drivers/fsl_dspi.o
 .text.DSPI_StartTransfer
                0x000059d0       0x20 ./drivers/fsl_dspi.o
 .text.DSPI_StopTransfer
                0x000059f0       0x20 ./drivers/fsl_dspi.o
 .text.DSPI_FlushFifo
                0x00005a10       0x48 ./drivers/fsl_dspi.o
 .text.DSPI_MasterGetFormattedCommand
                0x00005a58       0x4a ./drivers/fsl_dspi.o
 .text.DSPI_ReadData
                0x00005aa2       0x18 ./drivers/fsl_dspi.o
 .text.DSPI_SetOnePcsPolarity
                0x00005aba       0x4e ./drivers/fsl_dspi.o
 .text.GPIO_PinWrite
                0x00005b08       0x36 ./drivers/fsl_gpio.o
 .text.CLOCK_EnableClock
                0x00005b3e       0x34 ./drivers/fsl_i2c.o
 .text.I2C_MasterClearStatusFlags
                0x00005b72       0x5a ./drivers/fsl_i2c.o
 .text.UART0_RX_TX_DriverIRQHandler
                0x00005bcc       0x12 ./drivers/fsl_uart.o
                0x00005bcc                UART0_RX_TX_DriverIRQHandler
 .text.UART1_RX_TX_DriverIRQHandler
                0x00005bde       0x12 ./drivers/fsl_uart.o
                0x00005bde                UART1_RX_TX_DriverIRQHandler
 .text.UART2_RX_TX_DriverIRQHandler
                0x00005bf0       0x12 ./drivers/fsl_uart.o
                0x00005bf0                UART2_RX_TX_DriverIRQHandler
 .text.UART3_RX_TX_DriverIRQHandler
                0x00005c02       0x12 ./drivers/fsl_uart.o
                0x00005c02                UART3_RX_TX_DriverIRQHandler
 .text.UART4_RX_TX_DriverIRQHandler
                0x00005c14       0x12 ./drivers/fsl_uart.o
                0x00005c14                UART4_RX_TX_DriverIRQHandler
 .text.SystemInitHook
                0x00005c26        0xe ./device/system_MK66F18.o
                0x00005c26                SystemInitHook
 .text.DbgConsole_Init
                0x00005c34       0x20 ./board/board.o
 .text.BOARD_InitDebugConsole
                0x00005c54       0x22 ./board/board.o
                0x00005c54                BOARD_InitDebugConsole
 .text.BOARD_InitBootClocks
                0x00005c76        0xc ./board/clock_config.o
                0x00005c76                BOARD_InitBootClocks
 .text.BOARD_InitPeripherals
                0x00005c82        0xc ./board/peripherals.o
                0x00005c82                BOARD_InitPeripherals
 .text.CLOCK_EnableClock
                0x00005c8e       0x34 ./board/pin_mux.o
 .text.PORT_SetPinMux
                0x00005cc2       0x3a ./board/pin_mux.o
 .text.BOARD_InitBootPins
                0x00005cfc        0xc ./board/pin_mux.o
                0x00005cfc                BOARD_InitBootPins
 .text.FXOS_ReadSensorData
                0x00005d08       0x9e ./accel/fsl_fxos.o
                0x00005d08                FXOS_ReadSensorData
 .text.__main   0x00005da6        0xe d:/mcuxpressoide_11.5.0_7232/ide/plugins/com.nxp.mcuxpresso.tools.win32_11.5.0.202107051138/tools/bin/../lib/gcc/arm-none-eabi/10.3.1/../../../../arm-none-eabi/lib/thumb/v7e-m+fp/hard\libcr_semihost_nf.a(_cr__main.o)
                0x00005da6                __CR_SEMIHOST
                0x00005da6                __main
 .text.memcpy   0x00005db4        0x4 d:/mcuxpressoide_11.5.0_7232/ide/plugins/com.nxp.mcuxpresso.tools.win32_11.5.0.202107051138/tools/bin/../lib/gcc/arm-none-eabi/10.3.1/../../../../arm-none-eabi/lib/thumb/v7e-m+fp/hard\libcr_c.a(memcpy.o)
                0x00005db4                memcpy
 .text.memset   0x00005db8        0x4 d:/mcuxpressoide_11.5.0_7232/ide/plugins/com.nxp.mcuxpresso.tools.win32_11.5.0.202107051138/tools/bin/../lib/gcc/arm-none-eabi/10.3.1/../../../../arm-none-eabi/lib/thumb/v7e-m+fp/hard\libcr_c.a(memset.o)
                0x00005db8                memset
 .text._Csys_read_
                0x00005dbc       0x22 d:/mcuxpressoide_11.5.0_7232/ide/plugins/com.nxp.mcuxpresso.tools.win32_11.5.0.202107051138/tools/bin/../lib/gcc/arm-none-eabi/10.3.1/../../../../arm-none-eabi/lib/thumb/v7e-m+fp/hard\libcr_c.a(__fillbuf.o)
                0x00005dbc                _Csys_read_
 .text._deferredlazyseek
                0x00005dde       0x40 d:/mcuxpressoide_11.5.0_7232/ide/plugins/com.nxp.mcuxpresso.tools.win32_11.5.0.202107051138/tools/bin/../lib/gcc/arm-none-eabi/10.3.1/../../../../arm-none-eabi/lib/thumb/v7e-m+fp/hard\libcr_c.a(_deferredlazyseek.o)
                0x00005dde                _deferredlazyseek
 .text.__flsbuf
                0x00005e1e      0x140 d:/mcuxpressoide_11.5.0_7232/ide/plugins/com.nxp.mcuxpresso.tools.win32_11.5.0.202107051138/tools/bin/../lib/gcc/arm-none-eabi/10.3.1/../../../../arm-none-eabi/lib/thumb/v7e-m+fp/hard\libcr_c.a(_deferredlazyseek.o)
                0x00005e1e                __flsbuf
 .text._fflush  0x00005f5e       0x52 d:/mcuxpressoide_11.5.0_7232/ide/plugins/com.nxp.mcuxpresso.tools.win32_11.5.0.202107051138/tools/bin/../lib/gcc/arm-none-eabi/10.3.1/../../../../arm-none-eabi/lib/thumb/v7e-m+fp/hard\libcr_c.a(_fflush.o)
                0x00005f5e                _fflush
 .text.free     0x00005fb0       0x30 d:/mcuxpressoide_11.5.0_7232/ide/plugins/com.nxp.mcuxpresso.tools.win32_11.5.0.202107051138/tools/bin/../lib/gcc/arm-none-eabi/10.3.1/../../../../arm-none-eabi/lib/thumb/v7e-m+fp/hard\libcr_c.a(alloc.o)
                0x00005fb0                free
 .text.fabs     0x00005fe0       0x22 d:/mcuxpressoide_11.5.0_7232/ide/plugins/com.nxp.mcuxpresso.tools.win32_11.5.0.202107051138/tools/bin/../lib/gcc/arm-none-eabi/10.3.1/../../../../arm-none-eabi/lib/thumb/v7e-m+fp/hard\libcr_c.a(fabs.o)
                0x00005fe0                fabs
 .text.fp_round
                0x00006002       0x4e d:/mcuxpressoide_11.5.0_7232/ide/plugins/com.nxp.mcuxpresso.tools.win32_11.5.0.202107051138/tools/bin/../lib/gcc/arm-none-eabi/10.3.1/../../../../arm-none-eabi/lib/thumb/v7e-m+fp/hard\libcr_c.a(fpprintf.o)
 .text.pr_dec.constprop.0
                0x00006050       0x26 d:/mcuxpressoide_11.5.0_7232/ide/plugins/com.nxp.mcuxpresso.tools.win32_11.5.0.202107051138/tools/bin/../lib/gcc/arm-none-eabi/10.3.1/../../../../arm-none-eabi/lib/thumb/v7e-m+fp/hard\libcr_c.a(fpprintf.o)
 .text.setvbuf  0x00006076       0x3e d:/mcuxpressoide_11.5.0_7232/ide/plugins/com.nxp.mcuxpresso.tools.win32_11.5.0.202107051138/tools/bin/../lib/gcc/arm-none-eabi/10.3.1/../../../../arm-none-eabi/lib/thumb/v7e-m+fp/hard\libcr_c.a(setvbuf.o)
                0x00006076                setvbuf
 .text.sin      0x000060b4       0x40 d:/mcuxpressoide_11.5.0_7232/ide/plugins/com.nxp.mcuxpresso.tools.win32_11.5.0.202107051138/tools/bin/../lib/gcc/arm-none-eabi/10.3.1/../../../../arm-none-eabi/lib/thumb/v7e-m+fp/hard\libcr_c.a(sin.o)
                0x000060b4                sin
 .text.strlen   0x000060f4       0x48 d:/mcuxpressoide_11.5.0_7232/ide/plugins/com.nxp.mcuxpresso.tools.win32_11.5.0.202107051138/tools/bin/../lib/gcc/arm-none-eabi/10.3.1/../../../../arm-none-eabi/lib/thumb/v7e-m+fp/hard\libcr_c.a(strlen.o)
                0x000060f4                strlen
 .text._fdopen  0x0000613c       0x68 d:/mcuxpressoide_11.5.0_7232/ide/plugins/com.nxp.mcuxpresso.tools.win32_11.5.0.202107051138/tools/bin/../lib/gcc/arm-none-eabi/10.3.1/../../../../arm-none-eabi/lib/thumb/v7e-m+fp/hard\libcr_c.a(_fdopen.o)
                0x0000613c                _fdopen
 .text.fclose   0x000061a4       0x58 d:/mcuxpressoide_11.5.0_7232/ide/plugins/com.nxp.mcuxpresso.tools.win32_11.5.0.202107051138/tools/bin/../lib/gcc/arm-none-eabi/10.3.1/../../../../arm-none-eabi/lib/thumb/v7e-m+fp/hard\libcr_c.a(fclose.o)
                0x000061a4                fclose
 .text.remove   0x000061fc       0x14 d:/mcuxpressoide_11.5.0_7232/ide/plugins/com.nxp.mcuxpresso.tools.win32_11.5.0.202107051138/tools/bin/../lib/gcc/arm-none-eabi/10.3.1/../../../../arm-none-eabi/lib/thumb/v7e-m+fp/hard\libcr_c.a(remove.o)
                0x000061fc                remove
 .text._do_fflush
                0x00006210       0x40 d:/mcuxpressoide_11.5.0_7232/ide/plugins/com.nxp.mcuxpresso.tools.win32_11.5.0.202107051138/tools/bin/../lib/gcc/arm-none-eabi/10.3.1/../../../../arm-none-eabi/lib/thumb/v7e-m+fp/hard\libcr_c.a(_do_fflush.o)
                0x00006210                _do_fflush
 .text.__aeabi_d2iz
                0x00006250       0x40 d:/mcuxpressoide_11.5.0_7232/ide/plugins/com.nxp.mcuxpresso.tools.win32_11.5.0.202107051138/tools/bin/../lib/gcc/arm-none-eabi/10.3.1/thumb/v7e-m+fp/hard\libcr_eabihelpers.a(double.o)
                0x00006250                __aeabi_d2iz
 .text.__bhs_ui2d
                0x00006290       0x46 d:/mcuxpressoide_11.5.0_7232/ide/plugins/com.nxp.mcuxpresso.tools.win32_11.5.0.202107051138/tools/bin/../lib/gcc/arm-none-eabi/10.3.1/thumb/v7e-m+fp/hard\libcr_eabihelpers.a(double.o)
                0x00006290                __bhs_ui2d
 .text.__aeabi_i2d
                0x000062d6       0x12 d:/mcuxpressoide_11.5.0_7232/ide/plugins/com.nxp.mcuxpresso.tools.win32_11.5.0.202107051138/tools/bin/../lib/gcc/arm-none-eabi/10.3.1/thumb/v7e-m+fp/hard\libcr_eabihelpers.a(double.o)
                0x000062d6                __aeabi_i2d
 .text.__aeabi_dcmpeq
                0x000062e8       0x30 d:/mcuxpressoide_11.5.0_7232/ide/plugins/com.nxp.mcuxpresso.tools.win32_11.5.0.202107051138/tools/bin/../lib/gcc/arm-none-eabi/10.3.1/thumb/v7e-m+fp/hard\libcr_eabihelpers.a(double.o)
                0x000062e8                __aeabi_dcmpeq
 .text.__aeabi_dcmplt
                0x00006318       0x56 d:/mcuxpressoide_11.5.0_7232/ide/plugins/com.nxp.mcuxpresso.tools.win32_11.5.0.202107051138/tools/bin/../lib/gcc/arm-none-eabi/10.3.1/thumb/v7e-m+fp/hard\libcr_eabihelpers.a(double.o)
                0x00006318                __aeabi_dcmplt
 .text.__aeabi_dcmpgt
                0x0000636e       0x56 d:/mcuxpressoide_11.5.0_7232/ide/plugins/com.nxp.mcuxpresso.tools.win32_11.5.0.202107051138/tools/bin/../lib/gcc/arm-none-eabi/10.3.1/thumb/v7e-m+fp/hard\libcr_eabihelpers.a(double.o)
                0x0000636e                __aeabi_dcmpgt
 .text.__aeabi_dcmple
                0x000063c4       0x56 d:/mcuxpressoide_11.5.0_7232/ide/plugins/com.nxp.mcuxpresso.tools.win32_11.5.0.202107051138/tools/bin/../lib/gcc/arm-none-eabi/10.3.1/thumb/v7e-m+fp/hard\libcr_eabihelpers.a(double.o)
                0x000063c4                __aeabi_dcmple
 .text.__aeabi_dcmpge
                0x0000641a       0x56 d:/mcuxpressoide_11.5.0_7232/ide/plugins/com.nxp.mcuxpresso.tools.win32_11.5.0.202107051138/tools/bin/../lib/gcc/arm-none-eabi/10.3.1/thumb/v7e-m+fp/hard\libcr_eabihelpers.a(double.o)
                0x0000641a                __aeabi_dcmpge
 .text.__aeabi_memcpy
                0x00006470       0x34 d:/mcuxpressoide_11.5.0_7232/ide/plugins/com.nxp.mcuxpresso.tools.win32_11.5.0.202107051138/tools/bin/../lib/gcc/arm-none-eabi/10.3.1/thumb/v7e-m+fp/hard\libcr_eabihelpers.a(memcpy.o)
                0x00006470                __aeabi_memcpy
                0x0000647a                __aeabi_memcpy8
                0x0000647a                __aeabi_memcpy4
 .text.__aeabi_memset_lowlevel
                0x000064a4       0x32 d:/mcuxpressoide_11.5.0_7232/ide/plugins/com.nxp.mcuxpresso.tools.win32_11.5.0.202107051138/tools/bin/../lib/gcc/arm-none-eabi/10.3.1/thumb/v7e-m+fp/hard\libcr_eabihelpers.a(memcpy.o)
                0x000064a4                __aeabi_lowlevel_memset
 .text.__sys_close
                0x000064d6        0xc d:/mcuxpressoide_11.5.0_7232/ide/plugins/com.nxp.mcuxpresso.tools.win32_11.5.0.202107051138/tools/bin/../lib/gcc/arm-none-eabi/10.3.1/../../../../arm-none-eabi/lib/thumb/v7e-m+fp/hard\libcr_semihost_nf.a(__sys_close.o)
                0x000064d6                __sys_close
 .text.__sys_flen
                0x000064e2        0xc d:/mcuxpressoide_11.5.0_7232/ide/plugins/com.nxp.mcuxpresso.tools.win32_11.5.0.202107051138/tools/bin/../lib/gcc/arm-none-eabi/10.3.1/../../../../arm-none-eabi/lib/thumb/v7e-m+fp/hard\libcr_semihost_nf.a(__sys_flen.o)
                0x000064e2                __sys_flen
 .text.__sys_istty
                0x000064ee        0xc d:/mcuxpressoide_11.5.0_7232/ide/plugins/com.nxp.mcuxpresso.tools.win32_11.5.0.202107051138/tools/bin/../lib/gcc/arm-none-eabi/10.3.1/../../../../arm-none-eabi/lib/thumb/v7e-m+fp/hard\libcr_semihost_nf.a(__sys_istty.o)
                0x000064ee                __sys_istty
 .text.__sys_read
                0x000064fa        0xc d:/mcuxpressoide_11.5.0_7232/ide/plugins/com.nxp.mcuxpresso.tools.win32_11.5.0.202107051138/tools/bin/../lib/gcc/arm-none-eabi/10.3.1/../../../../arm-none-eabi/lib/thumb/v7e-m+fp/hard\libcr_semihost_nf.a(__sys_read.o)
                0x000064fa                __sys_read
 .text.__sys_readc
                0x00006506        0x8 d:/mcuxpressoide_11.5.0_7232/ide/plugins/com.nxp.mcuxpresso.tools.win32_11.5.0.202107051138/tools/bin/../lib/gcc/arm-none-eabi/10.3.1/../../../../arm-none-eabi/lib/thumb/v7e-m+fp/hard\libcr_semihost_nf.a(__sys_readc.o)
                0x00006506                __sys_readc
                0x00006506                __readc
 .text.__sys_remove
                0x0000650e        0xc d:/mcuxpressoide_11.5.0_7232/ide/plugins/com.nxp.mcuxpresso.tools.win32_11.5.0.202107051138/tools/bin/../lib/gcc/arm-none-eabi/10.3.1/../../../../arm-none-eabi/lib/thumb/v7e-m+fp/hard\libcr_semihost_nf.a(__sys_remove.o)
                0x0000650e                __sys_remove
 .text.__sys_seek
                0x0000651a        0xc d:/mcuxpressoide_11.5.0_7232/ide/plugins/com.nxp.mcuxpresso.tools.win32_11.5.0.202107051138/tools/bin/../lib/gcc/arm-none-eabi/10.3.1/../../../../arm-none-eabi/lib/thumb/v7e-m+fp/hard\libcr_semihost_nf.a(__sys_seek.o)
                0x0000651a                __sys_seek
 .text.__sys_tmpnam
                0x00006526        0xc d:/mcuxpressoide_11.5.0_7232/ide/plugins/com.nxp.mcuxpresso.tools.win32_11.5.0.202107051138/tools/bin/../lib/gcc/arm-none-eabi/10.3.1/../../../../arm-none-eabi/lib/thumb/v7e-m+fp/hard\libcr_semihost_nf.a(__sys_tmpnam.o)
                0x00006526                __sys_tmpnam
 .text.__sys_write
                0x00006532        0xc d:/mcuxpressoide_11.5.0_7232/ide/plugins/com.nxp.mcuxpresso.tools.win32_11.5.0.202107051138/tools/bin/../lib/gcc/arm-none-eabi/10.3.1/../../../../arm-none-eabi/lib/thumb/v7e-m+fp/hard\libcr_semihost_nf.a(__sys_write.o)
                0x00006532                __sys_write
 *(SORT_BY_ALIGNMENT(.rodata) SORT_BY_ALIGNMENT(.rodata.*) SORT_BY_ALIGNMENT(.constdata) SORT_BY_ALIGNMENT(.constdata.*))
 *fill*         0x0000653e        0x2 ff
 .rodata.a.0    0x00006540       0x20 d:/mcuxpressoide_11.5.0_7232/ide/plugins/com.nxp.mcuxpresso.tools.win32_11.5.0.202107051138/tools/bin/../lib/gcc/arm-none-eabi/10.3.1/../../../../arm-none-eabi/lib/thumb/v7e-m+fp/hard\libcr_c.a(atan.o)
 .rodata.__assertion_failed.str1.4
                0x00006560       0x14 ./utilities/fsl_assert.o
 .rodata.Sensor_ReadData.str1.4
                0x00006574       0x24 ./source/ecompass_peripheral.o
 .rodata.Magnetometer_Calibrate.str1.4
                0x00006598       0xbf ./source/ecompass_peripheral.o
 *fill*         0x00006657        0x1 ff
 .rodata.main.str1.4
                0x00006658       0xe8 ./source/ecompass_peripheral.o
 .rodata.CLOCK_GetMcgExtClkFreq.str1.4
                0x00006740       0x49 ./drivers/fsl_clock.o
 *fill*         0x00006789        0x3 ff
 .rodata.CLOCK_GetOsc0ErClkUndivFreq.str1.4
                0x0000678c       0x1e ./drivers/fsl_clock.o
 *fill*         0x000067aa        0x2 ff
 .rodata.CLOCK_GetOsc0ErClkDivFreq.str1.4
                0x000067ac       0x1e ./drivers/fsl_clock.o
 *fill*         0x000067ca        0x2 ff
 .rodata.CLOCK_GetEr32kClkFreq.str1.4
                0x000067cc       0x1f ./drivers/fsl_clock.o
 *fill*         0x000067eb        0x1 ff
 .rodata.CLOCK_GetPll0Freq.str1.4
                0x000067ec       0x1d ./drivers/fsl_clock.o
 *fill*         0x00006809        0x3 ff
 .rodata.fllFactorTable.1
                0x0000680c       0x10 ./drivers/fsl_clock.o
 .rodata.s_baudratePrescaler
                0x0000681c       0x10 ./drivers/fsl_dspi.o
 .rodata.s_baudrateScaler
                0x0000682c       0x40 ./drivers/fsl_dspi.o
 .rodata.s_delayPrescaler
                0x0000686c       0x10 ./drivers/fsl_dspi.o
 .rodata.s_delayScaler
                0x0000687c       0x40 ./drivers/fsl_dspi.o
 .rodata.s_dspiBases
                0x000068bc        0xc ./drivers/fsl_dspi.o
 .rodata.s_dspiClock
                0x000068c8        0xc ./drivers/fsl_dspi.o
 .rodata.DSPI_GetInstance.str1.4
                0x000068d4       0x34 ./drivers/fsl_dspi.o
 .rodata.DSPI_MasterInit.str1.4
                0x00006908       0x3f ./drivers/fsl_dspi.o
 *fill*         0x00006947        0x1 ff
 .rodata.DSPI_MasterSetDelayScaler.str1.4
                0x00006948       0x17 ./drivers/fsl_dspi.o
 *fill*         0x0000695f        0x1 ff
 .rodata.DSPI_MasterTransferBlocking.str1.4
                0x00006960       0x22 ./drivers/fsl_dspi.o
 *fill*         0x00006982        0x2 ff
 .rodata.SPI0_DriverIRQHandler.str1.4
                0x00006984       0x2a ./drivers/fsl_dspi.o
 *fill*         0x000069ae        0x2 ff
 .rodata.SPI1_DriverIRQHandler.str1.4
                0x000069b0       0x2a ./drivers/fsl_dspi.o
 *fill*         0x000069da        0x2 ff
 .rodata.SPI2_DriverIRQHandler.str1.4
                0x000069dc       0x2a ./drivers/fsl_dspi.o
 *fill*         0x00006a06        0x2 ff
 .rodata.GPIO_PinInit.str1.4
                0x00006a08       0x20 ./drivers/fsl_gpio.o
 .rodata.s_i2cDividerTable
                0x00006a28       0x80 ./drivers/fsl_i2c.o
 .rodata.s_i2cClocks
                0x00006aa8       0x10 ./drivers/fsl_i2c.o
 .rodata.s_i2cBases
                0x00006ab8       0x10 ./drivers/fsl_i2c.o
 .rodata.I2C_GetInstance.str1.4
                0x00006ac8       0x32 ./drivers/fsl_i2c.o
 *fill*         0x00006afa        0x2 ff
 .rodata.I2C_MasterInit.str1.4
                0x00006afc       0x4a ./drivers/fsl_i2c.o
 *fill*         0x00006b46        0x2 ff
 .rodata.simConfig_BOARD_BootClockRUN
                0x00006b48        0x8 ./board/clock_config.o
                0x00006b48                simConfig_BOARD_BootClockRUN
 .rodata.BOARD_ACCEL_I2C_config
                0x00006b50        0xc ./board/peripherals.o
                0x00006b50                BOARD_ACCEL_I2C_config
 .rodata.FXOS_Init.str1.4
                0x00006b5c       0x81 ./accel/fsl_fxos.o
 *fill*         0x00006bdd        0x3 ff
 .rodata.FXOS_ReadReg.str1.4
                0x00006be0       0x2d ./accel/fsl_fxos.o
 *fill*         0x00006c0d        0x3 ff
 .rodata.FXOS_WriteReg.str1.4
                0x00006c10       0x18 ./accel/fsl_fxos.o
 .rodata.__num_Ciob_streams
                0x00006c28        0x4 d:/mcuxpressoide_11.5.0_7232/ide/plugins/com.nxp.mcuxpresso.tools.win32_11.5.0.202107051138/tools/bin/../lib/gcc/arm-none-eabi/10.3.1/../../../../arm-none-eabi/lib/thumb/v7e-m+fp/hard\libcr_semihost_nf.a(__ciob.o)
                0x00006c28                __num_Ciob_streams
 .rodata._Csys_alloc.str1.1
                0x00006c2c       0x18 d:/mcuxpressoide_11.5.0_7232/ide/plugins/com.nxp.mcuxpresso.tools.win32_11.5.0.202107051138/tools/bin/../lib/gcc/arm-none-eabi/10.3.1/../../../../arm-none-eabi/lib/thumb/v7e-m+fp/hard\libcr_c.a(alloc.o)
 .rodata.fp_display.str1.1
                0x00006c44       0x34 d:/mcuxpressoide_11.5.0_7232/ide/plugins/com.nxp.mcuxpresso.tools.win32_11.5.0.202107051138/tools/bin/../lib/gcc/arm-none-eabi/10.3.1/../../../../arm-none-eabi/lib/thumb/v7e-m+fp/hard\libcr_c.a(fpprintf.o)
                                 0x35 (size before relaxing)
 .rodata._initio.str1.1
                0x00006c78        0x4 d:/mcuxpressoide_11.5.0_7232/ide/plugins/com.nxp.mcuxpresso.tools.win32_11.5.0.202107051138/tools/bin/../lib/gcc/arm-none-eabi/10.3.1/../../../../arm-none-eabi/lib/thumb/v7e-m+fp/hard\libcr_c.a(initio.o)
 .rodata.__vfprintf.str1.1
                0x00006c7c       0x31 d:/mcuxpressoide_11.5.0_7232/ide/plugins/com.nxp.mcuxpresso.tools.win32_11.5.0.202107051138/tools/bin/../lib/gcc/arm-none-eabi/10.3.1/../../../../arm-none-eabi/lib/thumb/v7e-m+fp/hard\libcr_c.a(printf.o)
                                 0x38 (size before relaxing)
                0x00006cb0                . = ALIGN (0x8)
 *fill*         0x00006cad        0x3 ff

.glue_7         0x00006cb0        0x0
 .glue_7        0x00006cb0        0x0 linker stubs

.glue_7t        0x00006cb0        0x0
 .glue_7t       0x00006cb0        0x0 linker stubs

.vfp11_veneer   0x00006cb0        0x0
 .vfp11_veneer  0x00006cb0        0x0 linker stubs

.v4_bx          0x00006cb0        0x0
 .v4_bx         0x00006cb0        0x0 linker stubs

.iplt           0x00006cb0        0x0
 .iplt          0x00006cb0        0x0 ./utilities/fsl_assert.o

.rel.dyn        0x00006cb0        0x0
 .rel.iplt      0x00006cb0        0x0 ./utilities/fsl_assert.o

.ARM.extab
 *(SORT_BY_ALIGNMENT(.ARM.extab*) SORT_BY_ALIGNMENT(.gnu.linkonce.armextab.*))

.ARM.exidx      0x00006cb0        0x0
                0x00006cb0                __exidx_start = .
 *(SORT_BY_ALIGNMENT(.ARM.exidx*) SORT_BY_ALIGNMENT(.gnu.linkonce.armexidx.*))
                0x00006cb0                __exidx_end = .
                0x00006cb0                _etext = .

.m_usb_data
 *(SORT_BY_ALIGNMENT(m_usb_bdt))

.data_RAM2      0x1fff0000        0x0 load address 0x00006cb0
 FILL mask 0xff
                [!provide]                PROVIDE (__start_data_RAM2 = .)
                [!provide]                PROVIDE (__start_data_SRAM_LOWER = .)
 *(SORT_BY_ALIGNMENT(.ramfunc.$RAM2))
 *(SORT_BY_ALIGNMENT(.ramfunc.$SRAM_LOWER))
 *(SORT_BY_ALIGNMENT(NonCacheable.init))
 *(SORT_BY_ALIGNMENT(.data.$RAM2))
 *(SORT_BY_ALIGNMENT(.data.$SRAM_LOWER))
 *(SORT_BY_ALIGNMENT(.data.$RAM2.*))
 *(SORT_BY_ALIGNMENT(.data.$SRAM_LOWER.*))
                0x1fff0000                . = ALIGN (0x8)
                [!provide]                PROVIDE (__end_data_RAM2 = .)
                [!provide]                PROVIDE (__end_data_SRAM_LOWER = .)

.data_RAM3      0x14000000        0x0 load address 0x00006cb0
 FILL mask 0xff
                [!provide]                PROVIDE (__start_data_RAM3 = .)
                [!provide]                PROVIDE (__start_data_FLEX_RAM = .)
 *(SORT_BY_ALIGNMENT(.ramfunc.$RAM3))
 *(SORT_BY_ALIGNMENT(.ramfunc.$FLEX_RAM))
 *(SORT_BY_ALIGNMENT(.data.$RAM3))
 *(SORT_BY_ALIGNMENT(.data.$FLEX_RAM))
 *(SORT_BY_ALIGNMENT(.data.$RAM3.*))
 *(SORT_BY_ALIGNMENT(.data.$FLEX_RAM.*))
                0x14000000                . = ALIGN (0x8)
                [!provide]                PROVIDE (__end_data_RAM3 = .)
                [!provide]                PROVIDE (__end_data_FLEX_RAM = .)

.uninit_RESERVED
                0x20000000        0x0
                0x20000000                _start_uninit_RESERVED = .
 *(SORT_BY_ALIGNMENT(.bss.$RESERVED*))
                0x20000000                . = ALIGN (0x8)
                0x20000000                _end_uninit_RESERVED = .

.data           0x20000000       0x18 load address 0x00006cb0
 FILL mask 0xff
                0x20000000                _data = .
                [!provide]                PROVIDE (__start_data_RAM = .)
                [!provide]                PROVIDE (__start_data_SRAM_UPPER = .)
 *(SORT_BY_ALIGNMENT(vtable))
 *(SORT_BY_ALIGNMENT(.ramfunc*))
 *(SORT_BY_ALIGNMENT(CodeQuickAccess))
 *(SORT_BY_ALIGNMENT(DataQuickAccess))
 *(SORT_BY_ALIGNMENT(RamFunction))
 *(SORT_BY_ALIGNMENT(.data*))
 .data.g_sensor_address
                0x20000000        0x4 ./source/ecompass_peripheral.o
                0x20000000                g_sensor_address
 .data.s_slowIrcFreq
                0x20000004        0x4 ./drivers/fsl_clock.o
 .data.s_fastIrcFreq
                0x20000008        0x4 ./drivers/fsl_clock.o
 .data.SystemCoreClock
                0x2000000c        0x4 ./device/system_MK66F18.o
                0x2000000c                SystemCoreClock
 .data.g_FirstRun
                0x20000010        0x1 ./source/ecompass_peripheral.o
                0x20000010                g_FirstRun
                0x20000018                . = ALIGN (0x8)
 *fill*         0x20000011        0x7 ff
                0x20000018                _edata = .
                [!provide]                PROVIDE (__end_data_RAM = .)
                [!provide]                PROVIDE (__end_data_SRAM_UPPER = .)

.igot.plt       0x20000018        0x0 load address 0x00006cc8
 .igot.plt      0x20000018        0x0 ./utilities/fsl_assert.o

.bss_RAM2       0x1fff0000        0x0
                [!provide]                PROVIDE (__start_bss_RAM2 = .)
                [!provide]                PROVIDE (__start_bss_SRAM_LOWER = .)
 *(SORT_BY_ALIGNMENT(NonCacheable))
 *(SORT_BY_ALIGNMENT(.bss.$RAM2))
 *(SORT_BY_ALIGNMENT(.bss.$SRAM_LOWER))
 *(SORT_BY_ALIGNMENT(.bss.$RAM2.*))
 *(SORT_BY_ALIGNMENT(.bss.$SRAM_LOWER.*))
                0x1fff0000                . = ALIGN ((. != 0x0)?0x8:0x1)
                [!provide]                PROVIDE (__end_bss_RAM2 = .)
                [!provide]                PROVIDE (__end_bss_SRAM_LOWER = .)

.bss_RAM3       0x14000000        0x0
                [!provide]                PROVIDE (__start_bss_RAM3 = .)
                [!provide]                PROVIDE (__start_bss_FLEX_RAM = .)
 *(SORT_BY_ALIGNMENT(.bss.$RAM3))
 *(SORT_BY_ALIGNMENT(.bss.$FLEX_RAM))
 *(SORT_BY_ALIGNMENT(.bss.$RAM3.*))
 *(SORT_BY_ALIGNMENT(.bss.$FLEX_RAM.*))
                0x14000000                . = ALIGN ((. != 0x0)?0x8:0x1)
                [!provide]                PROVIDE (__end_bss_RAM3 = .)
                [!provide]                PROVIDE (__end_bss_FLEX_RAM = .)

.bss            0x20000018      0x250
                0x20000018                _bss = .
                [!provide]                PROVIDE (__start_bss_RAM = .)
                [!provide]                PROVIDE (__start_bss_SRAM_UPPER = .)
 *(SORT_BY_ALIGNMENT(.bss*))
 .bss.g_Ax      0x20000018        0x8 ./source/ecompass_peripheral.o
                0x20000018                g_Ax
 .bss.g_Ay      0x20000020        0x8 ./source/ecompass_peripheral.o
                0x20000020                g_Ay
 .bss.g_Az      0x20000028        0x8 ./source/ecompass_peripheral.o
                0x20000028                g_Az
 .bss.g_Mx      0x20000030        0x8 ./source/ecompass_peripheral.o
                0x20000030                g_Mx
 .bss.g_My      0x20000038        0x8 ./source/ecompass_peripheral.o
                0x20000038                g_My
 .bss.g_Mz      0x20000040        0x8 ./source/ecompass_peripheral.o
                0x20000040                g_Mz
 .bss.g_Mx_LP   0x20000048        0x8 ./source/ecompass_peripheral.o
                0x20000048                g_Mx_LP
 .bss.g_My_LP   0x20000050        0x8 ./source/ecompass_peripheral.o
                0x20000050                g_My_LP
 .bss.g_Mz_LP   0x20000058        0x8 ./source/ecompass_peripheral.o
                0x20000058                g_Mz_LP
 .bss.g_Yaw     0x20000060        0x8 ./source/ecompass_peripheral.o
                0x20000060                g_Yaw
 .bss.g_Yaw_LP  0x20000068        0x8 ./source/ecompass_peripheral.o
                0x20000068                g_Yaw_LP
 .bss.g_Pitch   0x20000070        0x8 ./source/ecompass_peripheral.o
                0x20000070                g_Pitch
 .bss.g_Roll    0x20000078        0x8 ./source/ecompass_peripheral.o
                0x20000078                g_Roll
 .bss.g_fxosHandle
                0x20000080       0x14 ./source/ecompass_peripheral.o
                0x20000080                g_fxosHandle
 .bss.g_Ax_buff
                0x20000094       0x32 ./source/ecompass_peripheral.o
                0x20000094                g_Ax_buff
 *fill*         0x200000c6        0x2 
 .bss.g_Ay_buff
                0x200000c8       0x32 ./source/ecompass_peripheral.o
                0x200000c8                g_Ay_buff
 *fill*         0x200000fa        0x2 
 .bss.g_Az_buff
                0x200000fc       0x32 ./source/ecompass_peripheral.o
                0x200000fc                g_Az_buff
 *fill*         0x2000012e        0x2 
 .bss.s_extPllFreq
                0x20000130        0x4 ./drivers/fsl_clock.o
 .bss.g_xtal0Freq
                0x20000134        0x4 ./drivers/fsl_clock.o
                0x20000134                g_xtal0Freq
 .bss.g_xtal32Freq
                0x20000138        0x4 ./drivers/fsl_clock.o
                0x20000138                g_xtal32Freq
 .bss.g_dspiHandle
                0x2000013c        0xc ./drivers/fsl_dspi.o
 .bss.s_dspiMasterIsr
                0x20000148        0x4 ./drivers/fsl_dspi.o
 .bss.s_dspiSlaveIsr
                0x2000014c        0x4 ./drivers/fsl_dspi.o
 .bss.g_dspiDummyData
                0x20000150        0x3 ./drivers/fsl_dspi.o
                0x20000150                g_dspiDummyData
 *fill*         0x20000153        0x1 
 .bss.s_i2cHandle
                0x20000154       0x10 ./drivers/fsl_i2c.o
 .bss.s_i2cMasterIsr
                0x20000164        0x4 ./drivers/fsl_i2c.o
 .bss.s_i2cSlaveIsr
                0x20000168        0x4 ./drivers/fsl_i2c.o
 .bss.s_lpuartHandle
                0x2000016c        0x4 ./drivers/fsl_lpuart.o
                0x2000016c                s_lpuartHandle
 .bss.s_lpuartIsr
                0x20000170        0x4 ./drivers/fsl_lpuart.o
                0x20000170                s_lpuartIsr
 .bss.s_uartHandle
                0x20000174       0x14 ./drivers/fsl_uart.o
                0x20000174                s_uartHandle
 .bss.s_uartIsr
                0x20000188        0x4 ./drivers/fsl_uart.o
                0x20000188                s_uartIsr
 .bss.__Ciob    0x2000018c       0xb4 d:/mcuxpressoide_11.5.0_7232/ide/plugins/com.nxp.mcuxpresso.tools.win32_11.5.0.202107051138/tools/bin/../lib/gcc/arm-none-eabi/10.3.1/../../../../arm-none-eabi/lib/thumb/v7e-m+fp/hard\libcr_semihost_nf.a(__ciob.o)
                0x2000018c                __Ciob
 .bss.errno     0x20000240        0x4 d:/mcuxpressoide_11.5.0_7232/ide/plugins/com.nxp.mcuxpresso.tools.win32_11.5.0.202107051138/tools/bin/../lib/gcc/arm-none-eabi/10.3.1/../../../../arm-none-eabi/lib/thumb/v7e-m+fp/hard\libcr_c.a(errno.o)
                0x20000240                errno
 .bss.__end_of_heap
                0x20000244        0x4 d:/mcuxpressoide_11.5.0_7232/ide/plugins/com.nxp.mcuxpresso.tools.win32_11.5.0.202107051138/tools/bin/../lib/gcc/arm-none-eabi/10.3.1/../../../../arm-none-eabi/lib/thumb/v7e-m+fp/hard\libcr_c.a(__init_alloc.o)
                0x20000244                __end_of_heap
 .bss.__heaps   0x20000248        0x4 d:/mcuxpressoide_11.5.0_7232/ide/plugins/com.nxp.mcuxpresso.tools.win32_11.5.0.202107051138/tools/bin/../lib/gcc/arm-none-eabi/10.3.1/../../../../arm-none-eabi/lib/thumb/v7e-m+fp/hard\libcr_c.a(__init_alloc.o)
                0x20000248                __heaps
 .bss.SampleEventFlag
                0x2000024c        0x2 ./source/ecompass_peripheral.o
                0x2000024c                SampleEventFlag
 .bss.g_Ax_Raw  0x2000024e        0x2 ./source/ecompass_peripheral.o
                0x2000024e                g_Ax_Raw
 .bss.g_Ay_Raw  0x20000250        0x2 ./source/ecompass_peripheral.o
                0x20000250                g_Ay_Raw
 .bss.g_Az_Raw  0x20000252        0x2 ./source/ecompass_peripheral.o
                0x20000252                g_Az_Raw
 .bss.g_Mx_Raw  0x20000254        0x2 ./source/ecompass_peripheral.o
                0x20000254                g_Mx_Raw
 .bss.g_My_Raw  0x20000256        0x2 ./source/ecompass_peripheral.o
                0x20000256                g_My_Raw
 .bss.g_Mz_Raw  0x20000258        0x2 ./source/ecompass_peripheral.o
                0x20000258                g_Mz_Raw
 .bss.g_Mx_Offset
                0x2000025a        0x2 ./source/ecompass_peripheral.o
                0x2000025a                g_Mx_Offset
 .bss.g_My_Offset
                0x2000025c        0x2 ./source/ecompass_peripheral.o
                0x2000025c                g_My_Offset
 .bss.g_Mz_Offset
                0x2000025e        0x2 ./source/ecompass_peripheral.o
                0x2000025e                g_Mz_Offset
 .bss.g_sensorRange
                0x20000260        0x1 ./source/ecompass_peripheral.o
                0x20000260                g_sensorRange
 .bss.g_dataScale
                0x20000261        0x1 ./source/ecompass_peripheral.o
                0x20000261                g_dataScale
 *(SORT_BY_ALIGNMENT(COMMON))
                0x20000268                . = ALIGN (0x8)
 *fill*         0x20000262        0x6 
                0x20000268                _ebss = .
                [!provide]                PROVIDE (__end_bss_RAM = .)
                [!provide]                PROVIDE (__end_bss_SRAM_UPPER = .)
                [!provide]                PROVIDE (end = .)

.noinit_RAM2    0x1fff0000        0x0
                [!provide]                PROVIDE (__start_noinit_RAM2 = .)
                [!provide]                PROVIDE (__start_noinit_SRAM_LOWER = .)
 *(SORT_BY_ALIGNMENT(.noinit.$RAM2))
 *(SORT_BY_ALIGNMENT(.noinit.$SRAM_LOWER))
 *(SORT_BY_ALIGNMENT(.noinit.$RAM2.*))
 *(SORT_BY_ALIGNMENT(.noinit.$SRAM_LOWER.*))
                0x1fff0000                . = ALIGN (0x8)
                [!provide]                PROVIDE (__end_noinit_RAM2 = .)
                [!provide]                PROVIDE (__end_noinit_SRAM_LOWER = .)

.noinit_RAM3    0x14000000        0x0
                [!provide]                PROVIDE (__start_noinit_RAM3 = .)
                [!provide]                PROVIDE (__start_noinit_FLEX_RAM = .)
 *(SORT_BY_ALIGNMENT(.noinit.$RAM3))
 *(SORT_BY_ALIGNMENT(.noinit.$FLEX_RAM))
 *(SORT_BY_ALIGNMENT(.noinit.$RAM3.*))
 *(SORT_BY_ALIGNMENT(.noinit.$FLEX_RAM.*))
                0x14000000                . = ALIGN (0x8)
                [!provide]                PROVIDE (__end_noinit_RAM3 = .)
                [!provide]                PROVIDE (__end_noinit_FLEX_RAM = .)

.noinit         0x20000268        0x0
                0x20000268                _noinit = .
                [!provide]                PROVIDE (__start_noinit_RAM = .)
                [!provide]                PROVIDE (__start_noinit_SRAM_UPPER = .)
 *(SORT_BY_ALIGNMENT(.noinit*))
                0x20000268                . = ALIGN (0x8)
                0x20000268                _end_noinit = .
                [!provide]                PROVIDE (__end_noinit_RAM = .)
                [!provide]                PROVIDE (__end_noinit_SRAM_UPPER = .)
                0x00001000                _HeapSize = 0x1000

.heap           0x20000268     0x1000
                0x20000268                _pvHeapStart = .
                0x20001268                . = (. + _HeapSize)
 *fill*         0x20000268     0x1000 
                0x20001268                . = ALIGN (0x8)
                0x20001268                _pvHeapLimit = .
                0x00001000                _StackSize = 0x1000

.heap2stackfill
                0x20001268     0x1000
                0x20002268                . = (. + _StackSize)
 *fill*         0x20001268     0x1000 

.stack          0x2002f000        0x0
                0x2002f000                _vStackBase = .
                0x2002f000                . = ALIGN (0x8)
                0x20030000                _vStackTop = (. + _StackSize)
                0x00000000                _image_start = LOADADDR (.text)
                0x00006cc8                _image_end = (LOADADDR (.data) + SIZEOF (.data))
                0x00006cc8                _image_size = (_image_end - _image_start)
OUTPUT(frdmk66f_ecompass_peripheral_lab1_problem5.axf elf32-littlearm)
LOAD linker stubs

.debug_info     0x00000000    0x10a95
 .debug_info    0x00000000       0xaa ./utilities/fsl_assert.o
 .debug_info    0x000000aa      0xa44 ./startup/startup_mk66f18.o
 .debug_info    0x00000aee     0x1a1c ./source/ecompass_peripheral.o
 .debug_info    0x0000250a       0x3c ./source/semihost_hardfault.o
 .debug_info    0x00002546     0x2950 ./drivers/fsl_clock.o
 .debug_info    0x00004e96     0x2685 ./drivers/fsl_dspi.o
 .debug_info    0x0000751b      0x69c ./drivers/fsl_gpio.o
 .debug_info    0x00007bb7     0x1f53 ./drivers/fsl_i2c.o
 .debug_info    0x00009b0a     0x1e47 ./drivers/fsl_lpuart.o
 .debug_info    0x0000b951     0x209e ./drivers/fsl_uart.o
 .debug_info    0x0000d9ef      0xa4e ./device/system_MK66F18.o
 .debug_info    0x0000e43d      0x72b ./board/board.o
 .debug_info    0x0000eb68      0xcfe ./board/clock_config.o
 .debug_info    0x0000f866      0x595 ./board/peripherals.o
 .debug_info    0x0000fdfb      0x7f0 ./board/pin_mux.o
 .debug_info    0x000105eb      0x4aa ./accel/fsl_fxos.o

.debug_abbrev   0x00000000     0x227e
 .debug_abbrev  0x00000000       0x66 ./utilities/fsl_assert.o
 .debug_abbrev  0x00000066      0x185 ./startup/startup_mk66f18.o
 .debug_abbrev  0x000001eb      0x33e ./source/ecompass_peripheral.o
 .debug_abbrev  0x00000529       0x31 ./source/semihost_hardfault.o
 .debug_abbrev  0x0000055a      0x362 ./drivers/fsl_clock.o
 .debug_abbrev  0x000008bc      0x381 ./drivers/fsl_dspi.o
 .debug_abbrev  0x00000c3d      0x186 ./drivers/fsl_gpio.o
 .debug_abbrev  0x00000dc3      0x363 ./drivers/fsl_i2c.o
 .debug_abbrev  0x00001126      0x410 ./drivers/fsl_lpuart.o
 .debug_abbrev  0x00001536      0x42e ./drivers/fsl_uart.o
 .debug_abbrev  0x00001964      0x148 ./device/system_MK66F18.o
 .debug_abbrev  0x00001aac      0x18b ./board/board.o
 .debug_abbrev  0x00001c37      0x214 ./board/clock_config.o
 .debug_abbrev  0x00001e4b      0x124 ./board/peripherals.o
 .debug_abbrev  0x00001f6f      0x1f7 ./board/pin_mux.o
 .debug_abbrev  0x00002166      0x118 ./accel/fsl_fxos.o

.debug_aranges  0x00000000      0xf00
 .debug_aranges
                0x00000000       0x20 ./utilities/fsl_assert.o
 .debug_aranges
                0x00000020      0x3a0 ./startup/startup_mk66f18.o
 .debug_aranges
                0x000003c0       0x88 ./source/ecompass_peripheral.o
 .debug_aranges
                0x00000448       0x20 ./source/semihost_hardfault.o
 .debug_aranges
                0x00000468      0x258 ./drivers/fsl_clock.o
 .debug_aranges
                0x000006c0      0x1d8 ./drivers/fsl_dspi.o
 .debug_aranges
                0x00000898       0x40 ./drivers/fsl_gpio.o
 .debug_aranges
                0x000008d8      0x188 ./drivers/fsl_i2c.o
 .debug_aranges
                0x00000a60      0x138 ./drivers/fsl_lpuart.o
 .debug_aranges
                0x00000b98      0x1a8 ./drivers/fsl_uart.o
 .debug_aranges
                0x00000d40       0x30 ./device/system_MK66F18.o
 .debug_aranges
                0x00000d70       0x70 ./board/board.o
 .debug_aranges
                0x00000de0       0x60 ./board/clock_config.o
 .debug_aranges
                0x00000e40       0x30 ./board/peripherals.o
 .debug_aranges
                0x00000e70       0x58 ./board/pin_mux.o
 .debug_aranges
                0x00000ec8       0x38 ./accel/fsl_fxos.o

.debug_ranges   0x00000000      0xe00
 .debug_ranges  0x00000000       0x10 ./utilities/fsl_assert.o
 .debug_ranges  0x00000010      0x390 ./startup/startup_mk66f18.o
 .debug_ranges  0x000003a0       0x78 ./source/ecompass_peripheral.o
 .debug_ranges  0x00000418       0x10 ./source/semihost_hardfault.o
 .debug_ranges  0x00000428      0x248 ./drivers/fsl_clock.o
 .debug_ranges  0x00000670      0x1c8 ./drivers/fsl_dspi.o
 .debug_ranges  0x00000838       0x30 ./drivers/fsl_gpio.o
 .debug_ranges  0x00000868      0x178 ./drivers/fsl_i2c.o
 .debug_ranges  0x000009e0      0x128 ./drivers/fsl_lpuart.o
 .debug_ranges  0x00000b08      0x198 ./drivers/fsl_uart.o
 .debug_ranges  0x00000ca0       0x20 ./device/system_MK66F18.o
 .debug_ranges  0x00000cc0       0x60 ./board/board.o
 .debug_ranges  0x00000d20       0x50 ./board/clock_config.o
 .debug_ranges  0x00000d70       0x20 ./board/peripherals.o
 .debug_ranges  0x00000d90       0x48 ./board/pin_mux.o
 .debug_ranges  0x00000dd8       0x28 ./accel/fsl_fxos.o

.debug_macro    0x00000000    0x1ca72
 .debug_macro   0x00000000      0x12d ./utilities/fsl_assert.o
 .debug_macro   0x0000012d      0xac0 ./utilities/fsl_assert.o
 .debug_macro   0x00000bed       0x10 ./utilities/fsl_assert.o
 .debug_macro   0x00000bfd       0x1c ./utilities/fsl_assert.o
 .debug_macro   0x00000c19       0x22 ./utilities/fsl_assert.o
 .debug_macro   0x00000c3b      0x12e ./utilities/fsl_assert.o
 .debug_macro   0x00000d69      0x5b3 ./utilities/fsl_assert.o
 .debug_macro   0x0000131c       0x22 ./utilities/fsl_assert.o
 .debug_macro   0x0000133e       0x10 ./utilities/fsl_assert.o
 .debug_macro   0x0000134e       0x56 ./utilities/fsl_assert.o
 .debug_macro   0x000013a4       0x1c ./utilities/fsl_assert.o
 .debug_macro   0x000013c0       0x22 ./utilities/fsl_assert.o
 .debug_macro   0x000013e2       0xfb ./utilities/fsl_assert.o
 .debug_macro   0x000014dd      0xeeb ./utilities/fsl_assert.o
 .debug_macro   0x000023c8       0x40 ./utilities/fsl_assert.o
 .debug_macro   0x00002408    0x1626f ./utilities/fsl_assert.o
 .debug_macro   0x00018677     0x14b0 ./utilities/fsl_assert.o
 .debug_macro   0x00019b27       0x7a ./utilities/fsl_assert.o
 .debug_macro   0x00019ba1       0xaf ./utilities/fsl_assert.o
 .debug_macro   0x00019c50      0x190 ./utilities/fsl_assert.o
 .debug_macro   0x00019de0       0x1c ./utilities/fsl_assert.o
 .debug_macro   0x00019dfc       0x9a ./utilities/fsl_assert.o
 .debug_macro   0x00019e96       0x28 ./utilities/fsl_assert.o
 .debug_macro   0x00019ebe       0x29 ./startup/startup_mk66f18.o
 .debug_macro   0x00019ee7      0x1b7 ./source/ecompass_peripheral.o
 .debug_macro   0x0001a09e      0xb93 ./source/ecompass_peripheral.o
 .debug_macro   0x0001ac31       0xa0 ./source/ecompass_peripheral.o
 .debug_macro   0x0001acd1       0x22 ./source/ecompass_peripheral.o
 .debug_macro   0x0001acf3       0x16 ./source/ecompass_peripheral.o
 .debug_macro   0x0001ad09       0x22 ./source/ecompass_peripheral.o
 .debug_macro   0x0001ad2b       0x16 ./source/ecompass_peripheral.o
 .debug_macro   0x0001ad41       0x16 ./source/ecompass_peripheral.o
 .debug_macro   0x0001ad57      0x24f ./source/ecompass_peripheral.o
 .debug_macro   0x0001afa6       0x40 ./source/ecompass_peripheral.o
 .debug_macro   0x0001afe6       0x11 ./source/semihost_hardfault.o
 .debug_macro   0x0001aff7      0x1e4 ./drivers/fsl_clock.o
 .debug_macro   0x0001b1db      0x121 ./drivers/fsl_dspi.o
 .debug_macro   0x0001b2fc       0x3a ./drivers/fsl_dspi.o
 .debug_macro   0x0001b336      0x121 ./drivers/fsl_gpio.o
 .debug_macro   0x0001b457       0x10 ./drivers/fsl_gpio.o
 .debug_macro   0x0001b467      0x121 ./drivers/fsl_i2c.o
 .debug_macro   0x0001b588       0x1c ./drivers/fsl_i2c.o
 .debug_macro   0x0001b5a4      0x121 ./drivers/fsl_lpuart.o
 .debug_macro   0x0001b6c5       0x10 ./drivers/fsl_lpuart.o
 .debug_macro   0x0001b6d5      0x127 ./drivers/fsl_uart.o
 .debug_macro   0x0001b7fc       0x10 ./drivers/fsl_uart.o
 .debug_macro   0x0001b80c       0x98 ./device/system_MK66F18.o
 .debug_macro   0x0001b8a4      0x16c ./board/board.o
 .debug_macro   0x0001ba10       0x1c ./board/board.o
 .debug_macro   0x0001ba2c      0x153 ./board/clock_config.o
 .debug_macro   0x0001bb7f      0x124 ./board/peripherals.o
 .debug_macro   0x0001bca3      0x127 ./board/pin_mux.o
 .debug_macro   0x0001bdca      0x11b ./accel/fsl_fxos.o
 .debug_macro   0x0001bee5      0xb8d ./accel/fsl_fxos.o

.debug_line     0x00000000     0xa300
 .debug_line    0x00000000      0x3be ./utilities/fsl_assert.o
 .debug_line    0x000003be      0xa61 ./startup/startup_mk66f18.o
 .debug_line    0x00000e1f      0xafa ./source/ecompass_peripheral.o
 .debug_line    0x00001919       0x59 ./source/semihost_hardfault.o
 .debug_line    0x00001972     0x1856 ./drivers/fsl_clock.o
 .debug_line    0x000031c8     0x1801 ./drivers/fsl_dspi.o
 .debug_line    0x000049c9      0x422 ./drivers/fsl_gpio.o
 .debug_line    0x00004deb     0x13ff ./drivers/fsl_i2c.o
 .debug_line    0x000061ea      0xff5 ./drivers/fsl_lpuart.o
 .debug_line    0x000071df     0x1482 ./drivers/fsl_uart.o
 .debug_line    0x00008661      0x436 ./device/system_MK66F18.o
 .debug_line    0x00008a97      0x579 ./board/board.o
 .debug_line    0x00009010      0x4d5 ./board/clock_config.o
 .debug_line    0x000094e5      0x3e4 ./board/peripherals.o
 .debug_line    0x000098c9      0x4da ./board/pin_mux.o
 .debug_line    0x00009da3      0x55d ./accel/fsl_fxos.o

.debug_str      0x00000000    0xc16b9
 .debug_str     0x00000000    0xb5057 ./utilities/fsl_assert.o
                              0xb50f4 (size before relaxing)
 .debug_str     0x000b5057      0x959 ./startup/startup_mk66f18.o
                               0x3808 (size before relaxing)
 .debug_str     0x000b59b0     0x5c41 ./source/ecompass_peripheral.o
                              0xbae39 (size before relaxing)
 .debug_str     0x000bb5f1       0x1f ./source/semihost_hardfault.o
                               0x2e24 (size before relaxing)
 .debug_str     0x000bb610     0x2362 ./drivers/fsl_clock.o
                              0xb7cd0 (size before relaxing)
 .debug_str     0x000bd972      0xd07 ./drivers/fsl_dspi.o
                              0xb7628 (size before relaxing)
 .debug_str     0x000be679       0xe0 ./drivers/fsl_gpio.o
                              0xb58c7 (size before relaxing)
 .debug_str     0x000be759      0xabe ./drivers/fsl_i2c.o
                              0xb6ebd (size before relaxing)
 .debug_str     0x000bf217      0xf8e ./drivers/fsl_lpuart.o
                              0xb71b1 (size before relaxing)
 .debug_str     0x000c01a5      0x9cf ./drivers/fsl_uart.o
                              0xb7122 (size before relaxing)
 .debug_str     0x000c0b74       0xc3 ./device/system_MK66F18.o
                              0xb35d0 (size before relaxing)
 .debug_str     0x000c0c37      0x18a ./board/board.o
                              0xb6699 (size before relaxing)
 .debug_str     0x000c0dc1      0x442 ./board/clock_config.o
                              0xb607a (size before relaxing)
 .debug_str     0x000c1203       0x73 ./board/peripherals.o
                              0xb5b5f (size before relaxing)
 .debug_str     0x000c1276      0x3d6 ./board/pin_mux.o
                              0xb5a0b (size before relaxing)
 .debug_str     0x000c164c       0x6d ./accel/fsl_fxos.o
                              0xb73cf (size before relaxing)

.comment        0x00000000       0x49
 .comment       0x00000000       0x49 ./utilities/fsl_assert.o
                                 0x4a (size before relaxing)
 .comment       0x00000049       0x4a ./startup/startup_mk66f18.o
 .comment       0x00000049       0x4a ./source/ecompass_peripheral.o
 .comment       0x00000049       0x4a ./source/semihost_hardfault.o
 .comment       0x00000049       0x4a ./drivers/fsl_clock.o
 .comment       0x00000049       0x4a ./drivers/fsl_dspi.o
 .comment       0x00000049       0x4a ./drivers/fsl_gpio.o
 .comment       0x00000049       0x4a ./drivers/fsl_i2c.o
 .comment       0x00000049       0x4a ./drivers/fsl_lpuart.o
 .comment       0x00000049       0x4a ./drivers/fsl_uart.o
 .comment       0x00000049       0x4a ./device/system_MK66F18.o
 .comment       0x00000049       0x4a ./board/board.o
 .comment       0x00000049       0x4a ./board/clock_config.o
 .comment       0x00000049       0x4a ./board/peripherals.o
 .comment       0x00000049       0x4a ./board/pin_mux.o
 .comment       0x00000049       0x4a ./accel/fsl_fxos.o
 .comment       0x00000049       0x4a d:/mcuxpressoide_11.5.0_7232/ide/plugins/com.nxp.mcuxpresso.tools.win32_11.5.0.202107051138/tools/bin/../lib/gcc/arm-none-eabi/10.3.1/../../../../arm-none-eabi/lib/thumb/v7e-m+fp/hard\libcr_semihost_nf.a(__ciob.o)
 .comment       0x00000049       0x4a d:/mcuxpressoide_11.5.0_7232/ide/plugins/com.nxp.mcuxpresso.tools.win32_11.5.0.202107051138/tools/bin/../lib/gcc/arm-none-eabi/10.3.1/../../../../arm-none-eabi/lib/thumb/v7e-m+fp/hard\libcr_semihost_nf.a(_cr__main.o)
 .comment       0x00000049       0x4a d:/mcuxpressoide_11.5.0_7232/ide/plugins/com.nxp.mcuxpresso.tools.win32_11.5.0.202107051138/tools/bin/../lib/gcc/arm-none-eabi/10.3.1/../../../../arm-none-eabi/lib/thumb/v7e-m+fp/hard\libcr_c.a(memcpy.o)
 .comment       0x00000049       0x4a d:/mcuxpressoide_11.5.0_7232/ide/plugins/com.nxp.mcuxpresso.tools.win32_11.5.0.202107051138/tools/bin/../lib/gcc/arm-none-eabi/10.3.1/../../../../arm-none-eabi/lib/thumb/v7e-m+fp/hard\libcr_c.a(memset.o)
 .comment       0x00000049       0x4a d:/mcuxpressoide_11.5.0_7232/ide/plugins/com.nxp.mcuxpresso.tools.win32_11.5.0.202107051138/tools/bin/../lib/gcc/arm-none-eabi/10.3.1/../../../../arm-none-eabi/lib/thumb/v7e-m+fp/hard\libcr_c.a(__fillbuf.o)
 .comment       0x00000049       0x4a d:/mcuxpressoide_11.5.0_7232/ide/plugins/com.nxp.mcuxpresso.tools.win32_11.5.0.202107051138/tools/bin/../lib/gcc/arm-none-eabi/10.3.1/../../../../arm-none-eabi/lib/thumb/v7e-m+fp/hard\libcr_c.a(_deferredlazyseek.o)
 .comment       0x00000049       0x4a d:/mcuxpressoide_11.5.0_7232/ide/plugins/com.nxp.mcuxpresso.tools.win32_11.5.0.202107051138/tools/bin/../lib/gcc/arm-none-eabi/10.3.1/../../../../arm-none-eabi/lib/thumb/v7e-m+fp/hard\libcr_c.a(_fflush.o)